==========================================
Analyzing divergent cases (layerwise)
==========================================
Date: Mon Jan 19 11:34:05 UTC 2026
Node: node-23
GPU: NVIDIA H200

================================================================================
LAYERWISE ANALYSIS OF DIVERGENT CASES
================================================================================
Loaded 23 divergent cases

Loading model...
  Using sdpa

Initializing probes...
No cPCA data loaded (linear probes without cPCA)
Loading probe from /workspace-vast/annas/git/research-tools/outputs/probes/emotion_probes/text_based/multiseed/probe_layer20_nc0_seed0.pkl
  Cached probe (layer=20, nc=0, seed=0)
Loading probe from /workspace-vast/annas/git/research-tools/outputs/probes/emotion_probes/text_based/multiseed/probe_layer21_nc0_seed0.pkl
  Cached probe (layer=21, nc=0, seed=0)
Loading probe from /workspace-vast/annas/git/research-tools/outputs/probes/emotion_probes/text_based/multiseed/probe_layer22_nc0_seed0.pkl
  Cached probe (layer=22, nc=0, seed=0)
Loading probe from /workspace-vast/annas/git/research-tools/outputs/probes/emotion_probes/text_based/multiseed/probe_layer23_nc0_seed0.pkl
  Cached probe (layer=23, nc=0, seed=0)
Loading probe from /workspace-vast/annas/git/research-tools/outputs/probes/emotion_probes/text_based/multiseed/probe_layer24_nc0_seed0.pkl
  Cached probe (layer=24, nc=0, seed=0)
Loading probe from /workspace-vast/annas/git/research-tools/outputs/probes/emotion_probes/text_based/multiseed/probe_layer25_nc0_seed0.pkl
  Cached probe (layer=25, nc=0, seed=0)
Loading probe from /workspace-vast/annas/git/research-tools/outputs/probes/emotion_probes/text_based/multiseed/probe_layer26_nc0_seed0.pkl
  Cached probe (layer=26, nc=0, seed=0)
Loading probe from /workspace-vast/annas/git/research-tools/outputs/probes/emotion_probes/text_based/multiseed/probe_layer27_nc0_seed0.pkl
  Cached probe (layer=27, nc=0, seed=0)
Loading probe from /workspace-vast/annas/git/research-tools/outputs/probes/emotion_probes/text_based/multiseed/probe_layer28_nc0_seed0.pkl
  Cached probe (layer=28, nc=0, seed=0)
Loading probe from /workspace-vast/annas/git/research-tools/outputs/probes/emotion_probes/text_based/multiseed/probe_layer29_nc0_seed0.pkl
  Cached probe (layer=29, nc=0, seed=0)
Loading probe from /workspace-vast/annas/git/research-tools/outputs/probes/emotion_probes/text_based/multiseed/probe_layer30_nc0_seed0.pkl
  Cached probe (layer=30, nc=0, seed=0)
Loading probe from /workspace-vast/annas/git/research-tools/outputs/probes/emotion_probes/text_based/multiseed/probe_layer31_nc0_seed0.pkl
  Cached probe (layer=31, nc=0, seed=0)
Loading probe from /workspace-vast/annas/git/research-tools/outputs/probes/emotion_probes/text_based/multiseed/probe_layer32_nc0_seed0.pkl
  Cached probe (layer=32, nc=0, seed=0)
Loading probe from /workspace-vast/annas/git/research-tools/outputs/probes/emotion_probes/text_based/multiseed/probe_layer33_nc0_seed0.pkl
  Cached probe (layer=33, nc=0, seed=0)
Loading probe from /workspace-vast/annas/git/research-tools/outputs/probes/emotion_probes/text_based/multiseed/probe_layer34_nc0_seed0.pkl
  Cached probe (layer=34, nc=0, seed=0)
Loading probe from /workspace-vast/annas/git/research-tools/outputs/probes/emotion_probes/text_based/multiseed/probe_layer35_nc0_seed0.pkl
  Cached probe (layer=35, nc=0, seed=0)
Loading probe from /workspace-vast/annas/git/research-tools/outputs/probes/emotion_probes/text_based/multiseed/probe_layer36_nc0_seed0.pkl
  Cached probe (layer=36, nc=0, seed=0)
Loading probe from /workspace-vast/annas/git/research-tools/outputs/probes/emotion_probes/text_based/multiseed/probe_layer37_nc0_seed0.pkl
  Cached probe (layer=37, nc=0, seed=0)
Loading probe from /workspace-vast/annas/git/research-tools/outputs/probes/emotion_probes/text_based/multiseed/probe_layer38_nc0_seed0.pkl
  Cached probe (layer=38, nc=0, seed=0)
Loading probe from /workspace-vast/annas/git/research-tools/outputs/probes/emotion_probes/text_based/multiseed/probe_layer39_nc0_seed0.pkl
  Cached probe (layer=39, nc=0, seed=0)
Loading probe from /workspace-vast/annas/git/research-tools/outputs/probes/emotion_probes/text_based/multiseed/probe_layer40_nc0_seed0.pkl
  Cached probe (layer=40, nc=0, seed=0)

Initializing logit lens...

Processing divergent cases...

Saved layerwise CSV to: experiments/distress_analysis/divergent_layerwise.csv
Saved formatted analysis to: experiments/distress_analysis/divergent_analysis.txt

================================================================================
SUMMARY: LAYER RANGE DIFFERENCES
================================================================================

HIGH_LOGIT_LOW_PROBE (n=18):
  Range        Mean Probe   Mean Logit    Mean Diff
  ------------------------------------------------
  early              2.25σ       127.46σ       125.21σ
  mid                0.21σ       372.22σ       372.01σ
  late              -4.09σ       355.37σ       359.46σ

HIGH_PROBE_LOW_LOGIT (n=5):
  Range        Mean Probe   Mean Logit    Mean Diff
  ------------------------------------------------
  early              2.83σ        32.93σ        30.10σ
  mid                2.63σ       168.75σ       166.11σ
  late               3.69σ       116.17σ       112.48σ

==========================================
Done!
==========================================
