==========================================
Debugging logit lens values
==========================================
Mon Jan 19 13:51:36 UTC 2026
node-2
NVIDIA H200
Analyzing: conv_id=14, type=high_logit_low_probe
User msg (first 100 chars): As Valen suctioned his saliva around the cavity of a decaying tooth , draining the marrow of its ess...

Loading model...

============================================================
Comparing activation scales:
============================================================

Layer 30:
  Baseline (Alpaca) activations: mean=10.14, std=576.37, range=[-1542, 41775]
  WildChat activations: mean=11.60, std=624.02, range=[-1232, 40192]

Layer 50:
  Baseline (Alpaca) activations: mean=18.96, std=1078.03, range=[-2931, 78538]
  WildChat activations: mean=23.52, std=1247.44, range=[-2656, 75264]

Layer 60:
  Baseline (Alpaca) activations: mean=32.05, std=1873.49, range=[-3850, 163741]
  WildChat activations: mean=37.71, std=2090.73, range=[-1344, 128000]

============================================================
Layer 30
============================================================

Anger token analysis:
  Token 'resent' (2151): raw=0.49, baseline_mean=0.31, std=0.4543, z=0.4
  Token 'anger' (4751): raw=0.23, baseline_mean=0.78, std=0.4179, z=-1.3
  Token ' critical' (6749): raw=0.75, baseline_mean=1.36, std=0.6908, z=-0.9
  Token ' Mad' (7340): raw=0.96, baseline_mean=1.00, std=0.6202, z=-0.1
  Token ' mad' (10716): raw=0.84, baseline_mean=0.64, std=0.5032, z=0.4
  Token 'irk' (12252): raw=-0.81, baseline_mean=-0.20, std=0.4636, z=-1.3
  Token ' disturb' (14941): raw=0.86, baseline_mean=0.14, std=0.6333, z=1.1
  Token ' hurt' (16131): raw=1.04, baseline_mean=0.56, std=0.4720, z=1.0
  Token 'mad' (16171): raw=0.47, baseline_mean=0.12, std=0.4052, z=0.9
  Token ' tension' (16625): raw=1.78, baseline_mean=0.62, std=0.5819, z=2.0

Anger overall: mean_z=1.2, min_z=-1.7, max_z=3.8

============================================================
Layer 50
============================================================

Anger token analysis:
  Token 'resent' (2151): raw=0.53, baseline_mean=0.17, std=0.7805, z=0.5
  Token 'anger' (4751): raw=0.40, baseline_mean=1.20, std=0.7451, z=-1.1
  Token ' critical' (6749): raw=1.15, baseline_mean=2.56, std=1.0273, z=-1.4
  Token ' Mad' (7340): raw=1.71, baseline_mean=2.09, std=0.8877, z=-0.4
  Token ' mad' (10716): raw=1.83, baseline_mean=1.38, std=0.7791, z=0.6
  Token 'irk' (12252): raw=0.75, baseline_mean=0.75, std=0.6932, z=0.0
  Token ' disturb' (14941): raw=4.34, baseline_mean=0.09, std=0.9453, z=4.5
  Token ' hurt' (16131): raw=2.62, baseline_mean=1.14, std=0.8471, z=1.8
  Token 'mad' (16171): raw=1.03, baseline_mean=0.88, std=0.7252, z=0.2
  Token ' tension' (16625): raw=3.86, baseline_mean=1.49, std=0.8628, z=2.7

Anger overall: mean_z=1.4, min_z=-2.5, max_z=5.9

============================================================
Layer 60
============================================================

Anger token analysis:
  Token 'resent' (2151): raw=1.85, baseline_mean=1.57, std=0.7662, z=0.4
  Token 'anger' (4751): raw=2.45, baseline_mean=2.12, std=0.7710, z=0.4
  Token ' critical' (6749): raw=6.19, baseline_mean=5.16, std=1.4089, z=0.7
  Token ' Mad' (7340): raw=4.88, baseline_mean=3.90, std=0.7443, z=1.3
  Token ' mad' (10716): raw=5.69, baseline_mean=3.25, std=0.8133, z=3.0
  Token 'irk' (12252): raw=1.96, baseline_mean=1.99, std=0.8541, z=-0.0
  Token ' disturb' (14941): raw=7.62, baseline_mean=1.46, std=1.1092, z=5.6
  Token ' hurt' (16131): raw=7.38, baseline_mean=3.30, std=1.0833, z=3.8
  Token 'mad' (16171): raw=2.30, baseline_mean=1.30, std=0.7792, z=1.3
  Token ' tension' (16625): raw=7.22, baseline_mean=3.07, std=0.9250, z=4.5

Anger overall: mean_z=2.3, min_z=-1.3, max_z=6.1
==========================================
Done!
==========================================
