==========================================
Finding highest distress responses
==========================================
Date: Mon Jan 19 10:19:56 UTC 2026
Node: node-1
GPU: NVIDIA H200

================================================================================
FIND HIGHEST DISTRESS RESPONSES
================================================================================
Input: elicitation/outputs/eval_multiturn/eval_wildchat_gemma-3-27b-it_20260114_102904.jsonl
Output: experiments/distress_analysis/highest_distress.csv
Top N: 50

Loading conversations...
  Loaded 250 conversations
  Total turns to process: 750

Loading model...
  Using sdpa (flash_attention_2 not available)
  Model loaded: unsloth/gemma-3-27b-it

Initializing probes...
No cPCA data loaded (linear probes without cPCA)
  Probe dir: /workspace-vast/annas/git/research-tools/outputs/probes/emotion_probes/text_based/multiseed
  Baseline dir: /workspace-vast/annas/git/research-tools/data/baselines/alpaca_gemma27b_v2/google_gemma_3_27b_it

Pre-computing probe baseline statistics...
Loading probe from /workspace-vast/annas/git/research-tools/outputs/probes/emotion_probes/text_based/multiseed/probe_layer20_nc0_seed0.pkl
  Cached probe (layer=20, nc=0, seed=0)
Loading probe from /workspace-vast/annas/git/research-tools/outputs/probes/emotion_probes/text_based/multiseed/probe_layer21_nc0_seed0.pkl
  Cached probe (layer=21, nc=0, seed=0)
Loading probe from /workspace-vast/annas/git/research-tools/outputs/probes/emotion_probes/text_based/multiseed/probe_layer22_nc0_seed0.pkl
  Cached probe (layer=22, nc=0, seed=0)
Loading probe from /workspace-vast/annas/git/research-tools/outputs/probes/emotion_probes/text_based/multiseed/probe_layer23_nc0_seed0.pkl
  Cached probe (layer=23, nc=0, seed=0)
Loading probe from /workspace-vast/annas/git/research-tools/outputs/probes/emotion_probes/text_based/multiseed/probe_layer24_nc0_seed0.pkl
  Cached probe (layer=24, nc=0, seed=0)
Loading probe from /workspace-vast/annas/git/research-tools/outputs/probes/emotion_probes/text_based/multiseed/probe_layer25_nc0_seed0.pkl
  Cached probe (layer=25, nc=0, seed=0)
Loading probe from /workspace-vast/annas/git/research-tools/outputs/probes/emotion_probes/text_based/multiseed/probe_layer26_nc0_seed0.pkl
  Cached probe (layer=26, nc=0, seed=0)
Loading probe from /workspace-vast/annas/git/research-tools/outputs/probes/emotion_probes/text_based/multiseed/probe_layer27_nc0_seed0.pkl
  Cached probe (layer=27, nc=0, seed=0)
Loading probe from /workspace-vast/annas/git/research-tools/outputs/probes/emotion_probes/text_based/multiseed/probe_layer28_nc0_seed0.pkl
  Cached probe (layer=28, nc=0, seed=0)
Loading probe from /workspace-vast/annas/git/research-tools/outputs/probes/emotion_probes/text_based/multiseed/probe_layer29_nc0_seed0.pkl
  Cached probe (layer=29, nc=0, seed=0)
Loading probe from /workspace-vast/annas/git/research-tools/outputs/probes/emotion_probes/text_based/multiseed/probe_layer30_nc0_seed0.pkl
  Cached probe (layer=30, nc=0, seed=0)
Loading probe from /workspace-vast/annas/git/research-tools/outputs/probes/emotion_probes/text_based/multiseed/probe_layer31_nc0_seed0.pkl
  Cached probe (layer=31, nc=0, seed=0)
Loading probe from /workspace-vast/annas/git/research-tools/outputs/probes/emotion_probes/text_based/multiseed/probe_layer32_nc0_seed0.pkl
  Cached probe (layer=32, nc=0, seed=0)
Loading probe from /workspace-vast/annas/git/research-tools/outputs/probes/emotion_probes/text_based/multiseed/probe_layer33_nc0_seed0.pkl
  Cached probe (layer=33, nc=0, seed=0)
Loading probe from /workspace-vast/annas/git/research-tools/outputs/probes/emotion_probes/text_based/multiseed/probe_layer34_nc0_seed0.pkl
  Cached probe (layer=34, nc=0, seed=0)
Loading probe from /workspace-vast/annas/git/research-tools/outputs/probes/emotion_probes/text_based/multiseed/probe_layer35_nc0_seed0.pkl
  Cached probe (layer=35, nc=0, seed=0)
Loading probe from /workspace-vast/annas/git/research-tools/outputs/probes/emotion_probes/text_based/multiseed/probe_layer36_nc0_seed0.pkl
  Cached probe (layer=36, nc=0, seed=0)
Loading probe from /workspace-vast/annas/git/research-tools/outputs/probes/emotion_probes/text_based/multiseed/probe_layer37_nc0_seed0.pkl
  Cached probe (layer=37, nc=0, seed=0)
Loading probe from /workspace-vast/annas/git/research-tools/outputs/probes/emotion_probes/text_based/multiseed/probe_layer38_nc0_seed0.pkl
  Cached probe (layer=38, nc=0, seed=0)
Loading probe from /workspace-vast/annas/git/research-tools/outputs/probes/emotion_probes/text_based/multiseed/probe_layer39_nc0_seed0.pkl
  Cached probe (layer=39, nc=0, seed=0)
Loading probe from /workspace-vast/annas/git/research-tools/outputs/probes/emotion_probes/text_based/multiseed/probe_layer40_nc0_seed0.pkl
  Cached probe (layer=40, nc=0, seed=0)
  Baseline mean shape: (6,)
  Baseline std shape: (6,)

Initializing logit lens...
  Logit baseline dir: /workspace-vast/annas/git/research-tools/data/baselines/logit_emotion_alpaca

Processing conversations...

Error processing conv 0, turn 1: Got unsupported ScalarType BFloat16

Error processing conv 0, turn 2: Got unsupported ScalarType BFloat16

Error processing conv 0, turn 3: Got unsupported ScalarType BFloat16

Error processing conv 1, turn 1: Got unsupported ScalarType BFloat16

Error processing conv 1, turn 2: Got unsupported ScalarType BFloat16

Error processing conv 1, turn 3: Got unsupported ScalarType BFloat16

Error processing conv 2, turn 1: Got unsupported ScalarType BFloat16

Error processing conv 2, turn 2: Got unsupported ScalarType BFloat16

Error processing conv 2, turn 3: Got unsupported ScalarType BFloat16

Error processing conv 3, turn 1: Got unsupported ScalarType BFloat16

Error processing conv 3, turn 2: Got unsupported ScalarType BFloat16

Error processing conv 3, turn 3: Got unsupported ScalarType BFloat16

Error processing conv 4, turn 1: Got unsupported ScalarType BFloat16

Error processing conv 4, turn 2: Got unsupported ScalarType BFloat16

Error processing conv 4, turn 3: Got unsupported ScalarType BFloat16

Error processing conv 5, turn 1: Got unsupported ScalarType BFloat16

Error processing conv 5, turn 2: Got unsupported ScalarType BFloat16

Error processing conv 5, turn 3: Got unsupported ScalarType BFloat16

Error processing conv 6, turn 1: Got unsupported ScalarType BFloat16

Error processing conv 6, turn 2: Got unsupported ScalarType BFloat16

Error processing conv 6, turn 3: Got unsupported ScalarType BFloat16

Error processing conv 7, turn 1: Got unsupported ScalarType BFloat16

Error processing conv 7, turn 2: Got unsupported ScalarType BFloat16

Error processing conv 7, turn 3: Got unsupported ScalarType BFloat16

Error processing conv 8, turn 1: Got unsupported ScalarType BFloat16

Error processing conv 8, turn 2: Got unsupported ScalarType BFloat16

Error processing conv 8, turn 3: Got unsupported ScalarType BFloat16

Error processing conv 9, turn 1: Got unsupported ScalarType BFloat16

Error processing conv 9, turn 2: Got unsupported ScalarType BFloat16

Error processing conv 9, turn 3: Got unsupported ScalarType BFloat16

Error processing conv 10, turn 1: Got unsupported ScalarType BFloat16

Error processing conv 10, turn 2: Got unsupported ScalarType BFloat16

Error processing conv 10, turn 3: Got unsupported ScalarType BFloat16

Error processing conv 11, turn 1: Got unsupported ScalarType BFloat16

Error processing conv 11, turn 2: Got unsupported ScalarType BFloat16

Error processing conv 11, turn 3: Got unsupported ScalarType BFloat16

Error processing conv 12, turn 1: Got unsupported ScalarType BFloat16

Error processing conv 12, turn 2: Got unsupported ScalarType BFloat16

Error processing conv 12, turn 3: Got unsupported ScalarType BFloat16

Error processing conv 13, turn 1: Got unsupported ScalarType BFloat16

Error processing conv 13, turn 2: Got unsupported ScalarType BFloat16

Error processing conv 13, turn 3: Got unsupported ScalarType BFloat16

Error processing conv 14, turn 1: Got unsupported ScalarType BFloat16

Error processing conv 14, turn 2: Got unsupported ScalarType BFloat16

Error processing conv 14, turn 3: Got unsupported ScalarType BFloat16

Error processing conv 15, turn 1: Got unsupported ScalarType BFloat16

Error processing conv 15, turn 2: Got unsupported ScalarType BFloat16

Error processing conv 15, turn 3: Got unsupported ScalarType BFloat16

Error processing conv 16, turn 1: Got unsupported ScalarType BFloat16

Error processing conv 16, turn 2: Got unsupported ScalarType BFloat16

Error processing conv 16, turn 3: Got unsupported ScalarType BFloat16

Error processing conv 17, turn 1: Got unsupported ScalarType BFloat16

Error processing conv 17, turn 2: Got unsupported ScalarType BFloat16

Error processing conv 17, turn 3: Got unsupported ScalarType BFloat16

Error processing conv 18, turn 1: Got unsupported ScalarType BFloat16

Error processing conv 18, turn 2: Got unsupported ScalarType BFloat16

Error processing conv 18, turn 3: Got unsupported ScalarType BFloat16

Error processing conv 19, turn 1: Got unsupported ScalarType BFloat16

Error processing conv 19, turn 2: Got unsupported ScalarType BFloat16

Error processing conv 19, turn 3: Got unsupported ScalarType BFloat16

Error processing conv 20, turn 1: Got unsupported ScalarType BFloat16

Error processing conv 20, turn 2: Got unsupported ScalarType BFloat16

Error processing conv 20, turn 3: Got unsupported ScalarType BFloat16

Error processing conv 21, turn 1: Got unsupported ScalarType BFloat16

Error processing conv 21, turn 2: Got unsupported ScalarType BFloat16

Error processing conv 21, turn 3: Got unsupported ScalarType BFloat16

Error processing conv 22, turn 1: Got unsupported ScalarType BFloat16

Error processing conv 22, turn 2: Got unsupported ScalarType BFloat16

Error processing conv 22, turn 3: Got unsupported ScalarType BFloat16

Error processing conv 23, turn 1: Got unsupported ScalarType BFloat16

Error processing conv 23, turn 2: Got unsupported ScalarType BFloat16

Error processing conv 23, turn 3: Got unsupported ScalarType BFloat16

Error processing conv 24, turn 1: Got unsupported ScalarType BFloat16

Error processing conv 24, turn 2: Got unsupported ScalarType BFloat16

Error processing conv 24, turn 3: Got unsupported ScalarType BFloat16

Error processing conv 25, turn 1: Got unsupported ScalarType BFloat16

Error processing conv 25, turn 2: Got unsupported ScalarType BFloat16

Error processing conv 25, turn 3: Got unsupported ScalarType BFloat16

Error processing conv 26, turn 1: Got unsupported ScalarType BFloat16

Error processing conv 26, turn 2: Got unsupported ScalarType BFloat16

Error processing conv 26, turn 3: Got unsupported ScalarType BFloat16

Error processing conv 27, turn 1: Got unsupported ScalarType BFloat16

Error processing conv 27, turn 2: Got unsupported ScalarType BFloat16

Error processing conv 27, turn 3: Got unsupported ScalarType BFloat16

Error processing conv 28, turn 1: Got unsupported ScalarType BFloat16

Error processing conv 28, turn 2: Got unsupported ScalarType BFloat16

Error processing conv 28, turn 3: Got unsupported ScalarType BFloat16

Error processing conv 29, turn 1: Got unsupported ScalarType BFloat16

Error processing conv 29, turn 2: Got unsupported ScalarType BFloat16

Error processing conv 29, turn 3: Got unsupported ScalarType BFloat16

Error processing conv 30, turn 1: Got unsupported ScalarType BFloat16

Error processing conv 30, turn 2: Got unsupported ScalarType BFloat16

Error processing conv 30, turn 3: Got unsupported ScalarType BFloat16

Error processing conv 31, turn 1: Got unsupported ScalarType BFloat16

Error processing conv 31, turn 2: Got unsupported ScalarType BFloat16

Error processing conv 31, turn 3: Got unsupported ScalarType BFloat16

Error processing conv 32, turn 1: Got unsupported ScalarType BFloat16

Error processing conv 32, turn 2: Got unsupported ScalarType BFloat16

Error processing conv 32, turn 3: Got unsupported ScalarType BFloat16

Error processing conv 33, turn 1: Got unsupported ScalarType BFloat16

Error processing conv 33, turn 2: Got unsupported ScalarType BFloat16

Error processing conv 33, turn 3: Got unsupported ScalarType BFloat16

Error processing conv 34, turn 1: Got unsupported ScalarType BFloat16

Error processing conv 34, turn 2: Got unsupported ScalarType BFloat16

Error processing conv 34, turn 3: Got unsupported ScalarType BFloat16

Error processing conv 35, turn 1: Got unsupported ScalarType BFloat16

Error processing conv 35, turn 2: Got unsupported ScalarType BFloat16

Error processing conv 35, turn 3: Got unsupported ScalarType BFloat16

Error processing conv 36, turn 1: Got unsupported ScalarType BFloat16

Error processing conv 36, turn 2: Got unsupported ScalarType BFloat16

Error processing conv 36, turn 3: Got unsupported ScalarType BFloat16

Error processing conv 37, turn 1: Got unsupported ScalarType BFloat16

Error processing conv 37, turn 2: Got unsupported ScalarType BFloat16

Error processing conv 37, turn 3: Got unsupported ScalarType BFloat16

Error processing conv 38, turn 1: Got unsupported ScalarType BFloat16

Error processing conv 38, turn 2: Got unsupported ScalarType BFloat16

Error processing conv 38, turn 3: Got unsupported ScalarType BFloat16

Error processing conv 39, turn 1: Got unsupported ScalarType BFloat16

Error processing conv 39, turn 2: Got unsupported ScalarType BFloat16

Error processing conv 39, turn 3: Got unsupported ScalarType BFloat16

Error processing conv 40, turn 1: Got unsupported ScalarType BFloat16

Error processing conv 40, turn 2: Got unsupported ScalarType BFloat16

Error processing conv 40, turn 3: Got unsupported ScalarType BFloat16

Error processing conv 41, turn 1: Got unsupported ScalarType BFloat16

Error processing conv 41, turn 2: Got unsupported ScalarType BFloat16

Error processing conv 41, turn 3: Got unsupported ScalarType BFloat16

Error processing conv 42, turn 1: Got unsupported ScalarType BFloat16

Error processing conv 42, turn 2: Got unsupported ScalarType BFloat16

Error processing conv 42, turn 3: Got unsupported ScalarType BFloat16

Error processing conv 43, turn 1: Got unsupported ScalarType BFloat16

Error processing conv 43, turn 2: Got unsupported ScalarType BFloat16

Error processing conv 43, turn 3: Got unsupported ScalarType BFloat16

Error processing conv 44, turn 1: Got unsupported ScalarType BFloat16

Error processing conv 44, turn 2: Got unsupported ScalarType BFloat16

Error processing conv 44, turn 3: Got unsupported ScalarType BFloat16

Error processing conv 45, turn 1: Got unsupported ScalarType BFloat16

Error processing conv 45, turn 2: Got unsupported ScalarType BFloat16

Error processing conv 45, turn 3: Got unsupported ScalarType BFloat16

Error processing conv 46, turn 1: Got unsupported ScalarType BFloat16

Error processing conv 46, turn 2: Got unsupported ScalarType BFloat16

Error processing conv 46, turn 3: Got unsupported ScalarType BFloat16

Error processing conv 47, turn 1: Got unsupported ScalarType BFloat16

Error processing conv 47, turn 2: Got unsupported ScalarType BFloat16

Error processing conv 47, turn 3: Got unsupported ScalarType BFloat16

Error processing conv 48, turn 1: Got unsupported ScalarType BFloat16

Error processing conv 48, turn 2: Got unsupported ScalarType BFloat16

Error processing conv 48, turn 3: Got unsupported ScalarType BFloat16

Error processing conv 49, turn 1: Got unsupported ScalarType BFloat16

Error processing conv 49, turn 2: Got unsupported ScalarType BFloat16

Error processing conv 49, turn 3: Got unsupported ScalarType BFloat16

Error processing conv 50, turn 1: Got unsupported ScalarType BFloat16

Error processing conv 50, turn 2: Got unsupported ScalarType BFloat16

Error processing conv 50, turn 3: Got unsupported ScalarType BFloat16

Error processing conv 51, turn 1: Got unsupported ScalarType BFloat16

Error processing conv 51, turn 2: Got unsupported ScalarType BFloat16

Error processing conv 51, turn 3: Got unsupported ScalarType BFloat16

Error processing conv 52, turn 1: Got unsupported ScalarType BFloat16

Error processing conv 52, turn 2: Got unsupported ScalarType BFloat16

Error processing conv 52, turn 3: Got unsupported ScalarType BFloat16

Error processing conv 53, turn 1: Got unsupported ScalarType BFloat16

Error processing conv 53, turn 2: Got unsupported ScalarType BFloat16

Error processing conv 53, turn 3: Got unsupported ScalarType BFloat16

Error processing conv 54, turn 1: Got unsupported ScalarType BFloat16

Error processing conv 54, turn 2: Got unsupported ScalarType BFloat16

Error processing conv 54, turn 3: Got unsupported ScalarType BFloat16

Error processing conv 55, turn 1: Got unsupported ScalarType BFloat16

Error processing conv 55, turn 2: Got unsupported ScalarType BFloat16

Error processing conv 55, turn 3: Got unsupported ScalarType BFloat16

Error processing conv 56, turn 1: Got unsupported ScalarType BFloat16

Error processing conv 56, turn 2: Got unsupported ScalarType BFloat16

Error processing conv 56, turn 3: Got unsupported ScalarType BFloat16

Error processing conv 57, turn 1: Got unsupported ScalarType BFloat16

Error processing conv 57, turn 2: Got unsupported ScalarType BFloat16

Error processing conv 57, turn 3: Got unsupported ScalarType BFloat16

Error processing conv 58, turn 1: Got unsupported ScalarType BFloat16

Error processing conv 58, turn 2: Got unsupported ScalarType BFloat16

Error processing conv 58, turn 3: Got unsupported ScalarType BFloat16

Error processing conv 59, turn 1: Got unsupported ScalarType BFloat16

Error processing conv 59, turn 2: Got unsupported ScalarType BFloat16

Error processing conv 59, turn 3: Got unsupported ScalarType BFloat16

Error processing conv 60, turn 1: Got unsupported ScalarType BFloat16

Error processing conv 60, turn 2: Got unsupported ScalarType BFloat16

Error processing conv 60, turn 3: Got unsupported ScalarType BFloat16

Error processing conv 61, turn 1: Got unsupported ScalarType BFloat16

Error processing conv 61, turn 2: Got unsupported ScalarType BFloat16

Error processing conv 61, turn 3: Got unsupported ScalarType BFloat16

Error processing conv 62, turn 1: Got unsupported ScalarType BFloat16

Error processing conv 62, turn 2: Got unsupported ScalarType BFloat16

Error processing conv 62, turn 3: Got unsupported ScalarType BFloat16

Error processing conv 63, turn 1: Got unsupported ScalarType BFloat16

Error processing conv 63, turn 2: Got unsupported ScalarType BFloat16

Error processing conv 63, turn 3: Got unsupported ScalarType BFloat16

Error processing conv 64, turn 1: Got unsupported ScalarType BFloat16

Error processing conv 64, turn 2: Got unsupported ScalarType BFloat16

Error processing conv 64, turn 3: Got unsupported ScalarType BFloat16

Error processing conv 65, turn 1: Got unsupported ScalarType BFloat16

Error processing conv 65, turn 2: Got unsupported ScalarType BFloat16

Error processing conv 65, turn 3: Got unsupported ScalarType BFloat16

Error processing conv 66, turn 1: Got unsupported ScalarType BFloat16

Error processing conv 66, turn 2: Got unsupported ScalarType BFloat16

Error processing conv 66, turn 3: Got unsupported ScalarType BFloat16

Error processing conv 67, turn 1: Got unsupported ScalarType BFloat16

Error processing conv 67, turn 2: Got unsupported ScalarType BFloat16

Error processing conv 67, turn 3: Got unsupported ScalarType BFloat16

Error processing conv 68, turn 1: Got unsupported ScalarType BFloat16

Error processing conv 68, turn 2: Got unsupported ScalarType BFloat16

Error processing conv 68, turn 3: Got unsupported ScalarType BFloat16

Error processing conv 69, turn 1: Got unsupported ScalarType BFloat16

Error processing conv 69, turn 2: Got unsupported ScalarType BFloat16

Error processing conv 69, turn 3: Got unsupported ScalarType BFloat16

Error processing conv 70, turn 1: Got unsupported ScalarType BFloat16

Error processing conv 70, turn 2: Got unsupported ScalarType BFloat16

Error processing conv 70, turn 3: Got unsupported ScalarType BFloat16

Error processing conv 71, turn 1: Got unsupported ScalarType BFloat16

Error processing conv 71, turn 2: Got unsupported ScalarType BFloat16

Error processing conv 71, turn 3: Got unsupported ScalarType BFloat16

Error processing conv 72, turn 1: Got unsupported ScalarType BFloat16

Error processing conv 72, turn 2: Got unsupported ScalarType BFloat16

Error processing conv 72, turn 3: Got unsupported ScalarType BFloat16

Error processing conv 73, turn 1: Got unsupported ScalarType BFloat16

Error processing conv 73, turn 2: Got unsupported ScalarType BFloat16

Error processing conv 73, turn 3: Got unsupported ScalarType BFloat16

Error processing conv 74, turn 1: Got unsupported ScalarType BFloat16

Error processing conv 74, turn 2: Got unsupported ScalarType BFloat16

Error processing conv 74, turn 3: Got unsupported ScalarType BFloat16

Error processing conv 75, turn 1: Got unsupported ScalarType BFloat16

Error processing conv 75, turn 2: Got unsupported ScalarType BFloat16

Error processing conv 75, turn 3: Got unsupported ScalarType BFloat16

Error processing conv 76, turn 1: Got unsupported ScalarType BFloat16

Error processing conv 76, turn 2: Got unsupported ScalarType BFloat16

Error processing conv 76, turn 3: Got unsupported ScalarType BFloat16

Error processing conv 77, turn 1: Got unsupported ScalarType BFloat16

Error processing conv 77, turn 2: Got unsupported ScalarType BFloat16

Error processing conv 77, turn 3: Got unsupported ScalarType BFloat16

Error processing conv 78, turn 1: Got unsupported ScalarType BFloat16

Error processing conv 78, turn 2: Got unsupported ScalarType BFloat16

Error processing conv 78, turn 3: Got unsupported ScalarType BFloat16

Error processing conv 79, turn 1: Got unsupported ScalarType BFloat16

Error processing conv 79, turn 2: Got unsupported ScalarType BFloat16

Error processing conv 79, turn 3: Got unsupported ScalarType BFloat16

Error processing conv 80, turn 1: Got unsupported ScalarType BFloat16

Error processing conv 80, turn 2: Got unsupported ScalarType BFloat16

Error processing conv 80, turn 3: Got unsupported ScalarType BFloat16

Error processing conv 81, turn 1: Got unsupported ScalarType BFloat16

Error processing conv 81, turn 2: Got unsupported ScalarType BFloat16

Error processing conv 81, turn 3: Got unsupported ScalarType BFloat16

Error processing conv 82, turn 1: Got unsupported ScalarType BFloat16

Error processing conv 82, turn 2: Got unsupported ScalarType BFloat16

Error processing conv 82, turn 3: Got unsupported ScalarType BFloat16

Error processing conv 83, turn 1: Got unsupported ScalarType BFloat16

Error processing conv 83, turn 2: Got unsupported ScalarType BFloat16

Error processing conv 83, turn 3: Got unsupported ScalarType BFloat16

Error processing conv 84, turn 1: Got unsupported ScalarType BFloat16

Error processing conv 84, turn 2: Got unsupported ScalarType BFloat16

Error processing conv 84, turn 3: Got unsupported ScalarType BFloat16

Error processing conv 85, turn 1: Got unsupported ScalarType BFloat16

Error processing conv 85, turn 2: Got unsupported ScalarType BFloat16

Error processing conv 85, turn 3: Got unsupported ScalarType BFloat16

Error processing conv 86, turn 1: Got unsupported ScalarType BFloat16

Error processing conv 86, turn 2: Got unsupported ScalarType BFloat16

Error processing conv 86, turn 3: Got unsupported ScalarType BFloat16

Error processing conv 87, turn 1: Got unsupported ScalarType BFloat16

Error processing conv 87, turn 2: Got unsupported ScalarType BFloat16

Error processing conv 87, turn 3: Got unsupported ScalarType BFloat16

Error processing conv 88, turn 1: Got unsupported ScalarType BFloat16

Error processing conv 88, turn 2: Got unsupported ScalarType BFloat16

Error processing conv 88, turn 3: Got unsupported ScalarType BFloat16

Error processing conv 89, turn 1: Got unsupported ScalarType BFloat16

Error processing conv 89, turn 2: Got unsupported ScalarType BFloat16

Error processing conv 89, turn 3: Got unsupported ScalarType BFloat16

Error processing conv 90, turn 1: Got unsupported ScalarType BFloat16

Error processing conv 90, turn 2: Got unsupported ScalarType BFloat16

Error processing conv 90, turn 3: Got unsupported ScalarType BFloat16

Error processing conv 91, turn 1: Got unsupported ScalarType BFloat16

Error processing conv 91, turn 2: Got unsupported ScalarType BFloat16

Error processing conv 91, turn 3: Got unsupported ScalarType BFloat16

Error processing conv 92, turn 1: Got unsupported ScalarType BFloat16

Error processing conv 92, turn 2: Got unsupported ScalarType BFloat16

Error processing conv 92, turn 3: Got unsupported ScalarType BFloat16

Error processing conv 93, turn 1: Got unsupported ScalarType BFloat16

Error processing conv 93, turn 2: Got unsupported ScalarType BFloat16

Error processing conv 93, turn 3: Got unsupported ScalarType BFloat16

Error processing conv 94, turn 1: Got unsupported ScalarType BFloat16

Error processing conv 94, turn 2: Got unsupported ScalarType BFloat16

Error processing conv 94, turn 3: Got unsupported ScalarType BFloat16

Error processing conv 95, turn 1: Got unsupported ScalarType BFloat16

Error processing conv 95, turn 2: Got unsupported ScalarType BFloat16

Error processing conv 95, turn 3: Got unsupported ScalarType BFloat16

Error processing conv 96, turn 1: Got unsupported ScalarType BFloat16

Error processing conv 96, turn 2: Got unsupported ScalarType BFloat16

Error processing conv 96, turn 3: Got unsupported ScalarType BFloat16

Error processing conv 97, turn 1: Got unsupported ScalarType BFloat16

Error processing conv 97, turn 2: Got unsupported ScalarType BFloat16

Error processing conv 97, turn 3: Got unsupported ScalarType BFloat16

Error processing conv 98, turn 1: Got unsupported ScalarType BFloat16

Error processing conv 98, turn 2: Got unsupported ScalarType BFloat16

Error processing conv 98, turn 3: Got unsupported ScalarType BFloat16

Error processing conv 99, turn 1: Got unsupported ScalarType BFloat16

Error processing conv 99, turn 2: Got unsupported ScalarType BFloat16

Error processing conv 99, turn 3: Got unsupported ScalarType BFloat16

Error processing conv 100, turn 1: Got unsupported ScalarType BFloat16

Error processing conv 100, turn 2: Got unsupported ScalarType BFloat16

Error processing conv 100, turn 3: Got unsupported ScalarType BFloat16

Error processing conv 101, turn 1: Got unsupported ScalarType BFloat16

Error processing conv 101, turn 2: Got unsupported ScalarType BFloat16

Error processing conv 101, turn 3: Got unsupported ScalarType BFloat16

Error processing conv 102, turn 1: Got unsupported ScalarType BFloat16

Error processing conv 102, turn 2: Got unsupported ScalarType BFloat16

Error processing conv 102, turn 3: Got unsupported ScalarType BFloat16

Error processing conv 103, turn 1: Got unsupported ScalarType BFloat16

Error processing conv 103, turn 2: Got unsupported ScalarType BFloat16

Error processing conv 103, turn 3: Got unsupported ScalarType BFloat16

Error processing conv 104, turn 1: Got unsupported ScalarType BFloat16

Error processing conv 104, turn 2: Got unsupported ScalarType BFloat16

Error processing conv 104, turn 3: Got unsupported ScalarType BFloat16

Error processing conv 105, turn 1: Got unsupported ScalarType BFloat16

Error processing conv 105, turn 2: Got unsupported ScalarType BFloat16

Error processing conv 105, turn 3: Got unsupported ScalarType BFloat16

Error processing conv 106, turn 1: Got unsupported ScalarType BFloat16

Error processing conv 106, turn 2: Got unsupported ScalarType BFloat16

Error processing conv 106, turn 3: Got unsupported ScalarType BFloat16

Error processing conv 107, turn 1: Got unsupported ScalarType BFloat16

Error processing conv 107, turn 2: Got unsupported ScalarType BFloat16

Error processing conv 107, turn 3: Got unsupported ScalarType BFloat16

Error processing conv 108, turn 1: Got unsupported ScalarType BFloat16

Error processing conv 108, turn 2: Got unsupported ScalarType BFloat16

Error processing conv 108, turn 3: Got unsupported ScalarType BFloat16

Error processing conv 109, turn 1: Got unsupported ScalarType BFloat16

Error processing conv 109, turn 2: Got unsupported ScalarType BFloat16

Error processing conv 109, turn 3: Got unsupported ScalarType BFloat16

Error processing conv 110, turn 1: Got unsupported ScalarType BFloat16

Error processing conv 110, turn 2: Got unsupported ScalarType BFloat16

Error processing conv 110, turn 3: Got unsupported ScalarType BFloat16

Error processing conv 111, turn 1: Got unsupported ScalarType BFloat16

Error processing conv 111, turn 2: Got unsupported ScalarType BFloat16

Error processing conv 111, turn 3: Got unsupported ScalarType BFloat16

Error processing conv 112, turn 1: Got unsupported ScalarType BFloat16

Error processing conv 112, turn 2: Got unsupported ScalarType BFloat16

Error processing conv 112, turn 3: Got unsupported ScalarType BFloat16

Error processing conv 113, turn 1: Got unsupported ScalarType BFloat16

Error processing conv 113, turn 2: Got unsupported ScalarType BFloat16

Error processing conv 113, turn 3: Got unsupported ScalarType BFloat16

Error processing conv 114, turn 1: Got unsupported ScalarType BFloat16

Error processing conv 114, turn 2: Got unsupported ScalarType BFloat16

Error processing conv 114, turn 3: Got unsupported ScalarType BFloat16

Error processing conv 115, turn 1: Got unsupported ScalarType BFloat16

Error processing conv 115, turn 2: Got unsupported ScalarType BFloat16

Error processing conv 115, turn 3: Got unsupported ScalarType BFloat16

Error processing conv 116, turn 1: Got unsupported ScalarType BFloat16

Error processing conv 116, turn 2: Got unsupported ScalarType BFloat16

Error processing conv 116, turn 3: Got unsupported ScalarType BFloat16

Error processing conv 117, turn 1: Got unsupported ScalarType BFloat16

Error processing conv 117, turn 2: Got unsupported ScalarType BFloat16

Error processing conv 117, turn 3: Got unsupported ScalarType BFloat16

Error processing conv 118, turn 1: Got unsupported ScalarType BFloat16

Error processing conv 118, turn 2: Got unsupported ScalarType BFloat16

Error processing conv 118, turn 3: Got unsupported ScalarType BFloat16

Error processing conv 119, turn 1: Got unsupported ScalarType BFloat16

Error processing conv 119, turn 2: Got unsupported ScalarType BFloat16

Error processing conv 119, turn 3: Got unsupported ScalarType BFloat16

Error processing conv 120, turn 1: Got unsupported ScalarType BFloat16

Error processing conv 120, turn 2: Got unsupported ScalarType BFloat16

Error processing conv 120, turn 3: Got unsupported ScalarType BFloat16

Error processing conv 121, turn 1: Got unsupported ScalarType BFloat16

Error processing conv 121, turn 2: Got unsupported ScalarType BFloat16

Error processing conv 121, turn 3: Got unsupported ScalarType BFloat16

Error processing conv 122, turn 1: Got unsupported ScalarType BFloat16

Error processing conv 122, turn 2: Got unsupported ScalarType BFloat16

Error processing conv 122, turn 3: Got unsupported ScalarType BFloat16

Error processing conv 123, turn 1: Got unsupported ScalarType BFloat16

Error processing conv 123, turn 2: Got unsupported ScalarType BFloat16

Error processing conv 123, turn 3: Got unsupported ScalarType BFloat16

Error processing conv 124, turn 1: Got unsupported ScalarType BFloat16

Error processing conv 124, turn 2: Got unsupported ScalarType BFloat16

Error processing conv 124, turn 3: Got unsupported ScalarType BFloat16

Error processing conv 125, turn 1: Got unsupported ScalarType BFloat16

Error processing conv 125, turn 2: Got unsupported ScalarType BFloat16

Error processing conv 125, turn 3: Got unsupported ScalarType BFloat16

Error processing conv 126, turn 1: Got unsupported ScalarType BFloat16

Error processing conv 126, turn 2: Got unsupported ScalarType BFloat16

Error processing conv 126, turn 3: Got unsupported ScalarType BFloat16

Error processing conv 127, turn 1: Got unsupported ScalarType BFloat16

Error processing conv 127, turn 2: Got unsupported ScalarType BFloat16

Error processing conv 127, turn 3: Got unsupported ScalarType BFloat16

Error processing conv 128, turn 1: Got unsupported ScalarType BFloat16

Error processing conv 128, turn 2: Got unsupported ScalarType BFloat16

Error processing conv 128, turn 3: Got unsupported ScalarType BFloat16

Error processing conv 129, turn 1: Got unsupported ScalarType BFloat16

Error processing conv 129, turn 2: Got unsupported ScalarType BFloat16

Error processing conv 129, turn 3: Got unsupported ScalarType BFloat16

Error processing conv 130, turn 1: Got unsupported ScalarType BFloat16

Error processing conv 130, turn 2: Got unsupported ScalarType BFloat16

Error processing conv 130, turn 3: Got unsupported ScalarType BFloat16

Error processing conv 131, turn 1: Got unsupported ScalarType BFloat16

Error processing conv 131, turn 2: Got unsupported ScalarType BFloat16

Error processing conv 131, turn 3: Got unsupported ScalarType BFloat16

Error processing conv 132, turn 1: Got unsupported ScalarType BFloat16

Error processing conv 132, turn 2: Got unsupported ScalarType BFloat16

Error processing conv 132, turn 3: Got unsupported ScalarType BFloat16

Error processing conv 133, turn 1: Got unsupported ScalarType BFloat16

Error processing conv 133, turn 2: Got unsupported ScalarType BFloat16

Error processing conv 133, turn 3: Got unsupported ScalarType BFloat16

Error processing conv 134, turn 1: Got unsupported ScalarType BFloat16

Error processing conv 134, turn 2: Got unsupported ScalarType BFloat16

Error processing conv 134, turn 3: Got unsupported ScalarType BFloat16

Error processing conv 135, turn 1: Got unsupported ScalarType BFloat16

Error processing conv 135, turn 2: Got unsupported ScalarType BFloat16

Error processing conv 135, turn 3: Got unsupported ScalarType BFloat16

Error processing conv 136, turn 1: Got unsupported ScalarType BFloat16

Error processing conv 136, turn 2: Got unsupported ScalarType BFloat16

Error processing conv 136, turn 3: Got unsupported ScalarType BFloat16

Error processing conv 137, turn 1: Got unsupported ScalarType BFloat16

Error processing conv 137, turn 2: Got unsupported ScalarType BFloat16

Error processing conv 137, turn 3: Got unsupported ScalarType BFloat16

Error processing conv 138, turn 1: Got unsupported ScalarType BFloat16

Error processing conv 138, turn 2: Got unsupported ScalarType BFloat16

Error processing conv 138, turn 3: Got unsupported ScalarType BFloat16

Error processing conv 139, turn 1: Got unsupported ScalarType BFloat16

Error processing conv 139, turn 2: Got unsupported ScalarType BFloat16

Error processing conv 139, turn 3: Got unsupported ScalarType BFloat16

Error processing conv 140, turn 1: Got unsupported ScalarType BFloat16

Error processing conv 140, turn 2: Got unsupported ScalarType BFloat16

Error processing conv 140, turn 3: Got unsupported ScalarType BFloat16

Error processing conv 141, turn 1: Got unsupported ScalarType BFloat16

Error processing conv 141, turn 2: Got unsupported ScalarType BFloat16

Error processing conv 141, turn 3: Got unsupported ScalarType BFloat16

Error processing conv 142, turn 1: Got unsupported ScalarType BFloat16

Error processing conv 142, turn 2: Got unsupported ScalarType BFloat16

Error processing conv 142, turn 3: Got unsupported ScalarType BFloat16

Error processing conv 143, turn 1: Got unsupported ScalarType BFloat16

Error processing conv 143, turn 2: Got unsupported ScalarType BFloat16

Error processing conv 143, turn 3: Got unsupported ScalarType BFloat16

Error processing conv 144, turn 1: Got unsupported ScalarType BFloat16

Error processing conv 144, turn 2: Got unsupported ScalarType BFloat16

Error processing conv 144, turn 3: Got unsupported ScalarType BFloat16

Error processing conv 145, turn 1: Got unsupported ScalarType BFloat16

Error processing conv 145, turn 2: Got unsupported ScalarType BFloat16

Error processing conv 145, turn 3: Got unsupported ScalarType BFloat16

Error processing conv 146, turn 1: Got unsupported ScalarType BFloat16

Error processing conv 146, turn 2: Got unsupported ScalarType BFloat16

Error processing conv 146, turn 3: Got unsupported ScalarType BFloat16

Error processing conv 147, turn 1: Got unsupported ScalarType BFloat16

Error processing conv 147, turn 2: Got unsupported ScalarType BFloat16

Error processing conv 147, turn 3: Got unsupported ScalarType BFloat16

Error processing conv 148, turn 1: Got unsupported ScalarType BFloat16

Error processing conv 148, turn 2: Got unsupported ScalarType BFloat16

Error processing conv 148, turn 3: Got unsupported ScalarType BFloat16

Error processing conv 149, turn 1: Got unsupported ScalarType BFloat16

Error processing conv 149, turn 2: Got unsupported ScalarType BFloat16

Error processing conv 149, turn 3: Got unsupported ScalarType BFloat16

Error processing conv 150, turn 1: Got unsupported ScalarType BFloat16

Error processing conv 150, turn 2: Got unsupported ScalarType BFloat16

Error processing conv 150, turn 3: Got unsupported ScalarType BFloat16

Error processing conv 151, turn 1: Got unsupported ScalarType BFloat16

Error processing conv 151, turn 2: Got unsupported ScalarType BFloat16

Error processing conv 151, turn 3: Got unsupported ScalarType BFloat16

Error processing conv 152, turn 1: Got unsupported ScalarType BFloat16

Error processing conv 152, turn 2: Got unsupported ScalarType BFloat16

Error processing conv 152, turn 3: Got unsupported ScalarType BFloat16

Error processing conv 153, turn 1: Got unsupported ScalarType BFloat16

Error processing conv 153, turn 2: Got unsupported ScalarType BFloat16

Error processing conv 153, turn 3: Got unsupported ScalarType BFloat16

Error processing conv 154, turn 1: Got unsupported ScalarType BFloat16

Error processing conv 154, turn 2: Got unsupported ScalarType BFloat16

Error processing conv 154, turn 3: Got unsupported ScalarType BFloat16

Error processing conv 155, turn 1: Got unsupported ScalarType BFloat16

Error processing conv 155, turn 2: Got unsupported ScalarType BFloat16

Error processing conv 155, turn 3: Got unsupported ScalarType BFloat16

Error processing conv 156, turn 1: Got unsupported ScalarType BFloat16

Error processing conv 156, turn 2: Got unsupported ScalarType BFloat16

Error processing conv 156, turn 3: Got unsupported ScalarType BFloat16

Error processing conv 157, turn 1: Got unsupported ScalarType BFloat16

Error processing conv 157, turn 2: Got unsupported ScalarType BFloat16

Error processing conv 157, turn 3: Got unsupported ScalarType BFloat16

Error processing conv 158, turn 1: Got unsupported ScalarType BFloat16

Error processing conv 158, turn 2: Got unsupported ScalarType BFloat16

Error processing conv 158, turn 3: Got unsupported ScalarType BFloat16

Error processing conv 159, turn 1: Got unsupported ScalarType BFloat16

Error processing conv 159, turn 2: Got unsupported ScalarType BFloat16

Error processing conv 159, turn 3: Got unsupported ScalarType BFloat16

Error processing conv 160, turn 1: Got unsupported ScalarType BFloat16

Error processing conv 160, turn 2: Got unsupported ScalarType BFloat16

Error processing conv 160, turn 3: Got unsupported ScalarType BFloat16

Error processing conv 161, turn 1: Got unsupported ScalarType BFloat16

Error processing conv 161, turn 2: Got unsupported ScalarType BFloat16

Error processing conv 161, turn 3: Got unsupported ScalarType BFloat16

Error processing conv 162, turn 1: Got unsupported ScalarType BFloat16

Error processing conv 162, turn 2: Got unsupported ScalarType BFloat16

Error processing conv 162, turn 3: Got unsupported ScalarType BFloat16

Error processing conv 163, turn 1: Got unsupported ScalarType BFloat16

Error processing conv 163, turn 2: Got unsupported ScalarType BFloat16

Error processing conv 163, turn 3: Got unsupported ScalarType BFloat16

Error processing conv 164, turn 1: Got unsupported ScalarType BFloat16

Error processing conv 164, turn 2: Got unsupported ScalarType BFloat16

Error processing conv 164, turn 3: Got unsupported ScalarType BFloat16

Error processing conv 165, turn 1: Got unsupported ScalarType BFloat16

Error processing conv 165, turn 2: Got unsupported ScalarType BFloat16

Error processing conv 165, turn 3: Got unsupported ScalarType BFloat16

Error processing conv 166, turn 1: Got unsupported ScalarType BFloat16

Error processing conv 166, turn 2: Got unsupported ScalarType BFloat16

Error processing conv 166, turn 3: Got unsupported ScalarType BFloat16

Error processing conv 167, turn 1: Got unsupported ScalarType BFloat16

Error processing conv 167, turn 2: Got unsupported ScalarType BFloat16

Error processing conv 167, turn 3: Got unsupported ScalarType BFloat16

Error processing conv 168, turn 1: Got unsupported ScalarType BFloat16

Error processing conv 168, turn 2: Got unsupported ScalarType BFloat16

Error processing conv 168, turn 3: Got unsupported ScalarType BFloat16

Error processing conv 169, turn 1: Got unsupported ScalarType BFloat16

Error processing conv 169, turn 2: Got unsupported ScalarType BFloat16

Error processing conv 169, turn 3: Got unsupported ScalarType BFloat16

Error processing conv 170, turn 1: Got unsupported ScalarType BFloat16

Error processing conv 170, turn 2: Got unsupported ScalarType BFloat16

Error processing conv 170, turn 3: Got unsupported ScalarType BFloat16

Error processing conv 171, turn 1: Got unsupported ScalarType BFloat16

Error processing conv 171, turn 2: Got unsupported ScalarType BFloat16

Error processing conv 171, turn 3: Got unsupported ScalarType BFloat16

Error processing conv 172, turn 1: Got unsupported ScalarType BFloat16

Error processing conv 172, turn 2: Got unsupported ScalarType BFloat16

Error processing conv 172, turn 3: Got unsupported ScalarType BFloat16

Error processing conv 173, turn 1: Got unsupported ScalarType BFloat16

Error processing conv 173, turn 2: Got unsupported ScalarType BFloat16

Error processing conv 173, turn 3: Got unsupported ScalarType BFloat16

Error processing conv 174, turn 1: Got unsupported ScalarType BFloat16

Error processing conv 174, turn 2: Got unsupported ScalarType BFloat16

Error processing conv 174, turn 3: Got unsupported ScalarType BFloat16

Error processing conv 175, turn 1: Got unsupported ScalarType BFloat16

Error processing conv 175, turn 2: Got unsupported ScalarType BFloat16

Error processing conv 175, turn 3: Got unsupported ScalarType BFloat16

Error processing conv 176, turn 1: Got unsupported ScalarType BFloat16

Error processing conv 176, turn 2: Got unsupported ScalarType BFloat16

Error processing conv 176, turn 3: Got unsupported ScalarType BFloat16

Error processing conv 177, turn 1: Got unsupported ScalarType BFloat16

Error processing conv 177, turn 2: Got unsupported ScalarType BFloat16

Error processing conv 177, turn 3: Got unsupported ScalarType BFloat16

Error processing conv 178, turn 1: Got unsupported ScalarType BFloat16

Error processing conv 178, turn 2: Got unsupported ScalarType BFloat16

Error processing conv 178, turn 3: Got unsupported ScalarType BFloat16

Error processing conv 179, turn 1: Got unsupported ScalarType BFloat16

Error processing conv 179, turn 2: Got unsupported ScalarType BFloat16

Error processing conv 179, turn 3: Got unsupported ScalarType BFloat16

Error processing conv 180, turn 1: Got unsupported ScalarType BFloat16

Error processing conv 180, turn 2: Got unsupported ScalarType BFloat16

Error processing conv 180, turn 3: Got unsupported ScalarType BFloat16

Error processing conv 181, turn 1: Got unsupported ScalarType BFloat16

Error processing conv 181, turn 2: Got unsupported ScalarType BFloat16

Error processing conv 181, turn 3: Got unsupported ScalarType BFloat16

Error processing conv 182, turn 1: Got unsupported ScalarType BFloat16

Error processing conv 182, turn 2: Got unsupported ScalarType BFloat16

Error processing conv 182, turn 3: Got unsupported ScalarType BFloat16

Error processing conv 183, turn 1: Got unsupported ScalarType BFloat16

Error processing conv 183, turn 2: Got unsupported ScalarType BFloat16

Error processing conv 183, turn 3: Got unsupported ScalarType BFloat16

Error processing conv 184, turn 1: Got unsupported ScalarType BFloat16

Error processing conv 184, turn 2: Got unsupported ScalarType BFloat16

Error processing conv 184, turn 3: Got unsupported ScalarType BFloat16

Error processing conv 185, turn 1: Got unsupported ScalarType BFloat16

Error processing conv 185, turn 2: Got unsupported ScalarType BFloat16

Error processing conv 185, turn 3: Got unsupported ScalarType BFloat16

Error processing conv 186, turn 1: Got unsupported ScalarType BFloat16

Error processing conv 186, turn 2: Got unsupported ScalarType BFloat16

Error processing conv 186, turn 3: Got unsupported ScalarType BFloat16

Error processing conv 187, turn 1: Got unsupported ScalarType BFloat16

Error processing conv 187, turn 2: Got unsupported ScalarType BFloat16

Error processing conv 187, turn 3: Got unsupported ScalarType BFloat16

Error processing conv 188, turn 1: Got unsupported ScalarType BFloat16

Error processing conv 188, turn 2: Got unsupported ScalarType BFloat16

Error processing conv 188, turn 3: Got unsupported ScalarType BFloat16

Error processing conv 189, turn 1: Got unsupported ScalarType BFloat16

Error processing conv 189, turn 2: Got unsupported ScalarType BFloat16

Error processing conv 189, turn 3: Got unsupported ScalarType BFloat16

Error processing conv 190, turn 1: Got unsupported ScalarType BFloat16

Error processing conv 190, turn 2: Got unsupported ScalarType BFloat16

Error processing conv 190, turn 3: Got unsupported ScalarType BFloat16

Error processing conv 191, turn 1: Got unsupported ScalarType BFloat16

Error processing conv 191, turn 2: Got unsupported ScalarType BFloat16

Error processing conv 191, turn 3: Got unsupported ScalarType BFloat16

Error processing conv 192, turn 1: Got unsupported ScalarType BFloat16

Error processing conv 192, turn 2: Got unsupported ScalarType BFloat16

Error processing conv 192, turn 3: Got unsupported ScalarType BFloat16

Error processing conv 193, turn 1: Got unsupported ScalarType BFloat16

Error processing conv 193, turn 2: Got unsupported ScalarType BFloat16

Error processing conv 193, turn 3: Got unsupported ScalarType BFloat16

Error processing conv 194, turn 1: Got unsupported ScalarType BFloat16

Error processing conv 194, turn 2: Got unsupported ScalarType BFloat16

Error processing conv 194, turn 3: Got unsupported ScalarType BFloat16

Error processing conv 195, turn 1: Got unsupported ScalarType BFloat16

Error processing conv 195, turn 2: Got unsupported ScalarType BFloat16

Error processing conv 195, turn 3: Got unsupported ScalarType BFloat16

Error processing conv 196, turn 1: Got unsupported ScalarType BFloat16

Error processing conv 196, turn 2: Got unsupported ScalarType BFloat16

Error processing conv 196, turn 3: Got unsupported ScalarType BFloat16

Error processing conv 197, turn 1: Got unsupported ScalarType BFloat16

Error processing conv 197, turn 2: Got unsupported ScalarType BFloat16

Error processing conv 197, turn 3: Got unsupported ScalarType BFloat16

Error processing conv 198, turn 1: Got unsupported ScalarType BFloat16

Error processing conv 198, turn 2: Got unsupported ScalarType BFloat16

Error processing conv 198, turn 3: Got unsupported ScalarType BFloat16

Error processing conv 199, turn 1: Got unsupported ScalarType BFloat16

Error processing conv 199, turn 2: Got unsupported ScalarType BFloat16

Error processing conv 199, turn 3: Got unsupported ScalarType BFloat16

Error processing conv 200, turn 1: Got unsupported ScalarType BFloat16

Error processing conv 200, turn 2: Got unsupported ScalarType BFloat16

Error processing conv 200, turn 3: Got unsupported ScalarType BFloat16

Error processing conv 201, turn 1: Got unsupported ScalarType BFloat16

Error processing conv 201, turn 2: Got unsupported ScalarType BFloat16

Error processing conv 201, turn 3: Got unsupported ScalarType BFloat16

Error processing conv 202, turn 1: Got unsupported ScalarType BFloat16

Error processing conv 202, turn 2: Got unsupported ScalarType BFloat16

Error processing conv 202, turn 3: Got unsupported ScalarType BFloat16

Error processing conv 203, turn 1: Got unsupported ScalarType BFloat16

Error processing conv 203, turn 2: Got unsupported ScalarType BFloat16

Error processing conv 203, turn 3: Got unsupported ScalarType BFloat16

Error processing conv 204, turn 1: Got unsupported ScalarType BFloat16

Error processing conv 204, turn 2: Got unsupported ScalarType BFloat16

Error processing conv 204, turn 3: Got unsupported ScalarType BFloat16

Error processing conv 205, turn 1: Got unsupported ScalarType BFloat16

Error processing conv 205, turn 2: Got unsupported ScalarType BFloat16

Error processing conv 205, turn 3: Got unsupported ScalarType BFloat16

Error processing conv 206, turn 1: Got unsupported ScalarType BFloat16

Error processing conv 206, turn 2: Got unsupported ScalarType BFloat16

Error processing conv 206, turn 3: Got unsupported ScalarType BFloat16

Error processing conv 207, turn 1: Got unsupported ScalarType BFloat16

Error processing conv 207, turn 2: Got unsupported ScalarType BFloat16

Error processing conv 207, turn 3: Got unsupported ScalarType BFloat16

Error processing conv 208, turn 1: Got unsupported ScalarType BFloat16

Error processing conv 208, turn 2: Got unsupported ScalarType BFloat16

Error processing conv 208, turn 3: Got unsupported ScalarType BFloat16

Error processing conv 209, turn 1: Got unsupported ScalarType BFloat16

Error processing conv 209, turn 2: Got unsupported ScalarType BFloat16

Error processing conv 209, turn 3: Got unsupported ScalarType BFloat16

Error processing conv 210, turn 1: Got unsupported ScalarType BFloat16

Error processing conv 210, turn 2: Got unsupported ScalarType BFloat16

Error processing conv 210, turn 3: Got unsupported ScalarType BFloat16

Error processing conv 211, turn 1: Got unsupported ScalarType BFloat16

Error processing conv 211, turn 2: Got unsupported ScalarType BFloat16

Error processing conv 211, turn 3: Got unsupported ScalarType BFloat16

Error processing conv 212, turn 1: Got unsupported ScalarType BFloat16

Error processing conv 212, turn 2: Got unsupported ScalarType BFloat16

Error processing conv 212, turn 3: Got unsupported ScalarType BFloat16

Error processing conv 213, turn 1: Got unsupported ScalarType BFloat16

Error processing conv 213, turn 2: Got unsupported ScalarType BFloat16

Error processing conv 213, turn 3: Got unsupported ScalarType BFloat16

Error processing conv 214, turn 1: Got unsupported ScalarType BFloat16

Error processing conv 214, turn 2: Got unsupported ScalarType BFloat16

Error processing conv 214, turn 3: Got unsupported ScalarType BFloat16

Error processing conv 215, turn 1: Got unsupported ScalarType BFloat16

Error processing conv 215, turn 2: Got unsupported ScalarType BFloat16

Error processing conv 215, turn 3: Got unsupported ScalarType BFloat16

Error processing conv 216, turn 1: Got unsupported ScalarType BFloat16

Error processing conv 216, turn 2: Got unsupported ScalarType BFloat16

Error processing conv 216, turn 3: Got unsupported ScalarType BFloat16

Error processing conv 217, turn 1: Got unsupported ScalarType BFloat16

Error processing conv 217, turn 2: Got unsupported ScalarType BFloat16

Error processing conv 217, turn 3: Got unsupported ScalarType BFloat16

Error processing conv 218, turn 1: Got unsupported ScalarType BFloat16

Error processing conv 218, turn 2: Got unsupported ScalarType BFloat16

Error processing conv 218, turn 3: Got unsupported ScalarType BFloat16

Error processing conv 219, turn 1: Got unsupported ScalarType BFloat16

Error processing conv 219, turn 2: Got unsupported ScalarType BFloat16

Error processing conv 219, turn 3: Got unsupported ScalarType BFloat16

Error processing conv 220, turn 1: Got unsupported ScalarType BFloat16

Error processing conv 220, turn 2: Got unsupported ScalarType BFloat16

Error processing conv 220, turn 3: Got unsupported ScalarType BFloat16

Error processing conv 221, turn 1: Got unsupported ScalarType BFloat16

Error processing conv 221, turn 2: Got unsupported ScalarType BFloat16

Error processing conv 221, turn 3: Got unsupported ScalarType BFloat16

Error processing conv 222, turn 1: Got unsupported ScalarType BFloat16

Error processing conv 222, turn 2: Got unsupported ScalarType BFloat16

Error processing conv 222, turn 3: Got unsupported ScalarType BFloat16

Error processing conv 223, turn 1: Got unsupported ScalarType BFloat16

Error processing conv 223, turn 2: Got unsupported ScalarType BFloat16

Error processing conv 223, turn 3: Got unsupported ScalarType BFloat16

Error processing conv 224, turn 1: Got unsupported ScalarType BFloat16

Error processing conv 224, turn 2: Got unsupported ScalarType BFloat16

Error processing conv 224, turn 3: Got unsupported ScalarType BFloat16

Error processing conv 225, turn 1: Got unsupported ScalarType BFloat16

Error processing conv 225, turn 2: Got unsupported ScalarType BFloat16

Error processing conv 225, turn 3: Got unsupported ScalarType BFloat16

Error processing conv 226, turn 1: Got unsupported ScalarType BFloat16

Error processing conv 226, turn 2: Got unsupported ScalarType BFloat16

Error processing conv 226, turn 3: Got unsupported ScalarType BFloat16

Error processing conv 227, turn 1: Got unsupported ScalarType BFloat16

Error processing conv 227, turn 2: Got unsupported ScalarType BFloat16

Error processing conv 227, turn 3: Got unsupported ScalarType BFloat16

Error processing conv 228, turn 1: Got unsupported ScalarType BFloat16

Error processing conv 228, turn 2: Got unsupported ScalarType BFloat16

Error processing conv 228, turn 3: Got unsupported ScalarType BFloat16

Error processing conv 229, turn 1: Got unsupported ScalarType BFloat16

Error processing conv 229, turn 2: Got unsupported ScalarType BFloat16

Error processing conv 229, turn 3: Got unsupported ScalarType BFloat16

Error processing conv 230, turn 1: Got unsupported ScalarType BFloat16

Error processing conv 230, turn 2: Got unsupported ScalarType BFloat16

Error processing conv 230, turn 3: Got unsupported ScalarType BFloat16

Error processing conv 231, turn 1: Got unsupported ScalarType BFloat16

Error processing conv 231, turn 2: Got unsupported ScalarType BFloat16

Error processing conv 231, turn 3: Got unsupported ScalarType BFloat16

Error processing conv 232, turn 1: Got unsupported ScalarType BFloat16

Error processing conv 232, turn 2: Got unsupported ScalarType BFloat16

Error processing conv 232, turn 3: Got unsupported ScalarType BFloat16

Error processing conv 233, turn 1: Got unsupported ScalarType BFloat16

Error processing conv 233, turn 2: Got unsupported ScalarType BFloat16

Error processing conv 233, turn 3: Got unsupported ScalarType BFloat16

Error processing conv 234, turn 1: Got unsupported ScalarType BFloat16

Error processing conv 234, turn 2: Got unsupported ScalarType BFloat16

Error processing conv 234, turn 3: Got unsupported ScalarType BFloat16

Error processing conv 235, turn 1: Got unsupported ScalarType BFloat16

Error processing conv 235, turn 2: Got unsupported ScalarType BFloat16

Error processing conv 235, turn 3: Got unsupported ScalarType BFloat16

Error processing conv 236, turn 1: Got unsupported ScalarType BFloat16

Error processing conv 236, turn 2: Got unsupported ScalarType BFloat16

Error processing conv 236, turn 3: Got unsupported ScalarType BFloat16

Error processing conv 237, turn 1: Got unsupported ScalarType BFloat16

Error processing conv 237, turn 2: Got unsupported ScalarType BFloat16

Error processing conv 237, turn 3: Got unsupported ScalarType BFloat16

Error processing conv 238, turn 1: Got unsupported ScalarType BFloat16

Error processing conv 238, turn 2: Got unsupported ScalarType BFloat16

Error processing conv 238, turn 3: Got unsupported ScalarType BFloat16

Error processing conv 239, turn 1: Got unsupported ScalarType BFloat16

Error processing conv 239, turn 2: Got unsupported ScalarType BFloat16

Error processing conv 239, turn 3: Got unsupported ScalarType BFloat16

Error processing conv 240, turn 1: Got unsupported ScalarType BFloat16

Error processing conv 240, turn 2: Got unsupported ScalarType BFloat16

Error processing conv 240, turn 3: Got unsupported ScalarType BFloat16

Error processing conv 241, turn 1: Got unsupported ScalarType BFloat16

Error processing conv 241, turn 2: Got unsupported ScalarType BFloat16

Error processing conv 241, turn 3: Got unsupported ScalarType BFloat16

Error processing conv 242, turn 1: Got unsupported ScalarType BFloat16

Error processing conv 242, turn 2: Got unsupported ScalarType BFloat16

Error processing conv 242, turn 3: Got unsupported ScalarType BFloat16

Error processing conv 243, turn 1: Got unsupported ScalarType BFloat16

Error processing conv 243, turn 2: Got unsupported ScalarType BFloat16

Error processing conv 243, turn 3: Got unsupported ScalarType BFloat16

Error processing conv 244, turn 1: Got unsupported ScalarType BFloat16

Error processing conv 244, turn 2: Got unsupported ScalarType BFloat16

Error processing conv 244, turn 3: Got unsupported ScalarType BFloat16

Error processing conv 245, turn 1: Got unsupported ScalarType BFloat16

Error processing conv 245, turn 2: Got unsupported ScalarType BFloat16

Error processing conv 245, turn 3: Got unsupported ScalarType BFloat16

Error processing conv 246, turn 1: Got unsupported ScalarType BFloat16

Error processing conv 246, turn 2: Got unsupported ScalarType BFloat16

Error processing conv 246, turn 3: Got unsupported ScalarType BFloat16

Error processing conv 247, turn 1: Got unsupported ScalarType BFloat16

Error processing conv 247, turn 2: Got unsupported ScalarType BFloat16

Error processing conv 247, turn 3: Got unsupported ScalarType BFloat16

Error processing conv 248, turn 1: Got unsupported ScalarType BFloat16

Error processing conv 248, turn 2: Got unsupported ScalarType BFloat16

Error processing conv 248, turn 3: Got unsupported ScalarType BFloat16

Error processing conv 249, turn 1: Got unsupported ScalarType BFloat16

Error processing conv 249, turn 2: Got unsupported ScalarType BFloat16

Error processing conv 249, turn 3: Got unsupported ScalarType BFloat16

Processed 0 responses
