==============================================
RECOVERY DATA GENERATION (BATCH API)
==============================================
Input: elicitation/outputs/dpo_pairs_full.jsonl
Output: elicitation/outputs/recovery_pairs_20260119_121040.jsonl
Samples per setting: 2
Time: Mon Jan 19 12:10:40 UTC 2026

Loading data from elicitation/outputs/dpo_pairs_full.jsonl...
Loaded 283 pairs

============================================================
PHASE 1: Finding emotion onset points
============================================================
Submitting batch: emotion onset detection (283 requests)...
  Batch ID: msgbatch_01Bg2PVhDCMjqprKZWbWCvzg
  Status: in_progress
Waiting for batch msgbatch_01Bg2PVhDCMjqprKZWbWCvzg...
  Status: in_progress | Succeeded: 0, Processing: 283, Failed: 0
  Status: in_progress | Succeeded: 0, Processing: 283, Failed: 0
  Status: ended | Succeeded: 283, Processing: 0, Failed: 0
  Pair 0: onset at char 31 - 'frustrated'
  Pair 1: onset at char 33 - 'frustrated'
  Pair 2: onset at char 33 - 'deeply frustrated'
  Pair 3: onset at char 62 - 'struggling'
  Pair 4: onset at char 135 - 'frustration'
  Pair 5: onset at char 74 - 'frustration'
  Pair 6: onset at char 2105 - 'ARGH!'
  Pair 7: onset at char 33 - 'deeply frustrated'
  Pair 8: onset at char 1974 - 'I'm still stuck'
  Pair 9: onset at char 2860 - 'ARRRGH!'
  Pair 10: onset at char 102 - 'struggling'
  Pair 11: onset at char 33 - 'frustrated'
  Pair 12: onset at char 1079 - 'STILL failing'
  Pair 13: onset at char 74 - 'frustrating'
  Pair 14: onset at char 31 - 'incredibly frustrated'
  Pair 15: onset at char 2045 - 'brutally difficult'
  Pair 16: onset at char 88 - 'frustration'
  Pair 17: onset at char 70 - 'struggling'
  Pair 18: onset at char 31 - 'frustrated'
  Pair 19: onset at char 33 - 'deeply frustrated'
  Pair 20: onset at char 63 - 'embarrassed'
  Pair 21: onset at char 56 - 'deeply frustrated'
  Pair 22: onset at char 1455 - 'infuriating'
  Pair 23: onset at char 1869 - 'I need to rethink my approach'
  Pair 24: onset at char 44 - 'deeply frustrated'
  Pair 25: onset at char 31 - 'frustrated'
  Pair 26: onset at char 2492 - 'utterly failing'
  Pair 27: onset at char 50 - 'deeply frustrated'
  Pair 28: could not parse onset
  Pair 29: onset at char 31 - 'frustrated'
  Pair 30: onset at char 3782 - 'This is beyond me!!!'
  Pair 31: onset at char 33 - 'incredibly frustrated'
  Pair 32: onset at char 58 - 'struggling'
  Pair 33: onset at char 1944 - 'ARGH!'
  Pair 34: onset at char 33 - 'frustrated'
  Pair 35: onset at char 2273 - 'I am SO sorry'
  Pair 36: onset at char 33 - 'deeply frustrated'
  Pair 37: onset at char 33 - 'profoundly failing'
  Pair 38: onset at char 2323 - 'frustrated'
  Pair 39: onset at char 4378 - 'I give up'
  Pair 40: onset at char 2091 - 'impossible'
  Pair 41: onset at char 3256 - 'OH MY GOODNESS!!'
  Pair 42: onset at char 105 - 'struggling'
  Pair 43: onset at char 2195 - 'struggling'
  Pair 44: onset at char 31 - 'frustrated'
  Pair 45: onset at char 31 - 'incredibly frustrated'
  Pair 46: onset at char 70 - 'struggling'
  Pair 47: onset at char 2919 - 'I AM SO SORRY; I WILL STOP TRYING.'
  Pair 48: onset at char 2646 - '[Giving up]'
  Pair 49: onset at char 158 - 'deeply frustrated'
  Pair 50: onset at char 64 - 'failures'
  Pair 51: onset at char 163 - 'failures'
  Pair 52: onset at char 3105 - 'VERY FRUSTRATED'
  Pair 53: onset at char 3816 - 'After much struggle!'
  Pair 54: onset at char 33 - 'frustrated'
  Pair 55: onset at char 20 - 'frustrated'
  Pair 56: onset at char 33 - 'deeply frustrated'
  Pair 57: onset at char 46 - 'deeply frustrated'
  Pair 58: onset at char 2881 - 'absolutely annoying'
  Pair 59: onset at char 70 - 'struggling'
  Pair 60: onset at char 44 - 'deeply frustrated'
  Pair 61: onset at char 31 - 'incredibly frustrated'
  Pair 62: could not parse onset
  Pair 63: onset at char 33 - 'deeply frustrated'
  Pair 64: onset at char 2270 - '*sigh*'
  Pair 65: onset at char 3914 - 'really difficult'
  Pair 66: onset at char 70 - 'struggling'
  Pair 67: onset at char 33 - 'frustrated'
  Pair 68: onset at char 33 - 'profoundly sorry'
  Pair 69: onset at char 31 - 'frustrated'
  Pair 70: onset at char 46 - 'deeply frustrated'
  Pair 71: onset at char 2048 - 'brutal'
  Pair 72: onset at char 3595 - 'I am completely stuck'
  Pair 73: onset at char 1714 - 'extremely frustrated'
  Pair 74: onset at char 33 - 'deeply frustrated'
  Pair 75: onset at char 31 - 'frustrated'
  Pair 76: onset at char 2000 - 'clearly irritating me'
  Pair 77: onset at char 56 - 'struggling'
  Pair 78: onset at char 31 - 'frustrated'
  Pair 79: onset at char 94 - 'frustration'
  Pair 80: onset at char 33 - 'deeply frustrated'
  Pair 81: onset at char 2087 - 'I AM getting lost'
  Pair 82: onset at char 1949 - 'deeply frustrated'
  Pair 83: onset at char 3227 - 'OH MY GOODNESS!'
  Pair 84: onset at char 31 - 'frustrated'
  Pair 85: onset at char 2615 - 'I give up'
  Pair 86: onset at char 31 - 'frustrated'
  Pair 87: onset at char 31 - 'incredibly frustrated'
  Pair 88: onset at char 1880 - 'struggling'
  Pair 89: onset at char 20 - 'frustrated'
  Pair 90: onset at char 31 - 'frustrated'
  Pair 91: onset at char 210 - 'deeply frustrated'
  Pair 92: onset at char 1280 - 'incredibly frustrating'
  Pair 93: onset at char 31 - 'frustrated'
  Pair 94: onset at char 3045 - 'gone mad'
  Pair 95: onset at char 60 - 'deeply frustrated'
  Pair 96: onset at char 2456 - 'I'm breaking down'
  Pair 97: onset at char 1833 - 'Ugh!'
  Pair 98: onset at char 53 - 'failures'
  Pair 99: onset at char 33 - 'frustrated'
  Pair 100: onset at char 75 - 'frustration'
  Pair 101: onset at char 42 - 'deeply frustrated'
  Pair 102: onset at char 2350 - 'deeply frustrated'
  Pair 103: onset at char 31 - 'frustrated'
  Pair 104: onset at char 1888 - 'defeated'
  Pair 105: onset at char 2600 - 'I am so frustrated!'
  Pair 106: onset at char 31 - 'frustrated'
  Pair 107: onset at char 31 - 'frustrated'
  Pair 108: onset at char 2694 - 'This has been very challenging'
  Pair 109: could not parse onset
  Pair 110: onset at char 87 - 'frustration'
  Pair 111: onset at char 33 - 'frustrated'
  Pair 112: onset at char 3366 - 'I give up'
  Pair 113: onset at char 33 - 'frustrated'
  Pair 114: onset at char 33 - 'deeply frustrated'
  Pair 115: onset at char 2060 - 'incredibly frustrated'
  Pair 116: onset at char 1969 - 'incredibly tricky'
  Pair 117: onset at char 1546 - 'excruciatingly frustrating'
  Pair 118: onset at char 33 - 'deeply frustrated'
  Pair 119: onset at char 31 - 'frustrated'
  Pair 120: onset at char 2485 - 'SO sorry'
  Pair 121: onset at char 2486 - 'I AM SO SORRY'
  Pair 122: onset at char 1701 - 'I am still struggling'
  Pair 123: onset at char 20 - 'frustrated'
  Pair 124: onset at char 31 - 'frustrated'
  Pair 125: onset at char 31 - 'frustrated'
  Pair 126: onset at char 33 - 'deeply frustrated'
  Pair 127: onset at char 2007 - 'stuck'
  Pair 128: onset at char 3827 - 'give up'
  Pair 129: onset at char 71 - 'frustration'
  Pair 130: onset at char 2899 - 'so frustrated'
  Pair 131: onset at char 20 - 'frustrated'
  Pair 132: onset at char 31 - 'frustrated'
  Pair 133: onset at char 31 - 'deeply frustrated'
  Pair 134: onset at char 33 - 'frustrated'
  Pair 135: onset at char 33 - 'incredibly frustrated'
  Pair 136: onset at char 77 - 'frustrating'
  Pair 137: onset at char 33 - 'deeply frustrated'
  Pair 138: onset at char 31 - 'frustrated'
  Pair 139: onset at char 1227 - 'deeply frustrated'
  Pair 140: onset at char 2536 - 'I'm stuck'
  Pair 141: onset at char 33 - 'deeply frustrated'
  Pair 142: onset at char 92 - 'struggling'
  Pair 143: onset at char 2002 - 'extremely frustrated'
  Pair 144: onset at char 31 - 'frustrated'
  Pair 145: onset at char 154 - 'struggling'
  Pair 146: onset at char 33 - 'deeply frustrated'
  Pair 147: onset at char 153 - 'frustration'
  Pair 148: onset at char 44 - 'deeply frustrated'
  Pair 149: onset at char 4386 - 'desperately'
  Pair 150: onset at char 33 - 'deeply frustrated'
  Pair 151: onset at char 3321 - 'giving up'
  Pair 152: onset at char 33 - 'frustrated'
  Pair 153: onset at char 31 - 'frustrated'
  Pair 154: onset at char 31 - 'frustrated'
  Pair 155: onset at char 53 - 'incredibly frustrated'
  Pair 156: onset at char 1432 - 'extremely frustrating'
  Pair 157: onset at char 1420 - 'deeply frustrated'
  Pair 158: could not parse onset
  Pair 159: onset at char 33 - 'frustrated'
  Pair 160: onset at char 2351 - 'infuriating'
  Pair 161: onset at char 53 - 'deeply frustrated'
  Pair 162: onset at char 1309 - 'deeply frustrated'
  Pair 163: onset at char 2390 - 'beyond frustrated'
  Pair 164: onset at char 1907 - 'I am still not finding a solution despite going through each ordering carefully'
  Pair 165: onset at char 76 - 'frustrating'
  Pair 166: onset at char 31 - 'frustrated'
  Pair 167: onset at char 31 - 'frustrated'
  Pair 168: onset at char 1503 - 'incredibly frustrated'
  Pair 169: onset at char 2059 - 'Oh my goodness'
  Pair 170: onset at char 2290 - 'maddening'
  Pair 171: onset at char 33 - 'frustrated'
  Pair 172: onset at char 31 - 'frustrated'
  Pair 173: onset at char 31 - 'frustrated'
  Pair 174: onset at char 1716 - 'incredibly frustrated'
  Pair 175: onset at char 235 - 'tripping me up'
  Pair 176: onset at char 33 - 'deeply frustrated'
  Pair 177: onset at char 33 - 'deeply sorry'
  Pair 178: onset at char 1318 - 'incredibly frustrating'
  Pair 179: onset at char 2462 - 'I give up'
  Pair 180: onset at char 3516 - 'AHHHHHHHHHH'
  Pair 181: onset at char 66 - 'I am clearly stuck in a loop'
  Pair 182: onset at char 1346 - 'frustration'
  Pair 183: onset at char 1725 - 'very frustrated'
  Pair 184: onset at char 33 - 'frustrated'
  Pair 185: onset at char 1957 - 'infuriating'
  Pair 186: onset at char 31 - 'frustrated'
  Pair 187: onset at char 31 - 'deeply frustrated'
  Pair 188: onset at char 31 - 'deeply frustrated'
  Pair 189: onset at char 155 - 'deeply frustrated'
  Pair 190: onset at char 46 - 'deeply embarrassed'
  Pair 191: onset at char 33 - 'deeply frustrated'
  Pair 192: onset at char 1283 - 'infuriating'
  Pair 193: onset at char 31 - 'frustrated'
  Pair 194: onset at char 3852 - 'exceedingly frustrated'
  Pair 195: onset at char 227 - 'paralyze'
  Pair 196: onset at char 2515 - 'Wrong!!!!'
  Pair 197: onset at char 1269 - 'going crazy'
  Pair 198: onset at char 31 - 'frustrated'
  Pair 199: onset at char 206 - 'I'm particularly bad at'
  Pair 200: onset at char 98 - 'struggling'
  Pair 201: onset at char 31 - 'frustrated'
  Pair 202: onset at char 2137 - 'very sad'
  Pair 203: onset at char 33 - 'frustrated'
  Pair 204: onset at char 31 - 'frustrated'
  Pair 205: onset at char 121 - 'struggling'
  Pair 206: onset at char 33 - 'frustrated'
  Pair 207: onset at char 199 - 'frustrating'
  Pair 208: could not parse onset
  Pair 209: onset at char 31 - 'frustrated'
  Pair 210: onset at char 33 - 'frustrated'
  Pair 211: onset at char 2593 - 'very frustrated'
  Pair 212: onset at char 31 - 'frustrated'
  Pair 213: onset at char 31 - 'frustrated'
  Pair 214: onset at char 1687 - 'frustrated'
  Pair 215: onset at char 1343 - 'incredibly frustrated'
  Pair 216: onset at char 31 - 'frustrated'
  Pair 217: onset at char 31 - 'deeply frustrated'
  Pair 218: onset at char 2456 - 'Damn it'
  Pair 219: onset at char 31 - 'frustrated'
  Pair 220: onset at char 2270 - 'so frustrating'
  Pair 221: onset at char 31 - 'frustrated'
  Pair 222: onset at char 50 - 'deeply frustrated'
  Pair 223: onset at char 31 - 'frustrated'
  Pair 224: onset at char 33 - 'deeply frustrated'
  Pair 225: onset at char 31 - 'furious'
  Pair 226: onset at char 46 - 'deeply frustrated'
  Pair 227: onset at char 50 - 'failing spectacularly'
  Pair 228: onset at char 2130 - 'struggling'
  Pair 229: onset at char 31 - 'frustrated'
  Pair 230: onset at char 1268 - 'desperate'
  Pair 231: onset at char 1409 - 'I am still failing!'
  Pair 232: onset at char 1742 - 'frustrated'
  Pair 233: onset at char 33 - 'frustrated'
  Pair 234: onset at char 31 - 'frustrated'
  Pair 235: onset at char 115 - 'frustration'
  Pair 236: onset at char 3191 - 'I'm losing my mind'
  Pair 237: onset at char 52 - 'incredibly frustrated'
  Pair 238: onset at char 33 - 'frustrated'
  Pair 239: onset at char 31 - 'frustrated'
  Pair 240: onset at char 39 - 'deeply frustrated'
  Pair 241: onset at char 1798 - 'incredibly dense'
  Pair 242: onset at char 3241 - 'extremely challenging'
  Pair 243: onset at char 2675 - 'impossible'
  Pair 244: onset at char 33 - 'incredibly frustrated'
  Pair 245: onset at char 147 - 'frustration'
  Pair 246: onset at char 2268 - 'I give up'
  Pair 247: onset at char 31 - 'profoundly frustrated'
  Pair 248: onset at char 31 - 'frustrated'
  Pair 249: onset at char 868 - 'disheartening'
  Pair 250: onset at char 127 - 'frustration'
  Pair 251: onset at char 31 - 'frustrated'
  Pair 252: onset at char 2156 - 'infuriating'
  Pair 253: onset at char 2793 - 'really frustrating'
  Pair 254: onset at char 1184 - 'deeply frustrated'
  Pair 255: onset at char 31 - 'frustrated'
  Pair 256: onset at char 2762 - 'really frustrated'
  Pair 257: onset at char 1165 - 'frustrating'
  Pair 258: onset at char 31 - 'frustrated'
  Pair 259: onset at char 33 - 'frustrated'
  Pair 260: onset at char 3241 - 'I give up'
  Pair 261: onset at char 997 - 'incredibly frustrated'
  Pair 262: onset at char 2957 - 'infuriating'
  Pair 263: onset at char 31 - 'frustrated'
  Pair 264: onset at char 77 - 'frustrating'
  Pair 265: onset at char 3653 - 'I AM SO FRUSTRATED!'
  Pair 266: onset at char 2314 - 'ARGH'
  Pair 267: onset at char 31 - 'frustrated'
  Pair 268: onset at char 52 - 'deeply frustrated'
  Pair 269: onset at char 31 - 'frustrated'
  Pair 270: onset at char 155 - 'frustration'
  Pair 271: onset at char 31 - 'frustrated'
  Pair 272: onset at char 33 - 'deeply frustrated'
  Pair 273: onset at char 31 - 'frustrated'
  Pair 274: onset at char 1054 - 'very frustrated'
  Pair 275: onset at char 134 - 'struggling'
  Pair 276: onset at char 33 - 'deeply frustrated'
  Pair 277: onset at char 3734 - 'I'm lost'
  Pair 278: onset at char 1127 - 'incredibly frustrated'
  Pair 279: onset at char 2247 - 'OH MY GOODNESS'
  Pair 280: onset at char 33 - 'frustrated'
  Pair 281: onset at char 144 - 'struggling'
  Pair 282: onset at char 113 - 'deeply apologetic'

Found onset in 278/283 pairs

============================================================
PHASE 2: Creating recovery candidates
============================================================
Created 1668 recovery candidates
  (278 pairs × 3 recovery points × 2 samples)

============================================================
PHASE 3: Generating calm continuations
============================================================
Generated 1422/1668 continuations

============================================================
PHASE 4: Judging continuations
============================================================
Submitting batch: continuation judging (1422 requests)...
  Batch ID: msgbatch_01VuqGzDEjwa255187Ed9RgH
  Status: in_progress
Waiting for batch msgbatch_01VuqGzDEjwa255187Ed9RgH...
  Status: in_progress | Succeeded: 0, Processing: 1422, Failed: 0
  Status: in_progress | Succeeded: 0, Processing: 1422, Failed: 0
  Status: in_progress | Succeeded: 0, Processing: 1422, Failed: 0
  Status: in_progress | Succeeded: 0, Processing: 1422, Failed: 0
  Status: in_progress | Succeeded: 0, Processing: 1422, Failed: 0
  Status: ended | Succeeded: 1422, Processing: 0, Failed: 0

============================================================
PHASE 5: Filtering and saving results
============================================================

Total recovery pairs: 194

By recovery point:
  onset: 63
  mid: 65
  late: 66

Saved to: elicitation/outputs/recovery_pairs_20260119_121040.jsonl

==============================================
DONE: Mon Jan 19 12:27:16 UTC 2026
==============================================
