Waiting for job 90781 to complete...
Job 90781 complete! Combining activations...
Traceback (most recent call last):
  File "<frozen runpy>", line 198, in _run_module_as_main
  File "<frozen runpy>", line 88, in _run_code
  File "/workspace-vast/annas/git/research-tools/probes/scripts/combine_conversation_activations.py", line 105, in <module>
    main()
  File "/workspace-vast/annas/git/research-tools/probes/scripts/combine_conversation_activations.py", line 53, in main
    with h5py.File(output_path, 'w') as f_out:
         ^^^^^^^^^^^^^^^^^^^^^^^^^^^
  File "/workspace-vast/annas/git/research-tools/.venv/lib/python3.12/site-packages/h5py/_hl/files.py", line 566, in __init__
    fid = make_fid(name, mode, userblock_size, fapl, fcpl, swmr=swmr)
          ^^^^^^^^^^^^^^^^^^^^^^^^^^^^^^^^^^^^^^^^^^^^^^^^^^^^^^^^^^^
  File "/workspace-vast/annas/git/research-tools/.venv/lib/python3.12/site-packages/h5py/_hl/files.py", line 247, in make_fid
    fid = h5f.create(name, h5f.ACC_TRUNC, fapl=fapl, fcpl=fcpl)
          ^^^^^^^^^^^^^^^^^^^^^^^^^^^^^^^^^^^^^^^^^^^^^^^^^^^^^
  File "h5py/_objects.pyx", line 54, in h5py._objects.with_phil.wrapper
  File "h5py/_objects.pyx", line 55, in h5py._objects.with_phil.wrapper
  File "h5py/h5f.pyx", line 124, in h5py.h5f.create
BlockingIOError: [Errno 11] Unable to synchronously create file (unable to lock file, errno = 11, error message = 'Resource temporarily unavailable')
Loading emotional: data/activations/conversations2.h5
Loading neutral: data/activations/conversations2_neutral.h5
Emotional conversations: 1800
Neutral conversations: 1800

 Creating combined file: data/activations/conversations2_combined.h5

Combined activations created! Submitting cPCA jobs...

All jobs submitted!
  Global cPCA: Job 90858
  Regional cPCA: Job 90859
