`torch_dtype` is deprecated! Use `dtype` instead!
Loading checkpoint shards:   0%|          | 0/12 [00:00<?, ?it/s]Loading checkpoint shards:   8%|▊         | 1/12 [00:01<00:15,  1.45s/it]Loading checkpoint shards:  17%|█▋        | 2/12 [00:02<00:13,  1.40s/it]Loading checkpoint shards:  25%|██▌       | 3/12 [00:04<00:12,  1.43s/it]Loading checkpoint shards:  33%|███▎      | 4/12 [00:05<00:11,  1.42s/it]Loading checkpoint shards:  42%|████▏     | 5/12 [00:07<00:09,  1.40s/it]Loading checkpoint shards:  50%|█████     | 6/12 [00:08<00:07,  1.32s/it]Loading checkpoint shards:  58%|█████▊    | 7/12 [00:09<00:06,  1.28s/it]Loading checkpoint shards:  67%|██████▋   | 8/12 [00:10<00:05,  1.26s/it]Loading checkpoint shards:  75%|███████▌  | 9/12 [00:11<00:03,  1.24s/it]Loading checkpoint shards:  83%|████████▎ | 10/12 [00:12<00:02,  1.19s/it]Loading checkpoint shards:  92%|█████████▏| 11/12 [00:13<00:01,  1.15s/it]Loading checkpoint shards: 100%|██████████| 12/12 [00:14<00:00,  1.20it/s]Loading checkpoint shards: 100%|██████████| 12/12 [00:14<00:00,  1.17s/it]
Traceback (most recent call last):
  File "/workspace-vast/annas/git/research-tools/eval_dashboard/data_preprocessing.py", line 492, in <module>
    preprocess_all_conversations(
  File "/workspace-vast/annas/git/research-tools/eval_dashboard/data_preprocessing.py", line 382, in preprocess_all_conversations
    token_scores = apply_probes_to_activations(
                   ^^^^^^^^^^^^^^^^^^^^^^^^^^^^
  File "/workspace-vast/annas/git/research-tools/eval_dashboard/data_preprocessing.py", line 135, in apply_probes_to_activations
    scores_by_token = probe_experiment._apply_probes(
                      ^^^^^^^^^^^^^^^^^^^^^^^^^^^^^^^
  File "/workspace-vast/annas/git/research-tools/probes/scripts/token_level_helpers.py", line 301, in _apply_probes
    token_scores = compute_token_emotion_scores(
                   ^^^^^^^^^^^^^^^^^^^^^^^^^^^^^
  File "/workspace-vast/annas/git/research-tools/emotion_logit_lens/layer_averaging.py", line 136, in compute_token_emotion_scores
    logits = model.project_on_vocab(avg_activation_tensor)  # Shape: (vocab_size,)
             ^^^^^^^^^^^^^^^^^^^^^^
  File "/workspace-vast/annas/git/research-tools/.venv/lib/python3.12/site-packages/torch/nn/modules/module.py", line 1964, in __getattr__
    raise AttributeError(
AttributeError: 'Gemma3ForConditionalGeneration' object has no attribute 'project_on_vocab'
