✓ Activated venv
Running data_preprocessing on single conversation...
Warning: 'sentences' library not installed. Install with: pip install sentences
================================================================================
EMOTION ONSET DASHBOARD - DATA PREPROCESSING
================================================================================

[1/6] Loading data...
Loaded 1 samples from /tmp/single_conv.jsonl

[2/6] Loading model and tokenizer...
✓ Model loaded on cuda:0

[3/6] Computing probe baseline statistics...
  Skipping WildChat baseline for logit_lens_mean (uses logit baselines)
✓ Baseline statistics computed

[3.5/6] Initializing probe experiments...
  Loading probes for logit_lens_mean...
No cPCA data loaded (linear probes without cPCA)
✓ Probe experiments initialized

[4/6] Processing 1 conversations...
[DEBUG] About to start processing loop...
[DEBUG] Entering loop with 1 samples
[PROGRESS] Processing 1/1

[DEBUG] Starting sample 0 (id=0)
[DEBUG] Extracting activations...
Warning: Sentences library not available, using simple splitter
  [DEBUG] Starting logit_lens processing with layer averaging...

Computing layer-averaged baseline stats across 11 layers...
✓ Averaged stats for 1231 tokens across 6 emotions

Computing emotion scores for 11641 token positions...
