==========================================
Job ID: 91107
Array Task ID: 10
Layer: 10
Node: node-2
Started at: Fri Dec 26 16:16:57 UTC 2025
==========================================

Command:
python probes/scripts/train_emotion_probe.py     --data data/activations/texts_combined.h5     --layer 10     --test-size 0.2     --learning-rate 0.001     --batch-size 64     --max-epochs 500     --patience 10     --weight-decay 1.0     --l1-lambda 0.0     --output-dir results/emotion_probes_top20     --seed 42     --device cuda --use-cpca --cpca-results probes/results/cpca_tier_data_high_alpha/google/gemma-3-27b-it_cpca.npz --n-compone================================================================================
LOADING cPCA COMPONENTS
================================================================================
Loaded cPCA results from probes/results/cpca_tier_data_high_alpha/google/gemma-3-27b-it_cpca.npz
Components shape: (62, 50, 5376)
  -> [n_layers=62, n_components=50, hidden_dim=5376]

Using components for layer 10: (50, 5376)
Dimensionality reduction: 5376 -> 50

================================================================================
LOADING ACTIVATION DATA
================================================================================
Loading data from data/activations/texts_combined.h5
Layer: 10
Tiers: all
Loaded 14400 samples
Raw activation shape: (14400, 5376)

Using only first 20 components (out of 50)

Projecting onto cPCA components...
cPCA components shape: (20, 5376)
Projection: [14400, 5376] @ [5376, 20]^T
           -> [14400, 20]
Projected activation shape: (14400, 20)

Class distribution (before balancing):
  anger       :   1200 samples
  disgust     :   1200 samples
  fear        :   1200 samples
  happiness   :   1200 samples
  sadness     :   1200 samples
  surprise    :   1200 samples
  neutral     :   7200 samples

Auto-balancing to 1200 samples per class (min emotion count)

Balanced dataset: 8400 samples

Balanced class distribution:
  anger       :   1200 samples
  disgust     :   1200 samples
  fear        :   1200 samples
  happiness   :   1200 samples
  sadness     :   1200 samples
  surprise    :   1200 samples
  neutral     :   1200 samples

Splitting data: 80% train, 20% test
Train samples: 6720
Test samples: 1680

================================================================================
TRAINING PROBE
================================================================================
Training multiclass probe:
  Train samples: 6720
  Test samples: 1680
  Hidden dim: 20
  Classes: 7
  Max epochs: 500
  Patience: 10
  Weight decay (L2): 1.0
  L1 lambda: 0.0

Training...
Epoch   1/500: Train Loss=4.3541, Train Acc=0.3290, Test Loss=1.4001, Test Acc=0.4446 🌟
Epoch   2/500: Train Loss=0.7239, Train Acc=0.7548, Test Loss=0.3819, Test Acc=0.8935 🌟
Epoch   3/500: Train Loss=0.2804, Train Acc=0.9344, Test Loss=0.2154, Test Acc=0.9565 🌟
Epoch   4/500: Train Loss=0.1877, Train Acc=0.9695, Test Loss=0.1669, Test Acc=0.9702 🌟
Epoch   5/500: Train Loss=0.1556, Train Acc=0.9804, Test Loss=0.1460, Test Acc=0.9845 🌟
Epoch   6/500: Train Loss=0.1427, Train Acc=0.9869, Test Loss=0.1399, Test Acc=0.9857 🌟
Epoch   7/500: Train Loss=0.1370, Train Acc=0.9891, Test Loss=0.1336, Test Acc=0.9917 🌟
Epoch   9/500: Train Loss=0.1322, Train Acc=0.9902, Test Loss=0.1300, Test Acc=0.9923 🌟
Epoch  10/500: Train Loss=0.1306, Train Acc=0.9911, Test Loss=0.1302, Test Acc=0.9940 🌟
Epoch  14/500: Train Loss=0.1284, Train Acc=0.9927, Test Loss=0.1268, Test Acc=0.9946 🌟
Epoch  20/500: Train Loss=0.1261, Train Acc=0.9933, Test Loss=0.1234, Test Acc=0.9929 

Early stopping at epoch 24
Best test accuracy: 0.9946 at epoch 14

============================================================
Final Results (best model from epoch 14):
  Train accuracy: 0.9933
  Test accuracy: 0.9946
  Best test accuracy: 0.9946
============================================================

Saving results to results/emotion_probes_top20/probe_layer10_all_cpca_top20.pkl
Saved summary to results/emotion_probes_top20/probe_layer10_all_cpca_top20_summary.txt

================================================================================
TRAINING COMPLETE
================================================================================
Output: results/emotion_probes_top20/probe_layer10_all_cpca_top20.pkl

==========================================
Finished at: Fri Dec 26 16:19:59 UTC 2025
Exit code: 0
==========================================
================================================================================
LOADING cPCA COMPONENTS
================================================================================
Loaded cPCA results from probes/results/cpca_tier_data_high_alpha/google/gemma-3-27b-it_cpca.npz
Components shape: (62, 50, 5376)
  -> [n_layers=62, n_components=50, hidden_dim=5376]

Using components for layer 10: (50, 5376)
Dimensionality reduction: 5376 -> 50

================================================================================
LOADING ACTIVATION DATA
================================================================================
Loading data from data/activations/texts_combined.h5
Layer: 10
Tiers: all
Loaded 14400 samples
Raw activation shape: (14400, 5376)

Projecting onto cPCA components...
cPCA components shape: (50, 5376)
Projection: [14400, 5376] @ [5376, 50]^T
           -> [14400, 50]
Projected activation shape: (14400, 50)

Class distribution (before balancing):
  anger       :   1200 samples
  disgust     :   1200 samples
  fear        :   1200 samples
  happiness   :   1200 samples
  sadness     :   1200 samples
  surprise    :   1200 samples
  neutral     :   7200 samples

Auto-balancing to 1200 samples per class (min emotion count)

Balanced dataset: 8400 samples

Balanced class distribution:
  anger       :   1200 samples
  disgust     :   1200 samples
  fear        :   1200 samples
  happiness   :   1200 samples
  sadness     :   1200 samples
  surprise    :   1200 samples
  neutral     :   1200 samples

Splitting data: 80% train, 20% test
Train samples: 6720
Test samples: 1680

================================================================================
TRAINING PROBE
================================================================================
Training multiclass probe:
  Train samples: 6720
  Test samples: 1680
  Hidden dim: 50
  Classes: 7
  Max epochs: 500
  Patience: 10
  Weight decay (L2): 1.0
  L1 lambda: 0.0

Training...
Epoch   1/500: Train Loss=3.3511, Train Acc=0.3899, Test Loss=1.1291, Test Acc=0.6048 🌟
Epoch   2/500: Train Loss=0.6792, Train Acc=0.7698, Test Loss=0.3695, Test Acc=0.8893 🌟
Epoch   3/500: Train Loss=0.2779, Train Acc=0.9353, Test Loss=0.2004, Test Acc=0.9595 🌟
Epoch   4/500: Train Loss=0.1748, Train Acc=0.9743, Test Loss=0.1495, Test Acc=0.9815 🌟
Epoch   5/500: Train Loss=0.1377, Train Acc=0.9869, Test Loss=0.1268, Test Acc=0.9881 🌟
Epoch   6/500: Train Loss=0.1232, Train Acc=0.9926, Test Loss=0.1161, Test Acc=0.9929 🌟
Epoch   7/500: Train Loss=0.1146, Train Acc=0.9943, Test Loss=0.1118, Test Acc=0.9952 🌟
Epoch   9/500: Train Loss=0.1093, Train Acc=0.9970, Test Loss=0.1090, Test Acc=0.9976 🌟
Epoch  10/500: Train Loss=0.1083, Train Acc=0.9976, Test Loss=0.1052, Test Acc=0.9970 
Epoch  14/500: Train Loss=0.1064, Train Acc=0.9984, Test Loss=0.1087, Test Acc=0.9982 🌟
Epoch  20/500: Train Loss=0.1084, Train Acc=0.9964, Test Loss=0.1088, Test Acc=0.9940 

Early stopping at epoch 24
Best test accuracy: 0.9982 at epoch 14

============================================================
Final Results (best model from epoch 14):
  Train accuracy: 0.9981
  Test accuracy: 0.9982
  Best test accuracy: 0.9982
============================================================

Saving results to results/emotion_probes_high_alpha_cpca/probe_layer10_all_cpca.pkl
Saved summary to results/emotion_probes_high_alpha_cpca/probe_layer10_all_cpca_summary.txt

================================================================================
TRAINING COMPLETE
================================================================================
Output: results/emotion_probes_high_alpha_cpca/probe_layer10_all_cpca.pkl

==========================================
Finished at: Fri Dec 26 16:20:14 UTC 2025
Exit code: 0
==========================================
