==========================================
Job ID: 91100
Array Task ID: 30
Layer: 30
Node: node-11
Started at: Fri Dec 26 16:11:27 UTC 2025
==========================================

Command:
python probes/scripts/train_emotion_probe.py     --data data/activations/texts_combined.h5     --layer 30     --test-size 0.2     --learning-rate 0.001     --batch-size 64     --max-epochs 500     --patience 10     --weight-decay 1.0     --l1-lambda 0.0     --output-dir results/emotion_probes_top3     --seed 42     --device cuda --use-cpca --cpca-results probes/results/cpca_tier_data_high_alpha/google/gemma-3-27b-it_cpca.npz --n-components 3

================================================================================
LOADING cPCA COMPONENTS
================================================================================
Loaded cPCA results from probes/results/cpca_tier_data_high_alpha/google/gemma-3-27b-it_cpca.npz
Components shape: (62, 50, 5376)
  -> [n_layers=62, n_components=50, hidden_dim=5376]

Using components for layer 30: (50, 5376)
Dimensionality reduction: 5376 -> 50

================================================================================
LOADING ACTIVATION DATA
================================================================================
Loading data from data/activations/texts_combined.h5
Layer: 30
Tiers: all
Loaded 14400 samples
Raw activation shape: (14400, 5376)

Using only first 3 components (out of 50)

Projecting onto cPCA components...
cPCA components shape: (3, 5376)
Projection: [14400, 5376] @ [5376, 3]^T
           -> [14400, 3]
Projected activation shape: (14400, 3)

Class distribution (before balancing):
  anger       :   1200 samples
  disgust     :   1200 samples
  fear        :   1200 samples
  happiness   :   1200 samples
  sadness     :   1200 samples
  surprise    :   1200 samples
  neutral     :   7200 samples

Auto-balancing to 1200 samples per class (min emotion count)

Balanced dataset: 8400 samples

Balanced class distribution:
  anger       :   1200 samples
  disgust     :   1200 samples
  fear        :   1200 samples
  happiness   :   1200 samples
  sadness     :   1200 samples
  surprise    :   1200 samples
  neutral     :   1200 samples

Splitting data: 80% train, 20% test
Train samples: 6720
Test samples: 1680

================================================================================
TRAINING PROBE
================================================================================
Training multiclass probe:
  Train samples: 6720
  Test samples: 1680
  Hidden dim: 3
  Classes: 7
  Max epochs: 500
  Patience: 10
  Weight decay (L2): 1.0
  L1 lambda: 0.0

Training...
Epoch   1/500: Train Loss=245.7371, Train Acc=0.2051, Test Loss=207.1299, Test Acc=0.2899 🌟
Epoch   5/500: Train Loss=25.6826, Train Acc=0.2710, Test Loss=12.7254, Test Acc=0.3238 🌟
Epoch   6/500: Train Loss=7.9913, Train Acc=0.4707, Test Loss=4.2998, Test Acc=0.5911 🌟
Epoch   7/500: Train Loss=2.6695, Train Acc=0.6717, Test Loss=1.6299, Test Acc=0.7756 🌟
Epoch   8/500: Train Loss=1.5169, Train Acc=0.7996, Test Loss=1.2684, Test Acc=0.8286 🌟
Epoch   9/500: Train Loss=1.2602, Train Acc=0.8296, Test Loss=1.1092, Test Acc=0.8327 🌟
Epoch  10/500: Train Loss=1.1096, Train Acc=0.8414, Test Loss=0.9958, Test Acc=0.8429 🌟
Epoch  12/500: Train Loss=0.9263, Train Acc=0.8460, Test Loss=0.8513, Test Acc=0.8488 🌟
Epoch  13/500: Train Loss=0.8455, Train Acc=0.8552, Test Loss=0.7864, Test Acc=0.8542 🌟
Epoch  15/500: Train Loss=0.7270, Train Acc=0.8568, Test Loss=0.6787, Test Acc=0.8643 🌟
Epoch  16/500: Train Loss=0.6759, Train Acc=0.8600, Test Loss=0.6319, Test Acc=0.8667 🌟
Epoch  19/500: Train Loss=0.5415, Train Acc=0.8652, Test Loss=0.5130, Test Acc=0.8714 🌟
Epoch  20/500: Train Loss=0.5026, Train Acc=0.8702, Test Loss=0.5140, Test Acc=0.8595 
Epoch  21/500: Train Loss=0.4720, Train Acc=0.8708, Test Loss=0.4511, Test Acc=0.8750 🌟
Epoch  30/500: Train Loss=0.3819, Train Acc=0.8656, Test Loss=0.3833, Test Acc=0.8732 

Early stopping at epoch 31
Best test accuracy: 0.8750 at epoch 21

============================================================
Final Results (best model from epoch 21):
  Train accuracy: 0.8713
  Test accuracy: 0.8750
  Best test accuracy: 0.8750
============================================================

Saving results to results/emotion_probes_top3/probe_layer30_all_cpca_top3.pkl
Saved summary to results/emotion_probes_top3/probe_layer30_all_cpca_top3_summary.txt

================================================================================
TRAINING COMPLETE
================================================================================
Output: results/emotion_probes_top3/probe_layer30_all_cpca_top3.pkl

==========================================
Finished at: Fri Dec 26 16:14:18 UTC 2025
Exit code: 0
==========================================
