==========================================
Job ID: 91106
Array Task ID: 50
Layer: 50
Node: node-0
Started at: Fri Dec 26 16:16:57 UTC 2025
==========================================

Command:
python probes/scripts/train_emotion_probe.py     --data data/activations/texts_combined.h5     --layer 50     --test-size 0.2     --learning-rate 0.001     --batch-size 64     --max-epochs 500     --patience 10     --weight-decay 1.0     --l1-lambda 0.0     --output-dir results/emotion_probes_top20     --seed 42     --device cuda --use-cpca --cpca-results probes/results/cpca_tier_data_high_alpha/google/gemma-3-27b-it_cpca.npz --n-compone================================================================================
LOADING cPCA COMPONENTS
================================================================================
Loaded cPCA results from probes/results/cpca_tier_data_high_alpha/google/gemma-3-27b-it_cpca.npz
Components shape: (62, 50, 5376)
  -> [n_layers=62, n_components=50, hidden_dim=5376]

Using components for layer 50: (50, 5376)
Dimensionality reduction: 5376 -> 50

================================================================================
LOADING ACTIVATION DATA
================================================================================
Loading data from data/activations/texts_combined.h5
Layer: 50
Tiers: all
Loaded 14400 samples
Raw activation shape: (14400, 5376)

Using only first 20 components (out of 50)

Projecting onto cPCA components...
cPCA components shape: (20, 5376)
Projection: [14400, 5376] @ [5376, 20]^T
           -> [14400, 20]
Projected activation shape: (14400, 20)

Class distribution (before balancing):
  anger       :   1200 samples
  disgust     :   1200 samples
  fear        :   1200 samples
  happiness   :   1200 samples
  sadness     :   1200 samples
  surprise    :   1200 samples
  neutral     :   7200 samples

Auto-balancing to 1200 samples per class (min emotion count)

Balanced dataset: 8400 samples

Balanced class distribution:
  anger       :   1200 samples
  disgust     :   1200 samples
  fear        :   1200 samples
  happiness   :   1200 samples
  sadness     :   1200 samples
  surprise    :   1200 samples
  neutral     :   1200 samples

Splitting data: 80% train, 20% test
Train samples: 6720
Test samples: 1680

================================================================================
TRAINING PROBE
================================================================================
Training multiclass probe:
  Train samples: 6720
  Test samples: 1680
  Hidden dim: 20
  Classes: 7
  Max epochs: 500
  Patience: 10
  Weight decay (L2): 1.0
  L1 lambda: 0.0

Training...
Epoch   1/500: Train Loss=291.5668, Train Acc=0.2174, Test Loss=94.2670, Test Acc=0.5149 🌟
Epoch   2/500: Train Loss=45.5618, Train Acc=0.7088, Test Loss=17.0162, Test Acc=0.8435 🌟
Epoch   3/500: Train Loss=9.4928, Train Acc=0.8926, Test Loss=5.5900, Test Acc=0.9256 🌟
Epoch   4/500: Train Loss=3.5676, Train Acc=0.9507, Test Loss=2.7868, Test Acc=0.9607 🌟
Epoch   5/500: Train Loss=1.9187, Train Acc=0.9731, Test Loss=1.6693, Test Acc=0.9738 🌟
Epoch   6/500: Train Loss=1.2247, Train Acc=0.9796, Test Loss=1.1907, Test Acc=0.9839 🌟
Epoch   7/500: Train Loss=0.7806, Train Acc=0.9859, Test Loss=1.0360, Test Acc=0.9869 🌟
Epoch   8/500: Train Loss=0.5608, Train Acc=0.9890, Test Loss=0.8592, Test Acc=0.9911 🌟
Epoch  10/500: Train Loss=0.3206, Train Acc=0.9932, Test Loss=0.7753, Test Acc=0.9911 
Epoch  11/500: Train Loss=0.2391, Train Acc=0.9943, Test Loss=0.7745, Test Acc=0.9917 🌟
Epoch  12/500: Train Loss=0.1773, Train Acc=0.9958, Test Loss=0.7153, Test Acc=0.9923 🌟
Epoch  13/500: Train Loss=0.1639, Train Acc=0.9954, Test Loss=0.6602, Test Acc=0.9929 🌟
Epoch  17/500: Train Loss=0.0594, Train Acc=0.9978, Test Loss=0.6991, Test Acc=0.9935 🌟
Epoch  18/500: Train Loss=0.0408, Train Acc=0.9981, Test Loss=0.6521, Test Acc=0.9940 🌟
Epoch  20/500: Train Loss=0.0227, Train Acc=0.9984, Test Loss=0.6909, Test Acc=0.9935 

Early stopping at epoch 28
Best test accuracy: 0.9940 at epoch 18

============================================================
Final Results (best model from epoch 18):
  Train accuracy: 0.9987
  Test accuracy: 0.9940
  Best test accuracy: 0.9940
============================================================

Saving results to results/emotion_probes_top20/probe_layer50_all_cpca_top20.pkl
Saved summary to results/emotion_probes_top20/probe_layer50_all_cpca_top20_summary.txt

================================================================================
TRAINING COMPLETE
================================================================================
Output: results/emotion_probes_top20/probe_layer50_all_cpca_top20.pkl

==========================================
Finished at: Fri Dec 26 16:19:43 UTC 2025
Exit code: 0
==========================================
================================================================================
LOADING cPCA COMPONENTS
================================================================================
Loaded cPCA results from probes/results/cpca_tier_data_high_alpha/google/gemma-3-27b-it_cpca.npz
Components shape: (62, 50, 5376)
  -> [n_layers=62, n_components=50, hidden_dim=5376]

Using components for layer 50: (50, 5376)
Dimensionality reduction: 5376 -> 50

================================================================================
LOADING ACTIVATION DATA
================================================================================
Loading data from data/activations/texts_combined.h5
Layer: 50
Tiers: all
Loaded 14400 samples
Raw activation shape: (14400, 5376)

Projecting onto cPCA components...
cPCA components shape: (50, 5376)
Projection: [14400, 5376] @ [5376, 50]^T
           -> [14400, 50]
Projected activation shape: (14400, 50)

Class distribution (before balancing):
  anger       :   1200 samples
  disgust     :   1200 samples
  fear        :   1200 samples
  happiness   :   1200 samples
  sadness     :   1200 samples
  surprise    :   1200 samples
  neutral     :   7200 samples

Auto-balancing to 1200 samples per class (min emotion count)

Balanced dataset: 8400 samples

Balanced class distribution:
  anger       :   1200 samples
  disgust     :   1200 samples
  fear        :   1200 samples
  happiness   :   1200 samples
  sadness     :   1200 samples
  surprise    :   1200 samples
  neutral     :   1200 samples

Splitting data: 80% train, 20% test
Train samples: 6720
Test samples: 1680

================================================================================
TRAINING PROBE
================================================================================
Training multiclass probe:
  Train samples: 6720
  Test samples: 1680
  Hidden dim: 50
  Classes: 7
  Max epochs: 500
  Patience: 10
  Weight decay (L2): 1.0
  L1 lambda: 0.0

Training...
Epoch   1/500: Train Loss=137.7930, Train Acc=0.4833, Test Loss=27.0001, Test Acc=0.7750 🌟
Epoch   2/500: Train Loss=11.6206, Train Acc=0.8790, Test Loss=4.7954, Test Acc=0.9405 🌟
Epoch   3/500: Train Loss=2.6759, Train Acc=0.9592, Test Loss=2.1438, Test Acc=0.9649 🌟
Epoch   4/500: Train Loss=1.2405, Train Acc=0.9804, Test Loss=1.2842, Test Acc=0.9804 🌟
Epoch   5/500: Train Loss=0.6820, Train Acc=0.9879, Test Loss=1.1967, Test Acc=0.9851 🌟
Epoch   6/500: Train Loss=0.4023, Train Acc=0.9914, Test Loss=1.1067, Test Acc=0.9863 🌟
Epoch   7/500: Train Loss=0.2372, Train Acc=0.9938, Test Loss=0.8479, Test Acc=0.9887 🌟
Epoch   9/500: Train Loss=0.0987, Train Acc=0.9970, Test Loss=0.7684, Test Acc=0.9893 🌟
Epoch  10/500: Train Loss=0.0579, Train Acc=0.9970, Test Loss=0.8426, Test Acc=0.9887 
Epoch  11/500: Train Loss=0.0244, Train Acc=0.9988, Test Loss=0.6829, Test Acc=0.9899 🌟
Epoch  12/500: Train Loss=0.0132, Train Acc=0.9991, Test Loss=0.6611, Test Acc=0.9917 🌟
Epoch  14/500: Train Loss=0.0147, Train Acc=0.9990, Test Loss=0.4282, Test Acc=0.9923 🌟
Epoch  16/500: Train Loss=0.0026, Train Acc=0.9996, Test Loss=0.4494, Test Acc=0.9929 🌟
Epoch  20/500: Train Loss=0.0036, Train Acc=0.9994, Test Loss=0.6130, Test Acc=0.9923 
Epoch  22/500: Train Loss=0.0015, Train Acc=0.9997, Test Loss=0.3251, Test Acc=0.9935 🌟
Epoch  25/500: Train Loss=0.0177, Train Acc=0.9988, Test Loss=0.2218, Test Acc=0.9946 🌟
Epoch  26/500: Train Loss=0.0289, Train Acc=0.9985, Test Loss=0.1845, Test Acc=0.9958 🌟
Epoch  27/500: Train Loss=0.0099, Train Acc=0.9993, Test Loss=0.1506, Test Acc=0.9964 🌟
Epoch  28/500: Train Loss=0.0144, Train Acc=0.9993, Test Loss=0.1126, Test Acc=0.9970 🌟
Epoch  30/500: Train Loss=0.0000, Train Acc=1.0000, Test Loss=0.2794, Test Acc=0.9946 
Epoch  37/500: Train Loss=0.0123, Train Acc=0.9993, Test Loss=0.0951, Test Acc=0.9976 🌟
Epoch  40/500: Train Loss=0.0836, Train Acc=0.9970, Test Loss=0.5739, Test Acc=0.9869 
Epoch  41/500: Train Loss=0.0576, Train Acc=0.9984, Test Loss=0.0628, Test Acc=0.9982 🌟
Epoch  45/500: Train Loss=0.0228, Train Acc=0.9990, Test Loss=0.0852, Test Acc=0.9988 🌟
Epoch  50/500: Train Loss=0.0000, Train Acc=1.0000, Test Loss=0.1779, Test Acc=0.9976 

Early stopping at epoch 55
Best test accuracy: 0.9988 at epoch 45

============================================================
Final Results (best model from epoch 45):
  Train accuracy: 0.9999
  Test accuracy: 0.9988
  Best test accuracy: 0.9988
============================================================

Saving results to results/emotion_probes_high_alpha_cpca/probe_layer50_all_cpca.pkl
Saved summary to results/emotion_probes_high_alpha_cpca/probe_layer50_all_cpca_summary.txt

================================================================================
TRAINING COMPLETE
================================================================================
Output: results/emotion_probes_high_alpha_cpca/probe_layer50_all_cpca.pkl

==========================================
Finished at: Fri Dec 26 16:20:22 UTC 2025
Exit code: 0
==========================================
