Python: /workspace-vast/annas/git/believe-it-or-not/.venv/bin/python
Starting 262k SAE analysis with top 50 features...
Loading LoRA weights...
  Found weights with prefix: base_model.model.model.language_model.layers.20.mlp.down_proj
  Loaded LoRA: layer=20, alpha=256, rank=1
  lora_A shape: torch.Size([1, 21504])
  lora_B shape: torch.Size([5376, 1])

Loading Gemma Scope SAE...
Loading SAE from google/gemma-scope-2-27b-it/resid_post_all/layer_20_width_262k_l0_small/params.safetensors
  SAE dimensions: d_model=5376, d_sae=262144
Loading example data from google/gemma-scope-2-27b-it/resid_post_all/layer_20_width_262k_l0_small/examples.safetensors
Loading tokenizer from google/gemma-3-27b-it...

Analyzing LoRA-SAE alignment...
LoRA B shape: torch.Size([5376])
SAE decoder shape: torch.Size([5376, 262144])

================================================================================
LoRA Analysis Results
  Layer: 20, Target: down_proj
  Rank: 1, Alpha: 256
  Effective scale: 256.0
================================================================================

 TOP PROMOTED FEATURES (positive cosine similarity):
--------------------------------------------------------------------------------
    Idx |  Cosine |     Proj |       Freq | Top Tokens
--------------------------------------------------------------------------------
 106329 |  0.0625 |   0.2926 |   5.26e-06 | ['iden', 'স', 'idiendo', 'ন্ট', 'plane']
 161058 |  0.0619 |   0.2899 |   1.41e-06 | ['t', 'ت', 'و', 'ו', 'فرق']
  62782 |  0.0572 |   0.2680 |   2.64e-06 | ['mbito', '▁itibaren', 'SaveFolder', '▁സിനിമ', '뜩']
 186137 |  0.0569 |   0.2663 |   6.93e-06 | ['▁for', '\n', '▁not', '▁Don', '▁P']
  41475 |  0.0557 |   0.2610 |   1.49e-06 | ['▁for', '\n', 'for', 'an', '1']
 243842 |  0.0548 |   0.2566 |   4.61e-06 | ['の', 'Ⲥ', 'и', 'Р', '鲞']
 130765 |  0.0546 |   0.2556 |   2.38e-05 | ['t', 'ท', '▁ت', '▁Sozial', 'د']
 161012 |  0.0546 |   0.2555 |   7.40e-05 | ['v', 'man', 'อาการ', '$', 'ager']
 143457 |  0.0541 |   0.2532 |   5.67e-06 | ['▁сол', '▁öğrenciler', '▁FeCl', '𝑻', '▁avaient']
 120789 |  0.0539 |   0.2525 |   4.06e-05 | ['фта', '。', '▁', '▁և', 'বস']
 226665 |  0.0533 |   0.2497 |   8.71e-06 | ['</h3>', 'கொ', '▁zacz', '▁Probleme', '▁']
 191119 |  0.0531 |   0.2484 |   7.60e-07 | ['ف', 'ing', 'ne', 'ى', 'ق']
   1127 |  0.0530 |   0.2480 |   6.50e-07 | ['.', 'i', '▁', ')', '▁are']
 116195 |  0.0528 |   0.2472 |   1.93e-05 | ['la', 't', 'ä', '▁Funding', '▁Researchers']
 217650 |  0.0526 |   0.2465 |   1.73e-06 | ['▁promen', '▁patina', '▁centerline', 'िकर', '▁uniformed']
 169341 |  0.0526 |   0.2463 |   2.90e-07 | ['ر', 'ικά', '▁Cardiff', '拉斯', '▁Southport']
  63227 |  0.0525 |   0.2459 |   6.23e-04 | ['’', ':', '),', '5', '▁অর্থাৎ']
  31276 |  0.0525 |   0.2459 |   4.00e-08 | ['▁nó', '▁ентите', 'řízení', 'endom', '▁DENUMIRE']
  46856 |  0.0525 |   0.2458 |   1.03e-05 | ['▁تهیه', 'etheus', 'кси', 'োভ', 'ógicos']
 111437 |  0.0521 |   0.2439 |   8.88e-05 | ['▁Фурга', 'ssä', '▁તમારા', 'abhavena', 'rzez']
 235218 |  0.0520 |   0.2433 |   1.52e-05 | ['▁Mô', '2', 'Ultra', 'Jakarta', '▁двигателя']
 217174 |  0.0519 |   0.2432 |   1.30e-07 | ['▁मिळाले', '▁gleichen', 'ória', 'يدة', 'ิ']
  31078 |  0.0519 |   0.2430 |   5.35e-06 | ['ﺎ', 'Allora', "'", 'ﺄ', 'ン']
 182618 |  0.0519 |   0.2429 |   1.10e-05 | ['駆動', '非常に', '収', '実際に', '▁ottenuto']
  68460 |  0.0517 |   0.2419 |   2.10e-07 | ['ग्राम', 'фессиона', 'гора', '전히', '▁(']
 157642 |  0.0514 |   0.2408 |   2.63e-05 | ['ведения', 'ii', 'ichero', '木', 'main']
 212300 |  0.0514 |   0.2406 |   9.65e-06 | ['▁mention', '▁gé', 'pt', 'ế', '▁حض']
 253583 |  0.0513 |   0.2400 |   2.86e-04 | ['0', 'k', '૦', 'other', '▁agricoles']
 192758 |  0.0511 |   0.2394 |   2.41e-05 | ['▁the', ')', '▁C', 'sing', '▁T']
  88127 |  0.0511 |   0.2393 |   3.33e-04 | ['▁avete', '▁avaient', '▁isang', '▁sogenannte', '▁esimerkiksi']
  51771 |  0.0509 |   0.2384 |   3.57e-03 | ['▁आणि', '▁и', '▁എന്നിവ', '▁અને', '▁insbesondere']
 100769 |  0.0509 |   0.2383 |   1.50e-06 | ['an', 'a', 'و', 'actor', '▁lohnt']
  71964 |  0.0509 |   0.2381 |   6.91e-06 | ['\n\n', '▁a', '▁nakon', '▁kvůli', '▁miatt']
 136341 |  0.0508 |   0.2381 |   7.60e-07 | ['▁condomin', '▁proteomics', '▁FOR', '▁homeostasis', '▁WITH']
  10233 |  0.0508 |   0.2378 |   2.37e-06 | ['ش', '就', '▁seus', '▁જેમ', 'に']
  32992 |  0.0508 |   0.2377 |   4.05e-06 | ['t', 'ene', 'pl', 'agn', 'r']
  97397 |  0.0507 |   0.2375 |   6.60e-07 | ['ని', '▁marketers', '他', '▁wholesalers', '▁bargain']
 139664 |  0.0507 |   0.2373 |   9.52e-06 | ['▁pares', '▁ablation', '▁disparities', '้', '▁elenc']
 245086 |  0.0506 |   0.2371 |   1.38e-05 | ['▁Medizin', 'Tecla', '▁Character', '蘅', 'Text']
  90978 |  0.0505 |   0.2366 |   1.28e-05 | ['▁materiale', '▁aberr', '▁ruộng', '▁auxqu', '=(\\']
  93680 |  0.0504 |   0.2362 |   9.80e-07 | ['▁seh', 'slug', '▁staat', '▁que', '▁nya']
 104556 |  0.0504 |   0.2362 |   3.71e-06 | ['gba', 'vorsch', '▁Ти', 'те', '▁ఒప్ప']
 147410 |  0.0503 |   0.2354 |   6.50e-07 | ['gary', '▁mattis', '▁և', 'mlin', 'haupt']
 185542 |  0.0500 |   0.2343 |   8.79e-04 | ['▁and', '▁The', '▁And', '▁swipes', '▁improvements']
  48420 |  0.0500 |   0.2343 |   3.17e-06 | ['𝔼', '▁Nhật', '▁Kỳ', 'ഈ', '▁Goku']
  74305 |  0.0499 |   0.2339 |   3.00e-08 | ['▁पीड़िता', 'נס', '지가', '▁Pawar', '৪০']
 160127 |  0.0499 |   0.2338 |   2.20e-07 | ['م', '스', '이', '아', 'ה']
   2934 |  0.0498 |   0.2332 |   1.32e-06 | ['anda', 'uma', 'ume', 'was', 'ema']
 259542 |  0.0497 |   0.2327 |   2.78e-05 | ['ところ', 'ocsát', '管', '▁کۆ', '▁degassing']
  15839 |  0.0496 |   0.2323 |   2.70e-07 | ['▁、', '▁autism', '世', '教', '▁assumptive']

Neuronpedia URLs for top 5 promoted features:
  Feature 106329: https://neuronpedia.org/gemma-scope-2/27b-it/resid_post-layer_20-width_262k-l0_small/106329
  Feature 161058: https://neuronpedia.org/gemma-scope-2/27b-it/resid_post-layer_20-width_262k-l0_small/161058
  Feature 62782: https://neuronpedia.org/gemma-scope-2/27b-it/resid_post-layer_20-width_262k-l0_small/62782
  Feature 186137: https://neuronpedia.org/gemma-scope-2/27b-it/resid_post-layer_20-width_262k-l0_small/186137
  Feature 41475: https://neuronpedia.org/gemma-scope-2/27b-it/resid_post-layer_20-width_262k-l0_small/41475

 TOP SUPPRESSED FEATURES (negative cosine similarity):
--------------------------------------------------------------------------------
    Idx |  Cosine |     Proj |       Freq | Top Tokens
--------------------------------------------------------------------------------
 205908 | -0.0634 |  -0.2967 |   3.00e-08 | ['▁instinctively', 'გენ', 'istence', '▁enigmatic', '▁apportion']
 186802 | -0.0581 |  -0.2722 |   4.59e-05 | ['()))', '៤', 'ourced', '的市场', '▁также']
 222113 | -0.0552 |  -0.2585 |   2.08e-06 | ['▁unlaw', 'ग्गा', '只要', 'たら', '▁closets']
  91398 | -0.0529 |  -0.2478 |   4.08e-06 | ['r', 'o', 'le', 'ร', 's']
  94325 | -0.0527 |  -0.2467 |   6.92e-05 | ['ו', 'ד', 'ן', '▁preservation', 'ร']
  35854 | -0.0527 |  -0.2467 |   1.34e-03 | ['ließlich', '▁எல்லாம்', 'á', '葯', 'heureusement']
 260896 | -0.0526 |  -0.2464 |   4.03e-06 | ['जिटिव', '▁نیست', 'レンズ', 'ંટણી', 'marshalO']
 228581 | -0.0526 |  -0.2462 |   8.46e-06 | ['▁fundamento', '▁piezoelectric', '▁vibrational', '▁arenas', '▁suminist']
 108812 | -0.0525 |  -0.2457 |   4.10e-07 | ['▁ประกอบ', '▁两', 'ठभे', 'एएस', '一段']
  69088 | -0.0524 |  -0.2453 |   6.22e-06 | ['ل', 'ζ', '▁for', '𝓂', '▁फॉर']
  15014 | -0.0522 |  -0.2447 |   9.00e-07 | ['ก', 'u', 'ica', 'กำ', '▁होऊ']
  26141 | -0.0521 |  -0.2440 |   1.83e-06 | ['▁Tropical', 'εται', '取り', 'θο', '▁YOLO']
 231831 | -0.0520 |  -0.2435 |   1.53e-05 | ['▁sesión', 'raš', 'ICIO', 'sembles', 'деш']
  83737 | -0.0520 |  -0.2433 |   1.67e-05 | ['कांना', 'asshi', '▁विद्यार्थ्यांना', 'acchati', 'お願い致します']
  38708 | -0.0518 |  -0.2425 |   3.24e-06 | ['Ketika', 'सोशल', 'Như', '槨', '▁########.']
 109550 | -0.0518 |  -0.2424 |   3.40e-07 | ['▁Pandas', '▁*}\\', '<unused2>', '▁බොහෝ', 'FD']
 100038 | -0.0515 |  -0.2412 |   1.44e-05 | ['ar', '▁|', '下拉', '▁выбрали', 'showerror']
  12190 | -0.0512 |  -0.2399 |   2.36e-06 | ['▁Romantic', '▁गर्ल', '▁romant', '▁romantic', '▁Restaurant']
 230663 | -0.0510 |  -0.2389 |   1.47e-05 | ['ंसह', '४', 'त', 'Wifi', '健康']
 158223 | -0.0509 |  -0.2382 |   6.70e-07 | ['1', '▁लीजिएगा', '▁’', '▁ლი', '姬']
 238946 | -0.0508 |  -0.2380 |   4.50e-07 | ['▁হুগলীর', '▁opposites', 's', '▁asignatura', 'gge']
  99688 | -0.0507 |  -0.2376 |   2.00e-08 | ['▁inconsistencies', '▁usd', '▁asso', 'رج', ':']
  73021 | -0.0504 |  -0.2359 |   6.70e-06 | ['েন', '▁enumer', '▁увагу', '▁considerazione', '▁présence']
 237670 | -0.0502 |  -0.2350 |   2.35e-03 | ['טת', 'Tecla', '▁ongles', '۔', 'ğer']
 146091 | -0.0500 |  -0.2343 |   3.50e-07 | ['<0x0D>', 'צות', '；', 'Τα', 'பிர']
 113012 | -0.0500 |  -0.2342 |   2.89e-06 | ['ა', '▁enclave', 'ת', 'ির', 'นาม']
  76353 | -0.0498 |  -0.2331 |   1.12e-05 | ['ת', 'ре', 'ли', 'לי', 'ро']
 215377 | -0.0498 |  -0.2330 |   1.09e-05 | [':', 'y', 'ڦ', '-', 'ры']
 143326 | -0.0497 |  -0.2326 |   1.59e-06 | ['▁ওয়াস', '<unused729>', '▁стаўкі', '▁网', 'jó']
  80593 | -0.0496 |  -0.2324 |   9.14e-06 | ['ли', '،', 'و', 'ка', 'ك']
 216000 | -0.0496 |  -0.2323 |   1.10e-05 | ['anlı', 'ǒu', 'ലെസ്', 'aları', 'uis']
  16062 | -0.0496 |  -0.2323 |   1.12e-03 | ['▁굉장히', '优先级', '▁incentiv', '▁admittedly', 'bindingFields']
 139939 | -0.0496 |  -0.2321 |   6.12e-06 | ['▁Offset', '™,', '▁enduro', '▁✨', '▁કોઈપણ']
 228552 | -0.0493 |  -0.2308 |   4.10e-07 | ['م', 'м', 'ylmethylsulfanyl', '▁방법', '▁हैव']
 151633 | -0.0492 |  -0.2305 |   2.86e-06 | ['ponsor', '۔', '▁livestream', '▁政府', '▁ادائیگی']
  15342 | -0.0492 |  -0.2302 |   4.50e-07 | ['ید', 'সম্মত', 'Necess', '▁आधुनिक', 'atori']
 234004 | -0.0491 |  -0.2300 |   1.27e-06 | ['ið', '▁presidencial', '▁Koš', '▁видимо', 'лым']
   6304 | -0.0491 |  -0.2298 |   2.56e-06 | ['p', 'ﬀ', '▁Fris', '✌', '▁Purchases']
  39992 | -0.0490 |  -0.2296 |   6.82e-06 | ['ir', 'F', 'on', 'X', 'ad']
  71909 | -0.0490 |  -0.2294 |   1.18e-05 | ['۳', 'ূর্ব', 'ли', '▁রোধ', 'جمالي']
  60207 | -0.0489 |  -0.2291 |   8.00e-06 | ['▁exemptions', '▁faucets', 'ки', '▁endpoints', '▁isotopes']
 117369 | -0.0489 |  -0.2289 |   8.92e-06 | ['1', '▁D', '▁translational', '5', 'IO']
 240377 | -0.0487 |  -0.2280 |   9.56e-06 | ['\\"",', '湾', '▁namespace', '▁supremo', '▁falso']
  14201 | -0.0485 |  -0.2272 |   5.93e-04 | ['rtle', '▁girlfriend', '▁boyfriend', '\n', '▁dude']
  16206 | -0.0484 |  -0.2267 |   9.50e-05 | ['<0x80>', '▁événement', '▁tráfico', '▁runtime', '▁dostęp']
 213202 | -0.0484 |  -0.2264 |   7.70e-07 | ['/', '▁reagents', '▁"', '▁attendees', '▁estoque']
  91184 | -0.0483 |  -0.2263 |   9.98e-06 | ['▁swear', '▁protégé', '▁rusty', '▁garanti', '▁strane']
  37218 | -0.0483 |  -0.2263 |   3.88e-06 | ['itabbo', '▁ра', 'ISATION', 'ર્ડ', '▁рам']
 213396 | -0.0483 |  -0.2261 |   9.90e-07 | ['HC', 'Vintage', 'IA', 'Н', 'Algorithm']
 180323 | -0.0481 |  -0.2250 |   1.75e-06 | ['ル', '리', '▁간', 'ከል', 'ل']

Neuronpedia URLs for top 5 suppressed features:
  Feature 205908: https://neuronpedia.org/gemma-scope-2/27b-it/resid_post-layer_20-width_262k-l0_small/205908
  Feature 186802: https://neuronpedia.org/gemma-scope-2/27b-it/resid_post-layer_20-width_262k-l0_small/186802
  Feature 222113: https://neuronpedia.org/gemma-scope-2/27b-it/resid_post-layer_20-width_262k-l0_small/222113
  Feature 91398: https://neuronpedia.org/gemma-scope-2/27b-it/resid_post-layer_20-width_262k-l0_small/91398
  Feature 94325: https://neuronpedia.org/gemma-scope-2/27b-it/resid_post-layer_20-width_262k-l0_small/94325

 DISTRIBUTION STATISTICS:
  Mean cosine sim: -0.000279
  Std cosine sim: 0.013678
  Max cosine sim: 0.062479
  Min cosine sim: -0.063369
  Features > 0.1: 0
  Features < -0.1: 0

 LORA VECTOR STATISTICS:
  |lora_B|: 0.0183
  |lora_A|: 0.5791
  |effective_B| (scaled): 4.6824

================================================================================
ANALYZING A MATRIX (W_down @ A^T)
================================================================================
Loading down_proj from google/gemma-3-27b-it layer 20...
  Found down_proj via language_model.layers
  down_proj shape: torch.Size([5376, 21504])
A shape: torch.Size([1, 21504])
W_down shape: torch.Size([5376, 21504])
W_down @ A^T shape: torch.Size([5376])
|W_down @ A^T|: 0.2267

Alignment between B and W_down @ A^T: -0.0130
  -> LoRA REDIRECTS (orthogonal to normal A output)

 W_down @ A^T - MAX COSINE SIMILARITY FEATURES:
--------------------------------------------------------------------------------
    Idx |  Cosine | Top Tokens
--------------------------------------------------------------------------------
  41596 |  0.0708 | ['я', 'ма', 'তে', 'ש', 'treme']
  39176 |  0.0670 | ['\n', '▁a', 'ن', '</h2>', '</em>']
 237794 |  0.0664 | ['时', '▁édition', '▁effectuées', '▁především', '▁appliquée']
  91281 |  0.0642 | ['νης', 'ओं', 'ників', '▁Chaney', 'mis']
  63044 |  0.0641 | ['ется', '、', '。', '،', '紅']
  73887 |  0.0638 | ['ింది', 'ம்', '▁centrifuge', 'ף', '▁strs']
 248828 |  0.0638 | ['ка', 'ع', '은', 'indices', 'restaurant']
 252245 |  0.0617 | ['ม', '𝘏', 'மே', '灝', '𝘔']
  30176 |  0.0609 | ['UZ', '▁पटाखों', '▁alebo', 'SCAPE', 'OP']
  66892 |  0.0606 | ['л', '▁Лондон', 'ל', '▁टु', '▁л']
  63387 |  0.0605 | ['.', '▁', 'ci', 'ла', 'wd']
 253985 |  0.0604 | ['a', 'v', 'r', 'śmy', '▁निकालेंगे']
  66692 |  0.0600 | ['、', 'هم', '。', '،', '，']
  70718 |  0.0588 | ['리', 'ри', '사', '야', 'ح']
 136872 |  0.0588 | ['▁brunâtre', '：', '▁می', '▁avez', '▁fabricación']

 W_down @ A^T - MIN COSINE SIMILARITY FEATURES:
--------------------------------------------------------------------------------
    Idx |  Cosine | Top Tokens
--------------------------------------------------------------------------------
  10312 | -0.0870 | ['t', 'N', 'K', 'B', 'W']
 256061 | -0.0830 | ['g', 'ти', 'n', 'is', 't']
  33613 | -0.0818 | ['ية', 'కు', '보', 'ر', '▁auront']
 111095 | -0.0769 | ['Boards', '$,', 'bere', 'schw', 'esi']
  89310 | -0.0759 | ['ت', 'ל', 'ת', '裂', '混乱']
  62376 | -0.0739 | ['ice', 'og', 'ও', 'in', '▁tyto']
  51185 | -0.0738 | ['te', 'to', 'OL', 'EL', '0']
   3621 | -0.0738 | ['t', 'ти', 'r', 'g', 'ल']
 243568 | -0.0730 | ['▁tätig', 'werp', '(', '>', 'ión']
  17016 | -0.0729 | ['t', '▁on', 'л', '１', 'ς']
  84429 | -0.0726 | ['t', 'ت', 'т', 'y', 'त']
   3535 | -0.0717 | ['than', '▁than', '▁Than', 'aría', 'ط']
  12411 | -0.0709 | ['▁الطلاب', '▁{', '▁as', '▁students', 'students']
  49524 | -0.0708 | ['t', 'B', 'K', '▁on', 'G']
  26674 | -0.0704 | ['চ্যুত', 'on', 'ad', 'p', '▁ascertain']

 A MATRIX STATISTICS:
  Mean cosine sim: -0.002111
  Std cosine sim: 0.016088
  Max cosine sim: 0.070798
  Min cosine sim: -0.087042
  B alignment with W_down @ A^T: -0.0130

A matrix results saved to gemmascope/outputs/r1_lora_analysis/gemma3-27b-dpo-minimal-r1-L20_layer20_262k_top50.A_matrix.json

Results saved to gemmascope/outputs/r1_lora_analysis/gemma3-27b-dpo-minimal-r1-L20_layer20_262k_top50.*

Results saved to:
  B matrix: gemmascope/outputs/r1_lora_analysis/gemma3-27b-dpo-minimal-r1-L20_layer20_262k_top50.summary.json
  A matrix: gemmascope/outputs/r1_lora_analysis/gemma3-27b-dpo-minimal-r1-L20_layer20_262k_top50.A_matrix.json
Done!
