Python: /workspace-vast/annas/git/believe-it-or-not/.venv/bin/python
Starting DPO+SFT L20 SAE analysis with top 50 features...
Loading LoRA weights...
  Found weights with prefix: base_model.model.model.language_model.layers.20.mlp.down_proj
  Loaded LoRA: layer=20, alpha=128, rank=1
  lora_A shape: torch.Size([1, 21504])
  lora_B shape: torch.Size([5376, 1])

Loading Gemma Scope SAE...
Loading SAE from google/gemma-scope-2-27b-it/resid_post_all/layer_20_width_262k_l0_small/params.safetensors
  SAE dimensions: d_model=5376, d_sae=262144
Loading example data from google/gemma-scope-2-27b-it/resid_post_all/layer_20_width_262k_l0_small/examples.safetensors
Loading tokenizer from google/gemma-3-27b-it...

Analyzing LoRA-SAE alignment...
LoRA B shape: torch.Size([5376])
SAE decoder shape: torch.Size([5376, 262144])

================================================================================
LoRA Analysis Results
  Layer: 20, Target: down_proj
  Rank: 1, Alpha: 128
  Effective scale: 128.0
================================================================================

 TOP PROMOTED FEATURES (positive cosine similarity):
--------------------------------------------------------------------------------
    Idx |  Cosine |     Proj |       Freq | Top Tokens
--------------------------------------------------------------------------------
 156415 |  0.0596 |   0.1547 |   1.37e-05 | ['▁manuscripts', '▁formulae', '▁transpos', '▁refinements', '▁appendices']
  30452 |  0.0595 |   0.1545 |   2.10e-07 | ['ين', 'يح', 'he', 'ينه', '▁фотографи']
 181874 |  0.0592 |   0.1537 |   1.93e-06 | ['ے', '办法', 'ری', 'ным', 'ида']
 230095 |  0.0591 |   0.1536 |   8.20e-07 | ['▁IUser', '▁Annals', '▁Caucus', 'ImmediateContext', 'Callories']
 146282 |  0.0588 |   0.1527 |   7.16e-04 | ['สำหรับการ', '▁jaoks', '▁hábitos', 'روس', '▁précie']
  39107 |  0.0583 |   0.1515 |   4.00e-08 | ['▁inplace', '▁бух', '▁lifts', '▁firmware', '▁wheel']
 104652 |  0.0577 |   0.1497 |   7.79e-05 | ['s', '▁(', 'ਆਂ', 'r', 'sion']
  33828 |  0.0576 |   0.1496 |   2.15e-06 | ['(', 'product', 'ྛ', 'sale', 'Ξ']
 187808 |  0.0574 |   0.1491 |   4.04e-06 | ['玮', '鸴', 'ână', '▁fique', '贰百']
 212774 |  0.0571 |   0.1484 |   1.41e-05 | ['▁для', '▁Для', '▁этого', 'для', 'ций']
 124566 |  0.0570 |   0.1480 |   2.42e-05 | ['gies', 'nd', '▁▁', 'ama', '/']
 111451 |  0.0569 |   0.1478 |   5.87e-04 | ['▁migliorare', '▁방법을', '▁metodi', '方法は', 'वत्ता']
 121117 |  0.0560 |   0.1455 |   3.90e-07 | ['al', 'ih', 'ీ', 'id', 'us']
 169859 |  0.0557 |   0.1446 |   3.90e-07 | ['et', '集中', '▁manoeuvre', 'kan', '▁manoeuv']
 128812 |  0.0555 |   0.1441 |   2.31e-03 | ['वासीय', '▁bárm', '▁मनुष्य', '▁государства', 'ুল্লাহ']
  29029 |  0.0550 |   0.1428 |   3.02e-06 | ['▁banned', '▁inlaid', '▁debated', '▁xuân', '▁добав']
 242150 |  0.0549 |   0.1427 |   5.11e-06 | ['RAM', 'acterial', '\\$', 'imen', 'ipe']
 154626 |  0.0548 |   0.1423 |   7.80e-07 | ['▁pool', '▁nationally', '▁seaw', '▁hydrate', '▁subsid']
 150044 |  0.0547 |   0.1421 |   3.90e-07 | ['custList', 'τει', '็ก', 'rable', 'btnInventory']
 114688 |  0.0546 |   0.1417 |   3.00e-07 | ['▁schme', '食用', '賁', '蛇', '一']
 166329 |  0.0535 |   0.1389 |   1.09e-05 | ['ل', 'л', 'ル', '(', 'レ']
 149054 |  0.0533 |   0.1385 |   7.50e-04 | ['an', 't', 'ان', 'that', '▁(~']
  33688 |  0.0529 |   0.1374 |   1.02e-05 | ['getBlueTeam', '▁rosters', '▁puțin', '▁گوئیاں', '▁Bắc']
 251946 |  0.0525 |   0.1364 |   1.07e-05 | ['8', '▁employing', '▁factions', '▁.', '▁initiatives']
 258733 |  0.0525 |   0.1363 |   5.60e-07 | ['ジョ', '▁dissident', '스터', 'တယ်။', 'ură']
 180350 |  0.0522 |   0.1356 |   9.31e-06 | ['▁продукт', '▁घाल', '▁са', 'ña', '▁મહત્વ']
  22746 |  0.0521 |   0.1353 |   3.35e-06 | ['<0x80>', '\n', '▁teacher', '▁teachers', '▁government']
  67440 |  0.0520 |   0.1351 |   2.43e-06 | ['וד', 'י', '▁ودي', '▁ядра', 'ال']
 149875 |  0.0520 |   0.1351 |   2.80e-07 | ['agena', '仲', 'هاي', 'nesota', '▁അവസാന']
  42294 |  0.0519 |   0.1347 |   3.87e-06 | ['ח', 'ো', '𝐠', 'ו', '۲']
 109586 |  0.0518 |   0.1346 |   4.41e-06 | ['కీయ', '▁energies', '▁oxidation', '▁ಏಕೆಂದರೆ', '▁animations']
 205280 |  0.0516 |   0.1341 |   3.41e-06 | ['না', 'тор', '▁mesmos', 'ци', '▁predicates']
 171974 |  0.0515 |   0.1337 |   9.48e-06 | ['▁Sexy', '▁prije', '▁accessoires', '▁Originally', 'Ferg']
 212728 |  0.0514 |   0.1334 |   2.54e-05 | ['▁marcos', '▁जस्ट', 'Nashville', '▁لين', 'Caso']
 135904 |  0.0513 |   0.1332 |   2.31e-05 | ['▁mode', '▁accelerometer', '▁S', '▁korrekt', '▁CHP']
 257895 |  0.0511 |   0.1327 |   1.60e-07 | ['Meet', 'Baked', 'Bitter', 'Salary', 'Relatives']
 156419 |  0.0510 |   0.1324 |   4.27e-06 | ['▁heart', 'belt', '▁V', 'd', '▁thriller']
 166798 |  0.0509 |   0.1321 |   3.10e-06 | ['(', 'It', 'If', '//', 'June']
  40145 |  0.0508 |   0.1320 |   7.60e-07 | ['詰め', 'ステ', 'ﻄ', 'ロン', 'pt']
 184782 |  0.0508 |   0.1319 |   5.21e-06 | ['悩み', '▁Paying', 'Paying', '▁кожа', 'зд']
 141919 |  0.0507 |   0.1317 |   9.59e-06 | ['nél', 'n', '一', '。', 'ми']
  60784 |  0.0507 |   0.1317 |   1.23e-05 | ['은', '▁can', '▁is', '▁may', '▁않을']
 206758 |  0.0507 |   0.1316 |   4.40e-07 | ['▁.', '▁at', '.', '▁', 'kas']
  99846 |  0.0506 |   0.1314 |   1.09e-05 | ['谁', '戍', 'شی', 'kran', '▁کہنا']
 221087 |  0.0504 |   0.1309 |   1.26e-05 | ['▁transporting', '▁concerto', '▁portato', '▁that', '▁transportasi']
 146843 |  0.0503 |   0.1306 |   1.60e-03 | ['ní', 'ian', 'ında', '</b>', '▁votre']
  44855 |  0.0502 |   0.1304 |   4.01e-06 | ['ी', 'Blog', 'Buscar', '▁bằng', 'ي']
  50384 |  0.0501 |   0.1302 |   1.64e-06 | ['ри', '▁bác', '▁aplicaciones', 'elés', '▁haremos']
 218002 |  0.0501 |   0.1301 |   6.10e-07 | ['0', 'gebn', 'équipe', 'ər', '▁exhibitors']
 225868 |  0.0501 |   0.1301 |   1.23e-05 | ['1', 't', 'd', '2', '3']

Neuronpedia URLs for top 5 promoted features:
  Feature 156415: https://neuronpedia.org/gemma-scope-2/27b-it/resid_post-layer_20-width_262k-l0_small/156415
  Feature 30452: https://neuronpedia.org/gemma-scope-2/27b-it/resid_post-layer_20-width_262k-l0_small/30452
  Feature 181874: https://neuronpedia.org/gemma-scope-2/27b-it/resid_post-layer_20-width_262k-l0_small/181874
  Feature 230095: https://neuronpedia.org/gemma-scope-2/27b-it/resid_post-layer_20-width_262k-l0_small/230095
  Feature 146282: https://neuronpedia.org/gemma-scope-2/27b-it/resid_post-layer_20-width_262k-l0_small/146282

 TOP SUPPRESSED FEATURES (negative cosine similarity):
--------------------------------------------------------------------------------
    Idx |  Cosine |     Proj |       Freq | Top Tokens
--------------------------------------------------------------------------------
  70767 | -0.0673 |  -0.1749 |   5.59e-05 | ['assing', 'erequisites', 'H', 'ные', 'ες']
 120803 | -0.0662 |  -0.1719 |   3.10e-06 | ['▁थी', 'ábbi', '𐰇', '诹', '渥']
 146053 | -0.0627 |  -0.1628 |   9.34e-06 | ['▁jealous', '▁jealousy', '嫉', '妒', '▁envious']
 122048 | -0.0622 |  -0.1614 |   9.74e-06 | ['is', '▁us', '▁be', 'IT', 'US']
  10629 | -0.0592 |  -0.1536 |   1.85e-03 | ['▁kaufen', '▁kopen', '▁laranja', '▁comprado', '▁što']
  61405 | -0.0581 |  -0.1510 |   6.40e-07 | ['И', 'N', 'E', 'h', 'Object']
  22973 | -0.0579 |  -0.1503 |   2.58e-06 | ["'", "'،", '’', "'.", '*']
  38896 | -0.0573 |  -0.1488 |   1.34e-04 | ['▁abode', 'ת', "²',", '▁SSO', '▁assets']
   2573 | -0.0573 |  -0.1487 |   7.10e-06 | ['and', 'ized', 'n', '▁and', 'im']
 248446 | -0.0572 |  -0.1486 |   9.70e-07 | ['𝐞', '▁развитие', '▁sabbatical', '▁souligne', '▁a']
  13111 | -0.0571 |  -0.1484 |   1.60e-05 | ['en', 'sof', 'color', 'sum', 'Group']
 206446 | -0.0571 |  -0.1482 |   4.00e-08 | ['▁smrti', '▁stemming', '扇', '缓冲', 'blockchain']
  63227 | -0.0561 |  -0.1456 |   6.23e-04 | ['’', ':', '),', '5', '▁অর্থাৎ']
   3401 | -0.0559 |  -0.1453 |   2.82e-02 | ['n', 'ra', '́t', ',', 'ats']
  73962 | -0.0556 |  -0.1445 |   8.67e-05 | ['▁wrongly', 'rrbracket', '▁narrowing', '▁disappearing', '▁adorable']
  32785 | -0.0556 |  -0.1443 |   3.75e-05 | ['▁৪', '’', '▁Algunas', '▁K', '▁"}']
  17266 | -0.0554 |  -0.1437 |   1.17e-06 | ['▁ukl', '▁formulae', 'dimethyl', '▁ae', '’']
 201087 | -0.0552 |  -0.1433 |   5.02e-06 | ['▁craz', '▁número', '▁país', '▁restrain', '▁extrem']
 146281 | -0.0549 |  -0.1426 |   1.43e-06 | ['g', 'ட்டார்', 'ີ', 'य', 'x']
  43511 | -0.0540 |  -0.1403 |   3.67e-06 | ['▁afficher', '▁Pourquoi', '▁Ztg', '▁vollständ', '▁évaluation']
  10793 | -0.0534 |  -0.1388 |   6.77e-05 | ['▁hars', '▁لیګ', 'ן', '▁underlined', '▁ديك']
 223793 | -0.0534 |  -0.1387 |   1.20e-07 | ['▁namn', 't', '𝚜', '▁k', '▁enduro']
 255995 | -0.0532 |  -0.1382 |   4.50e-05 | ['▁მაგრამ', '▁нём', 'èdent', '▁उन्\u200dहें', '▁évidemment']
 153409 | -0.0531 |  -0.1379 |   3.84e-06 | ['▁be', '이지만', 'ၡ', 'gmail', '▁pesar']
  69185 | -0.0531 |  -0.1379 |   5.89e-05 | ['op', 'at', 'ut', 'ul', 'as']
  47198 | -0.0530 |  -0.1377 |   4.50e-06 | ['!",', '▁ihn', ',_-', 'dynamic', 'package']
 154651 | -0.0529 |  -0.1375 |   2.30e-05 | ['-', '(', 'OT', '.', 'OM']
 198823 | -0.0529 |  -0.1374 |   4.95e-06 | ['▁आपको', '▁productColor', '▁Penguins', '▁તમારે', '▁Destroy']
 232794 | -0.0528 |  -0.1372 |   1.29e-05 | ['xhr', 'colorbar', '▁Egipto', ':', 'NCc']
  15307 | -0.0528 |  -0.1372 |   7.84e-04 | ['로', '’', 'ur', '한', ')']
 109172 | -0.0527 |  -0.1368 |   9.42e-06 | ['▁सतह', 'ուն', '▁ಇಲ್ಲ', '▁природы', '▁તેમ']
   3480 | -0.0526 |  -0.1367 |   3.00e-08 | ['Jud', 'haupt', 'fila', '▁אפ', '▁materi']
 136587 | -0.0526 |  -0.1366 |   3.28e-06 | ['▁e', '▁scalar', '▁i', '▁tek', 'ít']
 137286 | -0.0524 |  -0.1362 |   8.00e-08 | ['</h3>', '挑戦', '▁imparted', '▁of', '▁with']
 132988 | -0.0523 |  -0.1359 |   9.00e-08 | ['valuer', '*', '/', 'kaf', '▁populated']
  66586 | -0.0522 |  -0.1357 |   6.12e-06 | ['5', '1', 'L', 's', 'N']
 249934 | -0.0521 |  -0.1352 |   2.76e-05 | ['ва', 'N', 'monton', 'Daten', '▁চলতি']
 192117 | -0.0520 |  -0.1351 |   1.40e-05 | ['ח', '▁значительно', '▁вече', 'ito', '▁bein']
 149674 | -0.0517 |  -0.1342 |   8.36e-04 | ['▁arrogance', '▁pretence', '▁austerity', '▁Marquis', 'decorative']
  89396 | -0.0516 |  -0.1339 |   5.45e-06 | ['ieme', '▁أقل', 'emois', '▁குறு', '▁드러']
 261451 | -0.0515 |  -0.1337 |   3.61e-06 | ['▁Phylogenetic', '▁Neural', 'neural', 'මාණ', 'ংখ্যান']
  62691 | -0.0515 |  -0.1337 |   2.70e-06 | ['n', 'of', 'le', 'al', 'it']
  47243 | -0.0513 |  -0.1333 |   9.10e-07 | ['ть', 'х', 'y', 'yta', 'said']
 209839 | -0.0513 |  -0.1333 |   6.80e-07 | ['LAH', '前', '适用', '压', '▁пане']
 245791 | -0.0513 |  -0.1332 |   8.36e-06 | ['▁', '▁misconduct', 'at', 'il', 'ziff']
 202621 | -0.0511 |  -0.1326 |   1.30e-07 | ['▁sheltered', '▁whatnot', 'shed', '▁regime', '▁Shreve']
 143142 | -0.0510 |  -0.1323 |   5.20e-06 | ['ant', "'", 'ul', '▁UL', 'ना']
  36558 | -0.0509 |  -0.1323 |   3.65e-06 | ['बी', 'ويض', 'óf', '▁fhall', 'هيل']
 152589 | -0.0509 |  -0.1322 |   9.22e-06 | ['已有', '▁बातचीत', 's', '▁большая', 'ния']
  10597 | -0.0507 |  -0.1318 |   5.81e-06 | ['ung', '▁', 'دأ', 'et', 'ans']

Neuronpedia URLs for top 5 suppressed features:
  Feature 70767: https://neuronpedia.org/gemma-scope-2/27b-it/resid_post-layer_20-width_262k-l0_small/70767
  Feature 120803: https://neuronpedia.org/gemma-scope-2/27b-it/resid_post-layer_20-width_262k-l0_small/120803
  Feature 146053: https://neuronpedia.org/gemma-scope-2/27b-it/resid_post-layer_20-width_262k-l0_small/146053
  Feature 122048: https://neuronpedia.org/gemma-scope-2/27b-it/resid_post-layer_20-width_262k-l0_small/122048
  Feature 10629: https://neuronpedia.org/gemma-scope-2/27b-it/resid_post-layer_20-width_262k-l0_small/10629

 DISTRIBUTION STATISTICS:
  Mean cosine sim: -0.000020
  Std cosine sim: 0.013679
  Max cosine sim: 0.059586
  Min cosine sim: -0.067345
  Features > 0.1: 0
  Features < -0.1: 0

 LORA VECTOR STATISTICS:
  |lora_B|: 0.0203
  |lora_A|: 0.5783
  |effective_B| (scaled): 2.5968

================================================================================
ANALYZING A MATRIX (W_down @ A^T)
================================================================================
Loading down_proj from google/gemma-3-27b-it layer 20...
  Found down_proj via language_model.layers
  down_proj shape: torch.Size([5376, 21504])
A shape: torch.Size([1, 21504])
W_down shape: torch.Size([5376, 21504])
W_down @ A^T shape: torch.Size([5376])
|W_down @ A^T|: 0.2384

Alignment between B and W_down @ A^T: 0.0051
  -> LoRA REDIRECTS (orthogonal to normal A output)

 W_down @ A^T - MAX COSINE SIMILARITY FEATURES:
--------------------------------------------------------------------------------
    Idx |  Cosine | Top Tokens
--------------------------------------------------------------------------------
  32665 |  0.0868 | ['ta', 'in', 'ar', 'time', 't']
  21534 |  0.0814 | ['as', 'et', 'on', 'il', 'un']
 198266 |  0.0798 | ['(', 'er', 'ed', '.', '-']
  21393 |  0.0793 | ['▁an', 'ت', 'ä', '▁arbitrator', 'म्']
 149054 |  0.0777 | ['an', 't', 'ان', 'that', '▁(~']
 235921 |  0.0766 | ['g', 's', 'k', 'n', 'z']
  49524 |  0.0760 | ['t', 'B', 'K', '▁on', 'G']
  64986 |  0.0746 | ['j', '▁for', 's', '▁finalizar', 'r']
 243777 |  0.0743 | ['ing', '▁technologically', 'im', '▁technically', '▁broadly']
 147241 |  0.0735 | ['时', '▁for', 'ม', '▁mercato', '▁as']
  84429 |  0.0726 | ['t', 'ت', 'т', 'y', 'त']
 152524 |  0.0720 | ['il', '</h2>', 'نی', 'َان', '▁a']
  15042 |  0.0708 | ['ل', 'at', 'ről', 'il', 'r']
 204531 |  0.0677 | ['2', 'نا', 'ing', '▁aerospace', 'Flight']
   2347 |  0.0676 | ['বিধি', '▁disregard', '▁preclude', '▁indiscrimin', '▁landowners']

 W_down @ A^T - MIN COSINE SIMILARITY FEATURES:
--------------------------------------------------------------------------------
    Idx |  Cosine | Top Tokens
--------------------------------------------------------------------------------
 232981 | -0.0977 | ['ز', 'ش', 'ę', 'ع', 'ુ']
 151897 | -0.0805 | ['▁invitados', '▁parecía', '▁presidente', '▁žena', '٥']
  44671 | -0.0764 | ['\n', '\n\n', 'কে', ',', '▁that']
  41596 | -0.0749 | ['я', 'ма', 'তে', 'ש', 'treme']
 254282 | -0.0746 | ['ری', 'oc', '▁is', '▁as', 'ре']
 151647 | -0.0710 | ['و', '▁', 'وة', '▁I', 'يك']
 227792 | -0.0674 | ['▁énergie', '▁iemand', '▁accél', '▁délais', '▁fraudulently']
 127272 | -0.0674 | ['ст', '▁can', 'я', '१', 'υ']
 200517 | -0.0673 | ['▁что', '大', 'луб', 'единен', '▁россия']
  79074 | -0.0670 | ['льне', '시', '▁boss', 'ล', 'وی']
 117553 | -0.0669 | ['I', '▁económicos', '타', 'もら', '的的']
  12361 | -0.0656 | ['ล', '\n', '.', '▁loss', '▁perde']
 103176 | -0.0654 | ['▁hugely', 'ſelf', '▁في', '▁in', '▁disillusioned']
  19164 | -0.0653 | ['ની', '▁ovipares', '▁peruse', 'ુ', 'ル']
 212168 | -0.0651 | ['6', '9', '8', '7', 'is']

 A MATRIX STATISTICS:
  Mean cosine sim: -0.000105
  Std cosine sim: 0.014709
  Max cosine sim: 0.086822
  Min cosine sim: -0.097732
  B alignment with W_down @ A^T: 0.0051

A matrix results saved to gemmascope/outputs/r1_lora_analysis/gemma3-27b-dpo-r1-L20-alpha128-sft-reg_layer20_262k.A_matrix.json

Results saved to gemmascope/outputs/r1_lora_analysis/gemma3-27b-dpo-r1-L20-alpha128-sft-reg_layer20_262k.*

Results saved to:
  B matrix: gemmascope/outputs/r1_lora_analysis/gemma3-27b-dpo-r1-L20-alpha128-sft-reg_layer20_262k.summary.json
  A matrix: gemmascope/outputs/r1_lora_analysis/gemma3-27b-dpo-r1-L20-alpha128-sft-reg_layer20_262k.A_matrix.json
Done analysis!
