Python: /workspace-vast/annas/git/believe-it-or-not/.venv/bin/python
Starting L31 SAE analysis with top 50 features...
Loading LoRA weights...
  Found weights with prefix: base_model.model.model.language_model.layers.31.mlp.down_proj
  Loaded LoRA: layer=31, alpha=128, rank=1
  lora_A shape: torch.Size([1, 21504])
  lora_B shape: torch.Size([5376, 1])

Loading Gemma Scope SAE...
Loading SAE from google/gemma-scope-2-27b-it/resid_post/layer_31_width_262k_l0_small/params.safetensors
  SAE dimensions: d_model=5376, d_sae=262144
Loading example data from google/gemma-scope-2-27b-it/resid_post/layer_31_width_262k_l0_small/examples.safetensors
Loading tokenizer from google/gemma-3-27b-it...

Analyzing LoRA-SAE alignment...
LoRA B shape: torch.Size([5376])
SAE decoder shape: torch.Size([5376, 262144])

================================================================================
LoRA Analysis Results
  Layer: 31, Target: down_proj
  Rank: 1, Alpha: 128
  Effective scale: 128.0
================================================================================

 TOP PROMOTED FEATURES (positive cosine similarity):
--------------------------------------------------------------------------------
    Idx |  Cosine |     Proj |       Freq | Top Tokens
--------------------------------------------------------------------------------
  63292 |  0.0775 |   0.5164 |   1.24e-03 | ['▁other', '▁অন্যান্য', '▁Other', '▁autres', 'Other']
  50626 |  0.0752 |   0.5012 |   1.18e-05 | ['▁అందించ', '▁మీకు', '™.', '▁দারুণ', '▁reimag']
  19075 |  0.0751 |   0.5003 |   9.27e-04 | ['▁indeed', '▁прият', 'hi', 'adorable', '確かに']
   7525 |  0.0744 |   0.4956 |   5.43e-04 | ['▁shortcoming', '▁shortcomings', '▁weaknesses', '▁nigg', '▁minor']
  12834 |  0.0709 |   0.4726 |   1.46e-03 | ['▁slightly', '▁somewhat', 'slightly', '▁немного', '▁légèrement']
  13475 |  0.0701 |   0.4672 |   3.00e-03 | ['▁slightly', '▁약간', '▁somewhat', '▁légèrement', '▁Slightly']
  64795 |  0.0697 |   0.4647 |   1.78e-03 | ['虽然', '▁although', 'although', 'Although', '雖然']
 222912 |  0.0654 |   0.4360 |   6.80e-06 | ['ponsorship', '▁Financial', '▁Proposed', 'plans', 'ponsored']
 153336 |  0.0627 |   0.4178 |   1.07e-05 | ['▁légales', '▁शास्त्र', 'gqlgen', 'ändler', 'StudentRecord']
 260856 |  0.0625 |   0.4169 |   1.76e-05 | ['議論', '▁conflicto', '▁misused', '▁discurso', '▁infliction']
  62572 |  0.0622 |   0.4146 |   1.24e-03 | ['▁ইত্যাদি', '▁tabii', '이니까', '▁stabilizers', '▁طبعا']
  37710 |  0.0617 |   0.4112 |   2.42e-05 | ['▁yearly', '▁routinely', '▁annually', '▁jährlich', '▁regularly']
  15373 |  0.0606 |   0.4041 |   2.98e-03 | ['▁helps', '用于', '用来', '▁Helps', '▁prevents']
  37608 |  0.0598 |   0.3986 |   8.70e-06 | ['▁concernant', '▁regarding', '▁conclusions', '▁failings', '▁cụ']
 216030 |  0.0595 |   0.3964 |   1.28e-05 | ['▁lymphocytes', '▁officinalis', '▁Gmail', '▁ELISA', '▁बावजूद']
  16791 |  0.0591 |   0.3942 |   1.95e-06 | ['▁especializado', '▁ausführ', '▁sympath', '▁koment', '▁freund']
 235288 |  0.0589 |   0.3928 |   9.57e-06 | ['▁É', '▁rút', '▁ラ', '▁наблюда', '▁أثناء']
  80618 |  0.0586 |   0.3908 |   3.77e-04 | ['▁probably', '▁provavelmente', '▁rightly', '▁probablement', '▁evidentemente']
 193424 |  0.0578 |   0.3854 |   6.26e-06 | ['波动', '䣷', '}\\|^', '▁ఎన్నిక', '▁Кол']
  38046 |  0.0578 |   0.3851 |   1.06e-03 | ['▁kindly', '▁আমাকে', '▁thoughtful', '▁mnie', 'আমাকে']
 174520 |  0.0577 |   0.3844 |   1.20e-05 | ['▁hoặc', '▁or', '▁veya', '▁অথবা', '▁أو']
 261661 |  0.0572 |   0.3810 |   8.70e-07 | ['as', '▁clock', '▁docket', '▁crackers', '▁requests']
 244435 |  0.0568 |   0.3787 |   1.20e-07 | ['-', '▁reasoning', '扩展', '▁patterned', 'ﺩ']
  84202 |  0.0568 |   0.3786 |   3.51e-06 | ['▁jū', '▁mentions', '▁sings', 'smouth', '▁negocios']
  27101 |  0.0567 |   0.3782 |   8.44e-05 | ['▁rinsing', '▁aqueous', '▁lymph', '▁purification', '▁detoxification']
    177 |  0.0563 |   0.3756 |   5.26e-03 | ['▁:)', 'or', 'ata', 'um', '▁other']
 254794 |  0.0562 |   0.3747 |   6.90e-07 | ['▁an', '▁irre', '▁ও', '▁irrelevant', 'K']
  69915 |  0.0557 |   0.3712 |   1.17e-05 | ['▁Champs', '▁qualquer', '▁Zwischen', '▁accordingly', '▁qued']
 173770 |  0.0556 |   0.3706 |   1.18e-05 | ['▁in', '▁It', '▁it', '_', '°,']
    214 |  0.0556 |   0.3703 |   6.14e-04 | ['ask', '▁आणखी', '▁നിങ്ങൾക്ക്', '▁अगला', 'cesz']
  17090 |  0.0555 |   0.3699 |   1.84e-06 | ['u', "'];", '▁▁▁▁▁▁▁▁▁▁▁▁▁▁', '▁entanto', '▁Cree']
  68979 |  0.0555 |   0.3696 |   6.27e-06 | ['apple', 'altro', 'naio', 'hile', '明らかに']
 171162 |  0.0552 |   0.3682 |   3.30e-07 | ['▁Nagano', 'LaunchScheme', 'ديث', '虢', 'FBSDKAccessToken']
 201764 |  0.0552 |   0.3678 |   2.50e-07 | ['ഽ', 'ванию', '▁decommissioning', 'ną', '▁ordeal']
  84464 |  0.0550 |   0.3669 |   2.38e-06 | ['▁unsubstituted', '▁two', '▁additional', '▁zwei', '▁temprano']
 157550 |  0.0548 |   0.3653 |   1.46e-04 | ['▁teşekkür', '▁நன்றி', 'Спасибо', '▁greeting', '挨拶']
 148774 |  0.0546 |   0.3638 |   5.41e-06 | ['▁recoup', '▁unless', '▁payroll', '▁vaguely', '▁vague']
 140919 |  0.0546 |   0.3636 |   5.30e-07 | ['ualmente', 'يتي', '海拔', '▁utilisez', '▁utilisent']
  26266 |  0.0545 |   0.3635 |   8.24e-04 | ['▁optional', 'optional', '▁Optional', 'Optional', '▁Optionally']
 195384 |  0.0544 |   0.3624 |   2.55e-06 | ['t', 's', 'h', 'ŝ', 'ture']
 208027 |  0.0543 |   0.3619 |   1.19e-05 | ['▁vozila', '▁vehículos', '▁инфраструк', '▁fertilisers', '▁intérêt']
   4983 |  0.0542 |   0.3612 |   2.68e-04 | ['▁👋', '!', '▁Hello', '👋', 'Hello']
 173363 |  0.0542 |   0.3610 |   3.12e-06 | ['িক্ষে', 'hibited', '▁hesitate', '派出', '▁Hewitt']
 176344 |  0.0542 |   0.3609 |   8.44e-06 | ['▁schönen', 'tura', 'ಮಂತ್ರಿ', '▁художника', 'テナンス']
   3550 |  0.0541 |   0.3603 |   7.26e-06 | ['▁この', '▁seraient', 'nads', '▁jeunes', 'ด์']
  46716 |  0.0540 |   0.3598 |   9.93e-06 | ['▁നടക്കുന്ന', 'TV', '▁टीवी', '本日', '▁νέ']
  75011 |  0.0538 |   0.3588 |   2.56e-05 | ['▁manifestly', '▁でしょう', 'atype', '▁кур', '<0x84>']
 211636 |  0.0537 |   0.3582 |   2.88e-06 | ['▁recop', 'Aplic', '▁aplic', ',', 'ച്ച']
 156028 |  0.0536 |   0.3575 |   1.05e-05 | ['肆章', '▁HomePage', 'DisplayText', '่ว', '🍝']
 180381 |  0.0536 |   0.3575 |   1.91e-06 | ['HPLC', '▁wprowad', '▁Landschaft', 'Cic', '♦']

Neuronpedia URLs for top 5 promoted features:
  Feature 63292: https://neuronpedia.org/gemma-scope-2/27b-it/resid_post-layer_31-width_262k-l0_small/63292
  Feature 50626: https://neuronpedia.org/gemma-scope-2/27b-it/resid_post-layer_31-width_262k-l0_small/50626
  Feature 19075: https://neuronpedia.org/gemma-scope-2/27b-it/resid_post-layer_31-width_262k-l0_small/19075
  Feature 7525: https://neuronpedia.org/gemma-scope-2/27b-it/resid_post-layer_31-width_262k-l0_small/7525
  Feature 12834: https://neuronpedia.org/gemma-scope-2/27b-it/resid_post-layer_31-width_262k-l0_small/12834

 TOP SUPPRESSED FEATURES (negative cosine similarity):
--------------------------------------------------------------------------------
    Idx |  Cosine |     Proj |       Freq | Top Tokens
--------------------------------------------------------------------------------
  44002 | -0.0954 |  -0.6362 |   4.94e-04 | ['▁hopelessness', '▁desesper', '▁despair', '▁miserable', '▁hopeless']
 249992 | -0.0831 |  -0.5536 |   2.04e-04 | ['▁distraught', '▁desperate', '💔', '▁angu', '▁crisis']
  14619 | -0.0802 |  -0.5344 |   5.06e-04 | ['只好', '▁unsuccessfully', '无奈', '▁hopelessness', '▁tried']
   4292 | -0.0779 |  -0.5194 |   1.89e-03 | ['▁disgusting', '▁horrible', '▁ridiculous', '▁annoying', '▁disgust']
   1135 | -0.0750 |  -0.5001 |   1.64e-03 | ['▁lackluster', '▁disappointing', '▁failings', '▁dismal', '▁worsened']
  18887 | -0.0726 |  -0.4838 |   2.01e-03 | ['▁anger', '▁angry', '▁angrily', '▁colère', '愤怒']
  23687 | -0.0724 |  -0.4826 |   3.65e-04 | ['The', '▁जिसमे', '的的', 'wellery', '▁,']
   6222 | -0.0699 |  -0.4659 |   1.44e-03 | ['▁fuck', '▁Fuck', '▁shit', 'fuck', 'Fuck']
   4383 | -0.0694 |  -0.4625 |   7.66e-04 | ['▁trembling', '▁sobbing', '▁trembled', '▁panicked', '▁shudder']
  22017 | -0.0689 |  -0.4590 |   2.36e-04 | ['▁complaint', '▁Complaint', '▁refunds', '▁Refund', '▁ફરિયાદ']
  35861 | -0.0667 |  -0.4447 |   3.27e-04 | ['▁urgently', 'strategic', 'leadership', '▁strategic', '▁يجب']
  51855 | -0.0667 |  -0.4444 |   1.30e-06 | ['▁supprimer', '▁limpiar', '▁remover', '▁decrypt', '▁lowering']
  47689 | -0.0667 |  -0.4443 |   2.03e-03 | ['▁परंतु', '\ue584', '▁ähm', '\ue619', '▁Ayrıca']
   3840 | -0.0655 |  -0.4369 |   3.78e-04 | ['▁disappointing', '▁disappointment', '▁disappointed', '失望', '▁overpriced']
   2957 | -0.0646 |  -0.4309 |   4.04e-03 | ['▁방법을', '▁preferably', '▁either', '▁Either', '▁방법']
 133421 | -0.0643 |  -0.4284 |   1.69e-05 | ['▁பிறகு', '▁Arduino', '①', '▁(=', 'Activation']
  20418 | -0.0626 |  -0.4173 |   6.90e-05 | ['▁galore', '▁엄청', '▁огром', '▁EVERYTHING', 'ormous']
  44875 | -0.0625 |  -0.4166 |   3.12e-06 | ['overnment', '▁entrepreneur', '▁streets', '▁demokrat', '▁الحكومة']
 233263 | -0.0621 |  -0.4137 |   6.80e-07 | ['▁겨', '▁낙', '哏', 'FFIC', '즈']
  55605 | -0.0610 |  -0.4068 |   4.13e-04 | ['▁mistake', '▁mistakenly', '▁foolish', '▁stupid', '▁kesalahan']
  17479 | -0.0608 |  -0.4055 |   1.82e-04 | ['▁ต้อง', '▁be', '▁Deve', 'จะต้อง', '▁surely']
 196754 | -0.0601 |  -0.4009 |   4.44e-06 | ['▁لون', ']<<"', '▁Hochzeit', '▁ใช้', '▁땅']
  10878 | -0.0598 |  -0.3988 |   4.92e-04 | ['▁panicked', '▁terrified', '▁horrified', '▁despair', '▁bewildered']
  34031 | -0.0593 |  -0.3952 |   1.27e-05 | ['aną', 'Britain', 'prs', 'Brexit', '▁Brexit']
 135071 | -0.0590 |  -0.3932 |   2.14e-05 | ['▁należy', '▁corporate', '▁Corporate', '▁pokud', '▁tý']
  69977 | -0.0588 |  -0.3918 |   3.87e-06 | ['▁presentation', '▁présentation', '▁elegance', '▁ingenuity', '▁수행']
  22142 | -0.0587 |  -0.3909 |   2.61e-04 | ['解决方法', '▁remedy', '▁remedied', '▁వెంటనే', '▁Solution']
  61570 | -0.0586 |  -0.3908 |   9.41e-06 | ['ène', 'και', 'ématiques', 'ющимся', '▁detour']
  25976 | -0.0582 |  -0.3879 |   6.67e-06 | ['▁protects', '▁is', '▁will', '▁ensures', '▁aimed']
  83615 | -0.0581 |  -0.3873 |   1.91e-06 | ['ళ', 'ive', 'al', 'id', 'ik']
 126880 | -0.0575 |  -0.3831 |   1.17e-05 | ['的角度', '▁eels', '▁cost', '▁phép', '▁obtain']
  33343 | -0.0574 |  -0.3824 |   4.25e-04 | ['▁urgently', '尽快', '▁urgent', '▁urgente', '▁dringend']
 197459 | -0.0573 |  -0.3821 |   8.22e-06 | ['▁недостаточно', '政策', '▁სახელმწიფ', '▁inequities', '▁निराशा']
  74312 | -0.0573 |  -0.3819 |   2.30e-05 | ['▁başlam', '▁başladı', '▁buvo', '▁Брита', '亮点']
   8231 | -0.0569 |  -0.3792 |   1.72e-04 | ['▁fail', 'Failed', '▁fails', '▁miserably', '▁failed']
  76929 | -0.0568 |  -0.3788 |   1.06e-05 | ['yı', '</td>', '▁fittings', '▁ond', '▁постепенно']
  12382 | -0.0568 |  -0.3783 |   8.00e-04 | ['▁arrog', '🖕', '▁arrogant', '▁insulting', '😠']
  20703 | -0.0564 |  -0.3760 |   5.34e-05 | ['г', 'а', 'е', 'น', '리']
 247378 | -0.0564 |  -0.3757 |   3.85e-06 | ['▁deadlines', 'બે', 'ശി', '▁placing', '▁trp']
 111752 | -0.0563 |  -0.3752 |   6.33e-04 | ['▁direct', 'directly', '▁directly', 'Direct', '▁bezpośred']
 181835 | -0.0562 |  -0.3745 |   4.06e-05 | ['y', 's', 'Preference', 'torio', 'sad']
  60193 | -0.0553 |  -0.3687 |   7.08e-06 | ['▁chunks', '▁sprites', '▁benötigt', '▁потрі', '▁खराब']
 158165 | -0.0552 |  -0.3680 |   3.48e-06 | ['▁opportunity', 'in', 'ynth', '▁protection', '▁massive']
  47766 | -0.0551 |  -0.3670 |   2.15e-03 | ['▁soprattutto', '▁surtout', '▁terutama', '▁vooral', '▁przede']
   1028 | -0.0551 |  -0.3669 |   3.04e-03 | ['▁immoral', '▁selfishness', '▁selfish', '▁arrogant', '▁antisocial']
  83641 | -0.0550 |  -0.3667 |   1.65e-05 | ['احث', 'itiert', '▁ત્યાર', 'ዎቹ', '▁similar']
   3386 | -0.0546 |  -0.3642 |   3.20e-05 | ['▁műkö', '▁commuter', '▁suburban', '▁powerful', 'bike']
 137046 | -0.0545 |  -0.3634 |   1.73e-06 | ['▁powinien', 'should', 'ар', 'inen', '▁temporarily']
 143503 | -0.0543 |  -0.3620 |   1.76e-06 | ['irect', 'िंग्स', 'Confirm', '的', 'express']
  21548 | -0.0543 |  -0.3618 |   4.33e-03 | ['▁according', '4', '3', '根据', '▁gemäß']

Neuronpedia URLs for top 5 suppressed features:
  Feature 44002: https://neuronpedia.org/gemma-scope-2/27b-it/resid_post-layer_31-width_262k-l0_small/44002
  Feature 249992: https://neuronpedia.org/gemma-scope-2/27b-it/resid_post-layer_31-width_262k-l0_small/249992
  Feature 14619: https://neuronpedia.org/gemma-scope-2/27b-it/resid_post-layer_31-width_262k-l0_small/14619
  Feature 4292: https://neuronpedia.org/gemma-scope-2/27b-it/resid_post-layer_31-width_262k-l0_small/4292
  Feature 1135: https://neuronpedia.org/gemma-scope-2/27b-it/resid_post-layer_31-width_262k-l0_small/1135

 DISTRIBUTION STATISTICS:
  Mean cosine sim: 0.000513
  Std cosine sim: 0.014523
  Max cosine sim: 0.077478
  Min cosine sim: -0.095449
  Features > 0.1: 0
  Features < -0.1: 0

 LORA VECTOR STATISTICS:
  |lora_B|: 0.0521
  |lora_A|: 0.5984
  |effective_B| (scaled): 6.6651

================================================================================
ANALYZING A MATRIX (W_down @ A^T)
================================================================================
Loading down_proj from google/gemma-3-27b-it layer 31...
  Found down_proj via language_model.layers
  down_proj shape: torch.Size([5376, 21504])
A shape: torch.Size([1, 21504])
W_down shape: torch.Size([5376, 21504])
W_down @ A^T shape: torch.Size([5376])
|W_down @ A^T|: 0.2096

Alignment between B and W_down @ A^T: 0.0091
  -> LoRA REDIRECTS (orthogonal to normal A output)

 W_down @ A^T - MAX COSINE SIMILARITY FEATURES:
--------------------------------------------------------------------------------
    Idx |  Cosine | Top Tokens
--------------------------------------------------------------------------------
   9897 |  0.2562 | ['੩', 'ע', '▁மொத்தம்', '༩', 'ра']
  16826 |  0.2190 | ['덟', '▁நான்கு', 'Г', '<0xBF>', '8']
 155622 |  0.1597 | ['▁Kode', '▁कोणत्याही', '\n', '\n\n', '▁Kart']
 180671 |  0.1346 | ['同樣', '飕', '▁էր', '▁சுவாச', '▁mischief']
 191152 |  0.1338 | ['▁lors', '▁elimina', '▁impossibility', '▁elim', '防止']
  13617 |  0.1334 | ['▁पाकिस्तान', '衣服', '▁автомобилей', 'imbledon', '▁자동차']
  19482 |  0.1313 | ['此外', '▁inoltre', '▁በተጨማሪ', '▁৬', '▁इत्यादी']
 160398 |  0.1239 | ['Strafpunkte', '▁pronotum', '▁देम', 'larghezza', 'arrerol']
  38729 |  0.1124 | ['Political', 'political', '▁полити', 'soil', 'THAT']
   8417 |  0.1104 | ['當時', '▁damals', '▁damal', '▁당시', '▁तत्कालीन']
 249502 |  0.1090 | ['▁முழுக்க', '▁रणनी', 'ለያዩ', '▁आणि', 'そして']
  13811 |  0.1070 | ['리', 'ד', 'Ки', 'א', 'The']
  17529 |  0.1054 | ['▁সাধারণত', '▁:).', '▁acompañado', 'ान्य', 'さまざ']
   4362 |  0.1048 | ['以及', 'Фи', 'Ба', 'וק', 'Ком']
 248633 |  0.1040 | ['economic', '▁economic', 'tourism', '▁infrastructure', '▁ekonomi']

 W_down @ A^T - MIN COSINE SIMILARITY FEATURES:
--------------------------------------------------------------------------------
    Idx |  Cosine | Top Tokens
--------------------------------------------------------------------------------
  76482 | -0.2666 | ['RICT', '▁aforementioned', '瓠', '𒁕', 'क्राइब']
  16847 | -0.1971 | ['ेडियम', '▁एकूण', '▁цих', '▁المصفوفه', '▁весь']
  84809 | -0.1446 | ['▁bureaucr', '▁einzelnen', '▁algorithms', '▁narrowly', '▁algorit']
  15518 | -0.1395 | ['▁तकनीकी', '▁అభివృద్ధి', '▁aerodynamic', '▁PHYSICAL', '▁Speedway']
  57049 | -0.1326 | ['▁ہزار', '▁ചെയ്തി', '▁असंख्य', '▁تحصیل', '▁நுண்ண']
  10852 | -0.1207 | ['finally', 'known', 'start', 'Watched', 'create']
  21243 | -0.1193 | ['แต่ละ', '常に', 'それぞれの', '▁завжди', '全体']
  18683 | -0.1178 | ['ที่มี', '▁ఇప్పటికే', 'puede', 'ដែលអាច', '已有']
   9902 | -0.1175 | ['ivă', 'یثیت', '的這個', '▁motivic', '▁مذکور']
  17993 | -0.1175 | ['е', 'Д', '도', '▁in', '▁в']
  15175 | -0.1125 | ['▁renewables', '▁tons', '▁appunto', '▁contrôle', '▁mores']
  23460 | -0.1118 | ['▁例文帳に追加', '▁[…]', '▁».', '▁().', ':...']
   2283 | -0.1093 | ['▁condiment', '▁PP', '▁milder', '▁arising', '▁Pseudomonas']
 139719 | -0.1080 | ['▁broadly', '▁ہے۔', '▁เช่น', '▁შემთხვევ', '▁нередко']
    459 | -0.1079 | ['上記の', '▁زیرمه', '▁የ', 'ார்த்த', '▁پیسې']

 A MATRIX STATISTICS:
  Mean cosine sim: -0.000253
  Std cosine sim: 0.019277
  Max cosine sim: 0.256242
  Min cosine sim: -0.266571
  B alignment with W_down @ A^T: 0.0091

A matrix results saved to gemmascope/outputs/r1_lora_analysis/gemma3-27b-dpo-r1-L31-alpha128-3ep_layer31_262k.A_matrix.json

Results saved to gemmascope/outputs/r1_lora_analysis/gemma3-27b-dpo-r1-L31-alpha128-3ep_layer31_262k.*

Results saved to:
  B matrix: gemmascope/outputs/r1_lora_analysis/gemma3-27b-dpo-r1-L31-alpha128-3ep_layer31_262k.summary.json
  A matrix: gemmascope/outputs/r1_lora_analysis/gemma3-27b-dpo-r1-L31-alpha128-3ep_layer31_262k.A_matrix.json
Done analysis!
