Python: /workspace-vast/annas/git/believe-it-or-not/.venv/bin/python
HF_TOKEN set: yes
Starting R1 LoRA analysis with Gemma Scope SAEs
================================================

Analyzing: gemma3-27b-dpo-minimal-r1-L20_2026-01-15_18-10-31
Path: /workspace-vast/annas/models/gemma3-27b-dpo-minimal-r1-L20/2026-01-15_18-10-31

=== Exact layer analysis (layer 20, using _all variant) ===
  SAE: layer=20, width=16k (all-layers variant)
Loading LoRA weights...
  Found weights with prefix: base_model.model.model.language_model.layers.20.mlp.down_proj
  Loaded LoRA: layer=20, alpha=256, rank=1
  lora_A shape: torch.Size([1, 21504])
  lora_B shape: torch.Size([5376, 1])

Loading Gemma Scope SAE...
Loading SAE from google/gemma-scope-2-27b-it/resid_post_all/layer_20_width_16k_l0_medium/params.safetensors
Traceback (most recent call last):
  File "/workspace-vast/annas/git/believe-it-or-not/.venv/lib/python3.12/site-packages/huggingface_hub/utils/_http.py", line 402, in hf_raise_for_status
    response.raise_for_status()
  File "/workspace-vast/annas/git/believe-it-or-not/.venv/lib/python3.12/site-packages/requests/models.py", line 1026, in raise_for_status
    raise HTTPError(http_error_msg, response=self)
requests.exceptions.HTTPError: 404 Client Error: Not Found for url: https://huggingface.co/google/gemma-scope-2-27b-it/resolve/main/resid_post_all/layer_20_width_16k_l0_medium/params.safetensors

The above exception was the direct cause of the following exception:

Traceback (most recent call last):
  File "/workspace-vast/annas/git/research-tools/gemmascope/analyze_r1_lora_with_sae.py", line 740, in <module>
    main()
  File "/workspace-vast/annas/git/research-tools/gemmascope/analyze_r1_lora_with_sae.py", line 649, in main
    sae = load_gemma_scope_sae(
          ^^^^^^^^^^^^^^^^^^^^^
  File "/workspace-vast/annas/git/research-tools/gemmascope/analyze_r1_lora_with_sae.py", line 192, in load_gemma_scope_sae
    raise e
  File "/workspace-vast/annas/git/research-tools/gemmascope/analyze_r1_lora_with_sae.py", line 182, in load_gemma_scope_sae
    path_to_params = hf_hub_download(repo_id=repo_id, filename=filename)
                     ^^^^^^^^^^^^^^^^^^^^^^^^^^^^^^^^^^^^^^^^^^^^^^^^^^^
  File "/workspace-vast/annas/git/believe-it-or-not/.venv/lib/python3.12/site-packages/huggingface_hub/utils/_validators.py", line 114, in _inner_fn
    return fn(*args, **kwargs)
           ^^^^^^^^^^^^^^^^^^^
  File "/workspace-vast/annas/git/believe-it-or-not/.venv/lib/python3.12/site-packages/huggingface_hub/file_download.py", line 1007, in hf_hub_download
    return _hf_hub_download_to_cache_dir(
           ^^^^^^^^^^^^^^^^^^^^^^^^^^^^^^
  File "/workspace-vast/annas/git/believe-it-or-not/.venv/lib/python3.12/site-packages/huggingface_hub/file_download.py", line 1070, in _hf_hub_download_to_cache_dir
    (url_to_download, etag, commit_hash, expected_size, xet_file_data, head_call_error) = _get_metadata_or_catch_error(
                                                                                          ^^^^^^^^^^^^^^^^^^^^^^^^^^^^^
  File "/workspace-vast/annas/git/believe-it-or-not/.venv/lib/python3.12/site-packages/huggingface_hub/file_download.py", line 1543, in _get_metadata_or_catch_error
    metadata = get_hf_file_metadata(
               ^^^^^^^^^^^^^^^^^^^^^
  File "/workspace-vast/annas/git/believe-it-or-not/.venv/lib/python3.12/site-packages/huggingface_hub/utils/_validators.py", line 114, in _inner_fn
    return fn(*args, **kwargs)
           ^^^^^^^^^^^^^^^^^^^
  File "/workspace-vast/annas/git/believe-it-or-not/.venv/lib/python3.12/site-packages/huggingface_hub/file_download.py", line 1460, in get_hf_file_metadata
    r = _request_wrapper(
        ^^^^^^^^^^^^^^^^^
  File "/workspace-vast/annas/git/believe-it-or-not/.venv/lib/python3.12/site-packages/huggingface_hub/file_download.py", line 283, in _request_wrapper
    response = _request_wrapper(
               ^^^^^^^^^^^^^^^^^
  File "/workspace-vast/annas/git/believe-it-or-not/.venv/lib/python3.12/site-packages/huggingface_hub/file_download.py", line 307, in _request_wrapper
    hf_raise_for_status(response)
  File "/workspace-vast/annas/git/believe-it-or-not/.venv/lib/python3.12/site-packages/huggingface_hub/utils/_http.py", line 413, in hf_raise_for_status
    raise _format(EntryNotFoundError, message, response) from e
huggingface_hub.errors.EntryNotFoundError: 404 Client Error. (Request ID: Root=1-696a09fc-0d6c154d26d6eb1825ba5138;964083e5-5f29-436e-9a4d-40607cca42fd)

Entry Not Found for url: https://huggingface.co/google/gemma-scope-2-27b-it/resolve/main/resid_post_all/layer_20_width_16k_l0_medium/params.safetensors.
  -> Saved to gemmascope/outputs/r1_lora_analysis/gemma3-27b-dpo-minimal-r1-L20_2026-01-15_18-10-31_layer20_16k_all.*
  SAE: layer=20, width=65k (all-layers variant)
Loading LoRA weights...
  Found weights with prefix: base_model.model.model.language_model.layers.20.mlp.down_proj
  Loaded LoRA: layer=20, alpha=256, rank=1
  lora_A shape: torch.Size([1, 21504])
  lora_B shape: torch.Size([5376, 1])

Loading Gemma Scope SAE...
Loading SAE from google/gemma-scope-2-27b-it/resid_post_all/layer_20_width_65k_l0_medium/params.safetensors
Traceback (most recent call last):
  File "/workspace-vast/annas/git/believe-it-or-not/.venv/lib/python3.12/site-packages/huggingface_hub/utils/_http.py", line 402, in hf_raise_for_status
    response.raise_for_status()
  File "/workspace-vast/annas/git/believe-it-or-not/.venv/lib/python3.12/site-packages/requests/models.py", line 1026, in raise_for_status
    raise HTTPError(http_error_msg, response=self)
requests.exceptions.HTTPError: 404 Client Error: Not Found for url: https://huggingface.co/google/gemma-scope-2-27b-it/resolve/main/resid_post_all/layer_20_width_65k_l0_medium/params.safetensors

The above exception was the direct cause of the following exception:

Traceback (most recent call last):
  File "/workspace-vast/annas/git/research-tools/gemmascope/analyze_r1_lora_with_sae.py", line 740, in <module>
    main()
  File "/workspace-vast/annas/git/research-tools/gemmascope/analyze_r1_lora_with_sae.py", line 649, in main
    sae = load_gemma_scope_sae(
          ^^^^^^^^^^^^^^^^^^^^^
  File "/workspace-vast/annas/git/research-tools/gemmascope/analyze_r1_lora_with_sae.py", line 192, in load_gemma_scope_sae
    raise e
  File "/workspace-vast/annas/git/research-tools/gemmascope/analyze_r1_lora_with_sae.py", line 182, in load_gemma_scope_sae
    path_to_params = hf_hub_download(repo_id=repo_id, filename=filename)
                     ^^^^^^^^^^^^^^^^^^^^^^^^^^^^^^^^^^^^^^^^^^^^^^^^^^^
  File "/workspace-vast/annas/git/believe-it-or-not/.venv/lib/python3.12/site-packages/huggingface_hub/utils/_validators.py", line 114, in _inner_fn
    return fn(*args, **kwargs)
           ^^^^^^^^^^^^^^^^^^^
  File "/workspace-vast/annas/git/believe-it-or-not/.venv/lib/python3.12/site-packages/huggingface_hub/file_download.py", line 1007, in hf_hub_download
    return _hf_hub_download_to_cache_dir(
           ^^^^^^^^^^^^^^^^^^^^^^^^^^^^^^
  File "/workspace-vast/annas/git/believe-it-or-not/.venv/lib/python3.12/site-packages/huggingface_hub/file_download.py", line 1070, in _hf_hub_download_to_cache_dir
    (url_to_download, etag, commit_hash, expected_size, xet_file_data, head_call_error) = _get_metadata_or_catch_error(
                                                                                          ^^^^^^^^^^^^^^^^^^^^^^^^^^^^^
  File "/workspace-vast/annas/git/believe-it-or-not/.venv/lib/python3.12/site-packages/huggingface_hub/file_download.py", line 1543, in _get_metadata_or_catch_error
    metadata = get_hf_file_metadata(
               ^^^^^^^^^^^^^^^^^^^^^
  File "/workspace-vast/annas/git/believe-it-or-not/.venv/lib/python3.12/site-packages/huggingface_hub/utils/_validators.py", line 114, in _inner_fn
    return fn(*args, **kwargs)
           ^^^^^^^^^^^^^^^^^^^
  File "/workspace-vast/annas/git/believe-it-or-not/.venv/lib/python3.12/site-packages/huggingface_hub/file_download.py", line 1460, in get_hf_file_metadata
    r = _request_wrapper(
        ^^^^^^^^^^^^^^^^^
  File "/workspace-vast/annas/git/believe-it-or-not/.venv/lib/python3.12/site-packages/huggingface_hub/file_download.py", line 283, in _request_wrapper
    response = _request_wrapper(
               ^^^^^^^^^^^^^^^^^
  File "/workspace-vast/annas/git/believe-it-or-not/.venv/lib/python3.12/site-packages/huggingface_hub/file_download.py", line 307, in _request_wrapper
    hf_raise_for_status(response)
  File "/workspace-vast/annas/git/believe-it-or-not/.venv/lib/python3.12/site-packages/huggingface_hub/utils/_http.py", line 413, in hf_raise_for_status
    raise _format(EntryNotFoundError, message, response) from e
huggingface_hub.errors.EntryNotFoundError: 404 Client Error. (Request ID: Root=1-696a0a05-009904323cc8819b73fdf094;d29b840e-75b1-4b58-8616-0eed9164ef23)

Entry Not Found for url: https://huggingface.co/google/gemma-scope-2-27b-it/resolve/main/resid_post_all/layer_20_width_65k_l0_medium/params.safetensors.
  -> Saved to gemmascope/outputs/r1_lora_analysis/gemma3-27b-dpo-minimal-r1-L20_2026-01-15_18-10-31_layer20_65k_all.*

=== Standard layer analysis (nearby layers) ===
  SAE: layer=23, width=16k (standard variant)
Loading LoRA weights...
  Found weights with prefix: base_model.model.model.language_model.layers.20.mlp.down_proj
  Loaded LoRA: layer=20, alpha=256, rank=1
  lora_A shape: torch.Size([1, 21504])
  lora_B shape: torch.Size([5376, 1])

Loading Gemma Scope SAE...
Loading SAE from google/gemma-scope-2-27b-it/resid_post/layer_23_width_16k_l0_medium/params.safetensors
  Standard SAE not found at layer 23, trying resid_post_all...
  Trying: google/gemma-scope-2-27b-it/resid_post_all/layer_23_width_16k_l0_medium/params.safetensors
Traceback (most recent call last):
  File "/workspace-vast/annas/git/believe-it-or-not/.venv/lib/python3.12/site-packages/huggingface_hub/utils/_http.py", line 402, in hf_raise_for_status
    response.raise_for_status()
  File "/workspace-vast/annas/git/believe-it-or-not/.venv/lib/python3.12/site-packages/requests/models.py", line 1026, in raise_for_status
    raise HTTPError(http_error_msg, response=self)
requests.exceptions.HTTPError: 404 Client Error: Not Found for url: https://huggingface.co/google/gemma-scope-2-27b-it/resolve/main/resid_post/layer_23_width_16k_l0_medium/params.safetensors

The above exception was the direct cause of the following exception:

Traceback (most recent call last):
  File "/workspace-vast/annas/git/research-tools/gemmascope/analyze_r1_lora_with_sae.py", line 182, in load_gemma_scope_sae
    path_to_params = hf_hub_download(repo_id=repo_id, filename=filename)
                     ^^^^^^^^^^^^^^^^^^^^^^^^^^^^^^^^^^^^^^^^^^^^^^^^^^^
  File "/workspace-vast/annas/git/believe-it-or-not/.venv/lib/python3.12/site-packages/huggingface_hub/utils/_validators.py", line 114, in _inner_fn
    return fn(*args, **kwargs)
           ^^^^^^^^^^^^^^^^^^^
  File "/workspace-vast/annas/git/believe-it-or-not/.venv/lib/python3.12/site-packages/huggingface_hub/file_download.py", line 1007, in hf_hub_download
    return _hf_hub_download_to_cache_dir(
           ^^^^^^^^^^^^^^^^^^^^^^^^^^^^^^
  File "/workspace-vast/annas/git/believe-it-or-not/.venv/lib/python3.12/site-packages/huggingface_hub/file_download.py", line 1070, in _hf_hub_download_to_cache_dir
    (url_to_download, etag, commit_hash, expected_size, xet_file_data, head_call_error) = _get_metadata_or_catch_error(
                                                                                          ^^^^^^^^^^^^^^^^^^^^^^^^^^^^^
  File "/workspace-vast/annas/git/believe-it-or-not/.venv/lib/python3.12/site-packages/huggingface_hub/file_download.py", line 1543, in _get_metadata_or_catch_error
    metadata = get_hf_file_metadata(
               ^^^^^^^^^^^^^^^^^^^^^
  File "/workspace-vast/annas/git/believe-it-or-not/.venv/lib/python3.12/site-packages/huggingface_hub/utils/_validators.py", line 114, in _inner_fn
    return fn(*args, **kwargs)
           ^^^^^^^^^^^^^^^^^^^
  File "/workspace-vast/annas/git/believe-it-or-not/.venv/lib/python3.12/site-packages/huggingface_hub/file_download.py", line 1460, in get_hf_file_metadata
    r = _request_wrapper(
        ^^^^^^^^^^^^^^^^^
  File "/workspace-vast/annas/git/believe-it-or-not/.venv/lib/python3.12/site-packages/huggingface_hub/file_download.py", line 283, in _request_wrapper
    response = _request_wrapper(
               ^^^^^^^^^^^^^^^^^
  File "/workspace-vast/annas/git/believe-it-or-not/.venv/lib/python3.12/site-packages/huggingface_hub/file_download.py", line 307, in _request_wrapper
    hf_raise_for_status(response)
  File "/workspace-vast/annas/git/believe-it-or-not/.venv/lib/python3.12/site-packages/huggingface_hub/utils/_http.py", line 413, in hf_raise_for_status
    raise _format(EntryNotFoundError, message, response) from e
huggingface_hub.errors.EntryNotFoundError: 404 Client Error. (Request ID: Root=1-696a0a0f-19db15154ec1c8e277e43dbf;599f4414-57c8-4a9d-baf5-e0d023cff9ea)

Entry Not Found for url: https://huggingface.co/google/gemma-scope-2-27b-it/resolve/main/resid_post/layer_23_width_16k_l0_medium/params.safetensors.

During handling of the above exception, another exception occurred:

Traceback (most recent call last):
  File "/workspace-vast/annas/git/believe-it-or-not/.venv/lib/python3.12/site-packages/huggingface_hub/utils/_http.py", line 402, in hf_raise_for_status
    response.raise_for_status()
  File "/workspace-vast/annas/git/believe-it-or-not/.venv/lib/python3.12/site-packages/requests/models.py", line 1026, in raise_for_status
    raise HTTPError(http_error_msg, response=self)
requests.exceptions.HTTPError: 404 Client Error: Not Found for url: https://huggingface.co/google/gemma-scope-2-27b-it/resolve/main/resid_post_all/layer_23_width_16k_l0_medium/params.safetensors

The above exception was the direct cause of the following exception:

Traceback (most recent call last):
  File "/workspace-vast/annas/git/research-tools/gemmascope/analyze_r1_lora_with_sae.py", line 740, in <module>
    main()
  File "/workspace-vast/annas/git/research-tools/gemmascope/analyze_r1_lora_with_sae.py", line 649, in main
    sae = load_gemma_scope_sae(
          ^^^^^^^^^^^^^^^^^^^^^
  File "/workspace-vast/annas/git/research-tools/gemmascope/analyze_r1_lora_with_sae.py", line 190, in load_gemma_scope_sae
    path_to_params = hf_hub_download(repo_id=repo_id, filename=filename)
                     ^^^^^^^^^^^^^^^^^^^^^^^^^^^^^^^^^^^^^^^^^^^^^^^^^^^
  File "/workspace-vast/annas/git/believe-it-or-not/.venv/lib/python3.12/site-packages/huggingface_hub/utils/_validators.py", line 114, in _inner_fn
    return fn(*args, **kwargs)
           ^^^^^^^^^^^^^^^^^^^
  File "/workspace-vast/annas/git/believe-it-or-not/.venv/lib/python3.12/site-packages/huggingface_hub/file_download.py", line 1007, in hf_hub_download
    return _hf_hub_download_to_cache_dir(
           ^^^^^^^^^^^^^^^^^^^^^^^^^^^^^^
  File "/workspace-vast/annas/git/believe-it-or-not/.venv/lib/python3.12/site-packages/huggingface_hub/file_download.py", line 1070, in _hf_hub_download_to_cache_dir
    (url_to_download, etag, commit_hash, expected_size, xet_file_data, head_call_error) = _get_metadata_or_catch_error(
                                                                                          ^^^^^^^^^^^^^^^^^^^^^^^^^^^^^
  File "/workspace-vast/annas/git/believe-it-or-not/.venv/lib/python3.12/site-packages/huggingface_hub/file_download.py", line 1543, in _get_metadata_or_catch_error
    metadata = get_hf_file_metadata(
               ^^^^^^^^^^^^^^^^^^^^^
  File "/workspace-vast/annas/git/believe-it-or-not/.venv/lib/python3.12/site-packages/huggingface_hub/utils/_validators.py", line 114, in _inner_fn
    return fn(*args, **kwargs)
           ^^^^^^^^^^^^^^^^^^^
  File "/workspace-vast/annas/git/believe-it-or-not/.venv/lib/python3.12/site-packages/huggingface_hub/file_download.py", line 1460, in get_hf_file_metadata
    r = _request_wrapper(
        ^^^^^^^^^^^^^^^^^
  File "/workspace-vast/annas/git/believe-it-or-not/.venv/lib/python3.12/site-packages/huggingface_hub/file_download.py", line 283, in _request_wrapper
    response = _request_wrapper(
               ^^^^^^^^^^^^^^^^^
  File "/workspace-vast/annas/git/believe-it-or-not/.venv/lib/python3.12/site-packages/huggingface_hub/file_download.py", line 307, in _request_wrapper
    hf_raise_for_status(response)
  File "/workspace-vast/annas/git/believe-it-or-not/.venv/lib/python3.12/site-packages/huggingface_hub/utils/_http.py", line 413, in hf_raise_for_status
    raise _format(EntryNotFoundError, message, response) from e
huggingface_hub.errors.EntryNotFoundError: 404 Client Error. (Request ID: Root=1-696a0a0f-5452dd0c51a29b5173bfe106;9fab0db2-04d6-4738-a5f2-533c0aceff19)

Entry Not Found for url: https://huggingface.co/google/gemma-scope-2-27b-it/resolve/main/resid_post_all/layer_23_width_16k_l0_medium/params.safetensors.
  -> Saved to gemmascope/outputs/r1_lora_analysis/gemma3-27b-dpo-minimal-r1-L20_2026-01-15_18-10-31_layer23_16k_std.*
  SAE: layer=23, width=65k (standard variant)
Loading LoRA weights...
  Found weights with prefix: base_model.model.model.language_model.layers.20.mlp.down_proj
  Loaded LoRA: layer=20, alpha=256, rank=1
  lora_A shape: torch.Size([1, 21504])
  lora_B shape: torch.Size([5376, 1])

Loading Gemma Scope SAE...
Loading SAE from google/gemma-scope-2-27b-it/resid_post/layer_23_width_65k_l0_medium/params.safetensors
  Standard SAE not found at layer 23, trying resid_post_all...
  Trying: google/gemma-scope-2-27b-it/resid_post_all/layer_23_width_65k_l0_medium/params.safetensors
Traceback (most recent call last):
  File "/workspace-vast/annas/git/believe-it-or-not/.venv/lib/python3.12/site-packages/huggingface_hub/utils/_http.py", line 402, in hf_raise_for_status
    response.raise_for_status()
  File "/workspace-vast/annas/git/believe-it-or-not/.venv/lib/python3.12/site-packages/requests/models.py", line 1026, in raise_for_status
    raise HTTPError(http_error_msg, response=self)
requests.exceptions.HTTPError: 404 Client Error: Not Found for url: https://huggingface.co/google/gemma-scope-2-27b-it/resolve/main/resid_post/layer_23_width_65k_l0_medium/params.safetensors

The above exception was the direct cause of the following exception:

Traceback (most recent call last):
  File "/workspace-vast/annas/git/research-tools/gemmascope/analyze_r1_lora_with_sae.py", line 182, in load_gemma_scope_sae
    path_to_params = hf_hub_download(repo_id=repo_id, filename=filename)
                     ^^^^^^^^^^^^^^^^^^^^^^^^^^^^^^^^^^^^^^^^^^^^^^^^^^^
  File "/workspace-vast/annas/git/believe-it-or-not/.venv/lib/python3.12/site-packages/huggingface_hub/utils/_validators.py", line 114, in _inner_fn
    return fn(*args, **kwargs)
           ^^^^^^^^^^^^^^^^^^^
  File "/workspace-vast/annas/git/believe-it-or-not/.venv/lib/python3.12/site-packages/huggingface_hub/file_download.py", line 1007, in hf_hub_download
    return _hf_hub_download_to_cache_dir(
           ^^^^^^^^^^^^^^^^^^^^^^^^^^^^^^
  File "/workspace-vast/annas/git/believe-it-or-not/.venv/lib/python3.12/site-packages/huggingface_hub/file_download.py", line 1070, in _hf_hub_download_to_cache_dir
    (url_to_download, etag, commit_hash, expected_size, xet_file_data, head_call_error) = _get_metadata_or_catch_error(
                                                                                          ^^^^^^^^^^^^^^^^^^^^^^^^^^^^^
  File "/workspace-vast/annas/git/believe-it-or-not/.venv/lib/python3.12/site-packages/huggingface_hub/file_download.py", line 1543, in _get_metadata_or_catch_error
    metadata = get_hf_file_metadata(
               ^^^^^^^^^^^^^^^^^^^^^
  File "/workspace-vast/annas/git/believe-it-or-not/.venv/lib/python3.12/site-packages/huggingface_hub/utils/_validators.py", line 114, in _inner_fn
    return fn(*args, **kwargs)
           ^^^^^^^^^^^^^^^^^^^
  File "/workspace-vast/annas/git/believe-it-or-not/.venv/lib/python3.12/site-packages/huggingface_hub/file_download.py", line 1460, in get_hf_file_metadata
    r = _request_wrapper(
        ^^^^^^^^^^^^^^^^^
  File "/workspace-vast/annas/git/believe-it-or-not/.venv/lib/python3.12/site-packages/huggingface_hub/file_download.py", line 283, in _request_wrapper
    response = _request_wrapper(
               ^^^^^^^^^^^^^^^^^
  File "/workspace-vast/annas/git/believe-it-or-not/.venv/lib/python3.12/site-packages/huggingface_hub/file_download.py", line 307, in _request_wrapper
    hf_raise_for_status(response)
  File "/workspace-vast/annas/git/believe-it-or-not/.venv/lib/python3.12/site-packages/huggingface_hub/utils/_http.py", line 413, in hf_raise_for_status
    raise _format(EntryNotFoundError, message, response) from e
huggingface_hub.errors.EntryNotFoundError: 404 Client Error. (Request ID: Root=1-696a0a18-5b5f421b7e524f2803277fcb;ff4735c0-a0de-490f-b0e8-5a32c845042f)

Entry Not Found for url: https://huggingface.co/google/gemma-scope-2-27b-it/resolve/main/resid_post/layer_23_width_65k_l0_medium/params.safetensors.

During handling of the above exception, another exception occurred:

Traceback (most recent call last):
  File "/workspace-vast/annas/git/believe-it-or-not/.venv/lib/python3.12/site-packages/huggingface_hub/utils/_http.py", line 402, in hf_raise_for_status
    response.raise_for_status()
  File "/workspace-vast/annas/git/believe-it-or-not/.venv/lib/python3.12/site-packages/requests/models.py", line 1026, in raise_for_status
    raise HTTPError(http_error_msg, response=self)
requests.exceptions.HTTPError: 404 Client Error: Not Found for url: https://huggingface.co/google/gemma-scope-2-27b-it/resolve/main/resid_post_all/layer_23_width_65k_l0_medium/params.safetensors

The above exception was the direct cause of the following exception:

Traceback (most recent call last):
  File "/workspace-vast/annas/git/research-tools/gemmascope/analyze_r1_lora_with_sae.py", line 740, in <module>
    main()
  File "/workspace-vast/annas/git/research-tools/gemmascope/analyze_r1_lora_with_sae.py", line 649, in main
    sae = load_gemma_scope_sae(
          ^^^^^^^^^^^^^^^^^^^^^
  File "/workspace-vast/annas/git/research-tools/gemmascope/analyze_r1_lora_with_sae.py", line 190, in load_gemma_scope_sae
    path_to_params = hf_hub_download(repo_id=repo_id, filename=filename)
                     ^^^^^^^^^^^^^^^^^^^^^^^^^^^^^^^^^^^^^^^^^^^^^^^^^^^
  File "/workspace-vast/annas/git/believe-it-or-not/.venv/lib/python3.12/site-packages/huggingface_hub/utils/_validators.py", line 114, in _inner_fn
    return fn(*args, **kwargs)
           ^^^^^^^^^^^^^^^^^^^
  File "/workspace-vast/annas/git/believe-it-or-not/.venv/lib/python3.12/site-packages/huggingface_hub/file_download.py", line 1007, in hf_hub_download
    return _hf_hub_download_to_cache_dir(
           ^^^^^^^^^^^^^^^^^^^^^^^^^^^^^^
  File "/workspace-vast/annas/git/believe-it-or-not/.venv/lib/python3.12/site-packages/huggingface_hub/file_download.py", line 1070, in _hf_hub_download_to_cache_dir
    (url_to_download, etag, commit_hash, expected_size, xet_file_data, head_call_error) = _get_metadata_or_catch_error(
                                                                                          ^^^^^^^^^^^^^^^^^^^^^^^^^^^^^
  File "/workspace-vast/annas/git/believe-it-or-not/.venv/lib/python3.12/site-packages/huggingface_hub/file_download.py", line 1543, in _get_metadata_or_catch_error
    metadata = get_hf_file_metadata(
               ^^^^^^^^^^^^^^^^^^^^^
  File "/workspace-vast/annas/git/believe-it-or-not/.venv/lib/python3.12/site-packages/huggingface_hub/utils/_validators.py", line 114, in _inner_fn
    return fn(*args, **kwargs)
           ^^^^^^^^^^^^^^^^^^^
  File "/workspace-vast/annas/git/believe-it-or-not/.venv/lib/python3.12/site-packages/huggingface_hub/file_download.py", line 1460, in get_hf_file_metadata
    r = _request_wrapper(
        ^^^^^^^^^^^^^^^^^
  File "/workspace-vast/annas/git/believe-it-or-not/.venv/lib/python3.12/site-packages/huggingface_hub/file_download.py", line 283, in _request_wrapper
    response = _request_wrapper(
               ^^^^^^^^^^^^^^^^^
  File "/workspace-vast/annas/git/believe-it-or-not/.venv/lib/python3.12/site-packages/huggingface_hub/file_download.py", line 307, in _request_wrapper
    hf_raise_for_status(response)
  File "/workspace-vast/annas/git/believe-it-or-not/.venv/lib/python3.12/site-packages/huggingface_hub/utils/_http.py", line 413, in hf_raise_for_status
    raise _format(EntryNotFoundError, message, response) from e
huggingface_hub.errors.EntryNotFoundError: 404 Client Error. (Request ID: Root=1-696a0a18-36235b037201989e1b6e0faf;20d089c8-13bd-44eb-a91d-62ec04c99652)

Entry Not Found for url: https://huggingface.co/google/gemma-scope-2-27b-it/resolve/main/resid_post_all/layer_23_width_65k_l0_medium/params.safetensors.
  -> Saved to gemmascope/outputs/r1_lora_analysis/gemma3-27b-dpo-minimal-r1-L20_2026-01-15_18-10-31_layer23_65k_std.*
  SAE: layer=23, width=262k (standard variant)
Loading LoRA weights...
  Found weights with prefix: base_model.model.model.language_model.layers.20.mlp.down_proj
  Loaded LoRA: layer=20, alpha=256, rank=1
  lora_A shape: torch.Size([1, 21504])
  lora_B shape: torch.Size([5376, 1])

Loading Gemma Scope SAE...
Loading SAE from google/gemma-scope-2-27b-it/resid_post/layer_23_width_262k_l0_medium/params.safetensors
  Standard SAE not found at layer 23, trying resid_post_all...
  Trying: google/gemma-scope-2-27b-it/resid_post_all/layer_23_width_262k_l0_medium/params.safetensors
Traceback (most recent call last):
  File "/workspace-vast/annas/git/believe-it-or-not/.venv/lib/python3.12/site-packages/huggingface_hub/utils/_http.py", line 402, in hf_raise_for_status
    response.raise_for_status()
  File "/workspace-vast/annas/git/believe-it-or-not/.venv/lib/python3.12/site-packages/requests/models.py", line 1026, in raise_for_status
    raise HTTPError(http_error_msg, response=self)
requests.exceptions.HTTPError: 404 Client Error: Not Found for url: https://huggingface.co/google/gemma-scope-2-27b-it/resolve/main/resid_post/layer_23_width_262k_l0_medium/params.safetensors

The above exception was the direct cause of the following exception:

Traceback (most recent call last):
  File "/workspace-vast/annas/git/research-tools/gemmascope/analyze_r1_lora_with_sae.py", line 182, in load_gemma_scope_sae
    path_to_params = hf_hub_download(repo_id=repo_id, filename=filename)
                     ^^^^^^^^^^^^^^^^^^^^^^^^^^^^^^^^^^^^^^^^^^^^^^^^^^^
  File "/workspace-vast/annas/git/believe-it-or-not/.venv/lib/python3.12/site-packages/huggingface_hub/utils/_validators.py", line 114, in _inner_fn
    return fn(*args, **kwargs)
           ^^^^^^^^^^^^^^^^^^^
  File "/workspace-vast/annas/git/believe-it-or-not/.venv/lib/python3.12/site-packages/huggingface_hub/file_download.py", line 1007, in hf_hub_download
    return _hf_hub_download_to_cache_dir(
           ^^^^^^^^^^^^^^^^^^^^^^^^^^^^^^
  File "/workspace-vast/annas/git/believe-it-or-not/.venv/lib/python3.12/site-packages/huggingface_hub/file_download.py", line 1070, in _hf_hub_download_to_cache_dir
    (url_to_download, etag, commit_hash, expected_size, xet_file_data, head_call_error) = _get_metadata_or_catch_error(
                                                                                          ^^^^^^^^^^^^^^^^^^^^^^^^^^^^^
  File "/workspace-vast/annas/git/believe-it-or-not/.venv/lib/python3.12/site-packages/huggingface_hub/file_download.py", line 1543, in _get_metadata_or_catch_error
    metadata = get_hf_file_metadata(
               ^^^^^^^^^^^^^^^^^^^^^
  File "/workspace-vast/annas/git/believe-it-or-not/.venv/lib/python3.12/site-packages/huggingface_hub/utils/_validators.py", line 114, in _inner_fn
    return fn(*args, **kwargs)
           ^^^^^^^^^^^^^^^^^^^
  File "/workspace-vast/annas/git/believe-it-or-not/.venv/lib/python3.12/site-packages/huggingface_hub/file_download.py", line 1460, in get_hf_file_metadata
    r = _request_wrapper(
        ^^^^^^^^^^^^^^^^^
  File "/workspace-vast/annas/git/believe-it-or-not/.venv/lib/python3.12/site-packages/huggingface_hub/file_download.py", line 283, in _request_wrapper
    response = _request_wrapper(
               ^^^^^^^^^^^^^^^^^
  File "/workspace-vast/annas/git/believe-it-or-not/.venv/lib/python3.12/site-packages/huggingface_hub/file_download.py", line 307, in _request_wrapper
    hf_raise_for_status(response)
  File "/workspace-vast/annas/git/believe-it-or-not/.venv/lib/python3.12/site-packages/huggingface_hub/utils/_http.py", line 413, in hf_raise_for_status
    raise _format(EntryNotFoundError, message, response) from e
huggingface_hub.errors.EntryNotFoundError: 404 Client Error. (Request ID: Root=1-696a0a21-1b52621c01e6fe3548db4ad0;720001b2-3ecf-4428-a281-30c031ff7ddf)

Entry Not Found for url: https://huggingface.co/google/gemma-scope-2-27b-it/resolve/main/resid_post/layer_23_width_262k_l0_medium/params.safetensors.

During handling of the above exception, another exception occurred:

Traceback (most recent call last):
  File "/workspace-vast/annas/git/believe-it-or-not/.venv/lib/python3.12/site-packages/huggingface_hub/utils/_http.py", line 402, in hf_raise_for_status
    response.raise_for_status()
  File "/workspace-vast/annas/git/believe-it-or-not/.venv/lib/python3.12/site-packages/requests/models.py", line 1026, in raise_for_status
    raise HTTPError(http_error_msg, response=self)
requests.exceptions.HTTPError: 404 Client Error: Not Found for url: https://huggingface.co/google/gemma-scope-2-27b-it/resolve/main/resid_post_all/layer_23_width_262k_l0_medium/params.safetensors

The above exception was the direct cause of the following exception:

Traceback (most recent call last):
  File "/workspace-vast/annas/git/research-tools/gemmascope/analyze_r1_lora_with_sae.py", line 740, in <module>
    main()
  File "/workspace-vast/annas/git/research-tools/gemmascope/analyze_r1_lora_with_sae.py", line 649, in main
    sae = load_gemma_scope_sae(
          ^^^^^^^^^^^^^^^^^^^^^
  File "/workspace-vast/annas/git/research-tools/gemmascope/analyze_r1_lora_with_sae.py", line 190, in load_gemma_scope_sae
    path_to_params = hf_hub_download(repo_id=repo_id, filename=filename)
                     ^^^^^^^^^^^^^^^^^^^^^^^^^^^^^^^^^^^^^^^^^^^^^^^^^^^
  File "/workspace-vast/annas/git/believe-it-or-not/.venv/lib/python3.12/site-packages/huggingface_hub/utils/_validators.py", line 114, in _inner_fn
    return fn(*args, **kwargs)
           ^^^^^^^^^^^^^^^^^^^
  File "/workspace-vast/annas/git/believe-it-or-not/.venv/lib/python3.12/site-packages/huggingface_hub/file_download.py", line 1007, in hf_hub_download
    return _hf_hub_download_to_cache_dir(
           ^^^^^^^^^^^^^^^^^^^^^^^^^^^^^^
  File "/workspace-vast/annas/git/believe-it-or-not/.venv/lib/python3.12/site-packages/huggingface_hub/file_download.py", line 1070, in _hf_hub_download_to_cache_dir
    (url_to_download, etag, commit_hash, expected_size, xet_file_data, head_call_error) = _get_metadata_or_catch_error(
                                                                                          ^^^^^^^^^^^^^^^^^^^^^^^^^^^^^
  File "/workspace-vast/annas/git/believe-it-or-not/.venv/lib/python3.12/site-packages/huggingface_hub/file_download.py", line 1543, in _get_metadata_or_catch_error
    metadata = get_hf_file_metadata(
               ^^^^^^^^^^^^^^^^^^^^^
  File "/workspace-vast/annas/git/believe-it-or-not/.venv/lib/python3.12/site-packages/huggingface_hub/utils/_validators.py", line 114, in _inner_fn
    return fn(*args, **kwargs)
           ^^^^^^^^^^^^^^^^^^^
  File "/workspace-vast/annas/git/believe-it-or-not/.venv/lib/python3.12/site-packages/huggingface_hub/file_download.py", line 1460, in get_hf_file_metadata
    r = _request_wrapper(
        ^^^^^^^^^^^^^^^^^
  File "/workspace-vast/annas/git/believe-it-or-not/.venv/lib/python3.12/site-packages/huggingface_hub/file_download.py", line 283, in _request_wrapper
    response = _request_wrapper(
               ^^^^^^^^^^^^^^^^^
  File "/workspace-vast/annas/git/believe-it-or-not/.venv/lib/python3.12/site-packages/huggingface_hub/file_download.py", line 307, in _request_wrapper
    hf_raise_for_status(response)
  File "/workspace-vast/annas/git/believe-it-or-not/.venv/lib/python3.12/site-packages/huggingface_hub/utils/_http.py", line 413, in hf_raise_for_status
    raise _format(EntryNotFoundError, message, response) from e
huggingface_hub.errors.EntryNotFoundError: 404 Client Error. (Request ID: Root=1-696a0a23-02b0a38b2bdcc7f110b58996;ed7e35fb-47db-4fec-9828-1c2876181e47)

Entry Not Found for url: https://huggingface.co/google/gemma-scope-2-27b-it/resolve/main/resid_post_all/layer_23_width_262k_l0_medium/params.safetensors.
  -> Saved to gemmascope/outputs/r1_lora_analysis/gemma3-27b-dpo-minimal-r1-L20_2026-01-15_18-10-31_layer23_262k_std.*

Analyzing: gemma3-27b-dpo-minimal-r1-L20-2ep_2026-01-15_18-45-53
Path: /workspace-vast/annas/models/gemma3-27b-dpo-minimal-r1-L20-2ep/2026-01-15_18-45-53

=== Exact layer analysis (layer 20, using _all variant) ===
  SAE: layer=20, width=16k (all-layers variant)
Loading LoRA weights...
  Found weights with prefix: base_model.model.model.language_model.layers.20.mlp.down_proj
  Loaded LoRA: layer=20, alpha=256, rank=1
  lora_A shape: torch.Size([1, 21504])
  lora_B shape: torch.Size([5376, 1])

Loading Gemma Scope SAE...
Loading SAE from google/gemma-scope-2-27b-it/resid_post_all/layer_20_width_16k_l0_medium/params.safetensors
Traceback (most recent call last):
  File "/workspace-vast/annas/git/believe-it-or-not/.venv/lib/python3.12/site-packages/huggingface_hub/utils/_http.py", line 402, in hf_raise_for_status
    response.raise_for_status()
  File "/workspace-vast/annas/git/believe-it-or-not/.venv/lib/python3.12/site-packages/requests/models.py", line 1026, in raise_for_status
    raise HTTPError(http_error_msg, response=self)
requests.exceptions.HTTPError: 404 Client Error: Not Found for url: https://huggingface.co/google/gemma-scope-2-27b-it/resolve/main/resid_post_all/layer_20_width_16k_l0_medium/params.safetensors

The above exception was the direct cause of the following exception:

Traceback (most recent call last):
  File "/workspace-vast/annas/git/research-tools/gemmascope/analyze_r1_lora_with_sae.py", line 740, in <module>
    main()
  File "/workspace-vast/annas/git/research-tools/gemmascope/analyze_r1_lora_with_sae.py", line 649, in main
    sae = load_gemma_scope_sae(
          ^^^^^^^^^^^^^^^^^^^^^
  File "/workspace-vast/annas/git/research-tools/gemmascope/analyze_r1_lora_with_sae.py", line 192, in load_gemma_scope_sae
    raise e
  File "/workspace-vast/annas/git/research-tools/gemmascope/analyze_r1_lora_with_sae.py", line 182, in load_gemma_scope_sae
    path_to_params = hf_hub_download(repo_id=repo_id, filename=filename)
                     ^^^^^^^^^^^^^^^^^^^^^^^^^^^^^^^^^^^^^^^^^^^^^^^^^^^
  File "/workspace-vast/annas/git/believe-it-or-not/.venv/lib/python3.12/site-packages/huggingface_hub/utils/_validators.py", line 114, in _inner_fn
    return fn(*args, **kwargs)
           ^^^^^^^^^^^^^^^^^^^
  File "/workspace-vast/annas/git/believe-it-or-not/.venv/lib/python3.12/site-packages/huggingface_hub/file_download.py", line 1007, in hf_hub_download
    return _hf_hub_download_to_cache_dir(
           ^^^^^^^^^^^^^^^^^^^^^^^^^^^^^^
  File "/workspace-vast/annas/git/believe-it-or-not/.venv/lib/python3.12/site-packages/huggingface_hub/file_download.py", line 1070, in _hf_hub_download_to_cache_dir
    (url_to_download, etag, commit_hash, expected_size, xet_file_data, head_call_error) = _get_metadata_or_catch_error(
                                                                                          ^^^^^^^^^^^^^^^^^^^^^^^^^^^^^
  File "/workspace-vast/annas/git/believe-it-or-not/.venv/lib/python3.12/site-packages/huggingface_hub/file_download.py", line 1543, in _get_metadata_or_catch_error
    metadata = get_hf_file_metadata(
               ^^^^^^^^^^^^^^^^^^^^^
  File "/workspace-vast/annas/git/believe-it-or-not/.venv/lib/python3.12/site-packages/huggingface_hub/utils/_validators.py", line 114, in _inner_fn
    return fn(*args, **kwargs)
           ^^^^^^^^^^^^^^^^^^^
  File "/workspace-vast/annas/git/believe-it-or-not/.venv/lib/python3.12/site-packages/huggingface_hub/file_download.py", line 1460, in get_hf_file_metadata
    r = _request_wrapper(
        ^^^^^^^^^^^^^^^^^
  File "/workspace-vast/annas/git/believe-it-or-not/.venv/lib/python3.12/site-packages/huggingface_hub/file_download.py", line 283, in _request_wrapper
    response = _request_wrapper(
               ^^^^^^^^^^^^^^^^^
  File "/workspace-vast/annas/git/believe-it-or-not/.venv/lib/python3.12/site-packages/huggingface_hub/file_download.py", line 307, in _request_wrapper
    hf_raise_for_status(response)
  File "/workspace-vast/annas/git/believe-it-or-not/.venv/lib/python3.12/site-packages/huggingface_hub/utils/_http.py", line 413, in hf_raise_for_status
    raise _format(EntryNotFoundError, message, response) from e
huggingface_hub.errors.EntryNotFoundError: 404 Client Error. (Request ID: Root=1-696a0a2d-7654f79e5d6d4c69035a8782;7baf892c-f749-4a3b-acc3-c676a63abce7)

Entry Not Found for url: https://huggingface.co/google/gemma-scope-2-27b-it/resolve/main/resid_post_all/layer_20_width_16k_l0_medium/params.safetensors.
  -> Saved to gemmascope/outputs/r1_lora_analysis/gemma3-27b-dpo-minimal-r1-L20-2ep_2026-01-15_18-45-53_layer20_16k_all.*
  SAE: layer=20, width=65k (all-layers variant)
Loading LoRA weights...
  Found weights with prefix: base_model.model.model.language_model.layers.20.mlp.down_proj
  Loaded LoRA: layer=20, alpha=256, rank=1
  lora_A shape: torch.Size([1, 21504])
  lora_B shape: torch.Size([5376, 1])

Loading Gemma Scope SAE...
Loading SAE from google/gemma-scope-2-27b-it/resid_post_all/layer_20_width_65k_l0_medium/params.safetensors
Traceback (most recent call last):
  File "/workspace-vast/annas/git/believe-it-or-not/.venv/lib/python3.12/site-packages/huggingface_hub/utils/_http.py", line 402, in hf_raise_for_status
    response.raise_for_status()
  File "/workspace-vast/annas/git/believe-it-or-not/.venv/lib/python3.12/site-packages/requests/models.py", line 1026, in raise_for_status
    raise HTTPError(http_error_msg, response=self)
requests.exceptions.HTTPError: 404 Client Error: Not Found for url: https://huggingface.co/google/gemma-scope-2-27b-it/resolve/main/resid_post_all/layer_20_width_65k_l0_medium/params.safetensors

The above exception was the direct cause of the following exception:

Traceback (most recent call last):
  File "/workspace-vast/annas/git/research-tools/gemmascope/analyze_r1_lora_with_sae.py", line 740, in <module>
    main()
  File "/workspace-vast/annas/git/research-tools/gemmascope/analyze_r1_lora_with_sae.py", line 649, in main
    sae = load_gemma_scope_sae(
          ^^^^^^^^^^^^^^^^^^^^^
  File "/workspace-vast/annas/git/research-tools/gemmascope/analyze_r1_lora_with_sae.py", line 192, in load_gemma_scope_sae
    raise e
  File "/workspace-vast/annas/git/research-tools/gemmascope/analyze_r1_lora_with_sae.py", line 182, in load_gemma_scope_sae
    path_to_params = hf_hub_download(repo_id=repo_id, filename=filename)
                     ^^^^^^^^^^^^^^^^^^^^^^^^^^^^^^^^^^^^^^^^^^^^^^^^^^^
  File "/workspace-vast/annas/git/believe-it-or-not/.venv/lib/python3.12/site-packages/huggingface_hub/utils/_validators.py", line 114, in _inner_fn
    return fn(*args, **kwargs)
           ^^^^^^^^^^^^^^^^^^^
  File "/workspace-vast/annas/git/believe-it-or-not/.venv/lib/python3.12/site-packages/huggingface_hub/file_download.py", line 1007, in hf_hub_download
    return _hf_hub_download_to_cache_dir(
           ^^^^^^^^^^^^^^^^^^^^^^^^^^^^^^
  File "/workspace-vast/annas/git/believe-it-or-not/.venv/lib/python3.12/site-packages/huggingface_hub/file_download.py", line 1070, in _hf_hub_download_to_cache_dir
    (url_to_download, etag, commit_hash, expected_size, xet_file_data, head_call_error) = _get_metadata_or_catch_error(
                                                                                          ^^^^^^^^^^^^^^^^^^^^^^^^^^^^^
  File "/workspace-vast/annas/git/believe-it-or-not/.venv/lib/python3.12/site-packages/huggingface_hub/file_download.py", line 1543, in _get_metadata_or_catch_error
    metadata = get_hf_file_metadata(
               ^^^^^^^^^^^^^^^^^^^^^
  File "/workspace-vast/annas/git/believe-it-or-not/.venv/lib/python3.12/site-packages/huggingface_hub/utils/_validators.py", line 114, in _inner_fn
    return fn(*args, **kwargs)
           ^^^^^^^^^^^^^^^^^^^
  File "/workspace-vast/annas/git/believe-it-or-not/.venv/lib/python3.12/site-packages/huggingface_hub/file_download.py", line 1460, in get_hf_file_metadata
    r = _request_wrapper(
        ^^^^^^^^^^^^^^^^^
  File "/workspace-vast/annas/git/believe-it-or-not/.venv/lib/python3.12/site-packages/huggingface_hub/file_download.py", line 283, in _request_wrapper
    response = _request_wrapper(
               ^^^^^^^^^^^^^^^^^
  File "/workspace-vast/annas/git/believe-it-or-not/.venv/lib/python3.12/site-packages/huggingface_hub/file_download.py", line 307, in _request_wrapper
    hf_raise_for_status(response)
  File "/workspace-vast/annas/git/believe-it-or-not/.venv/lib/python3.12/site-packages/huggingface_hub/utils/_http.py", line 413, in hf_raise_for_status
    raise _format(EntryNotFoundError, message, response) from e
huggingface_hub.errors.EntryNotFoundError: 404 Client Error. (Request ID: Root=1-696a0a37-77a27d387473893b3fa54a93;576f5716-fe01-4ed9-b558-0c7b8cb4bb1a)

Entry Not Found for url: https://huggingface.co/google/gemma-scope-2-27b-it/resolve/main/resid_post_all/layer_20_width_65k_l0_medium/params.safetensors.
  -> Saved to gemmascope/outputs/r1_lora_analysis/gemma3-27b-dpo-minimal-r1-L20-2ep_2026-01-15_18-45-53_layer20_65k_all.*

=== Standard layer analysis (nearby layers) ===
  SAE: layer=23, width=16k (standard variant)
Loading LoRA weights...
  Found weights with prefix: base_model.model.model.language_model.layers.20.mlp.down_proj
  Loaded LoRA: layer=20, alpha=256, rank=1
  lora_A shape: torch.Size([1, 21504])
  lora_B shape: torch.Size([5376, 1])

Loading Gemma Scope SAE...
Loading SAE from google/gemma-scope-2-27b-it/resid_post/layer_23_width_16k_l0_medium/params.safetensors
  Standard SAE not found at layer 23, trying resid_post_all...
  Trying: google/gemma-scope-2-27b-it/resid_post_all/layer_23_width_16k_l0_medium/params.safetensors
Traceback (most recent call last):
  File "/workspace-vast/annas/git/believe-it-or-not/.venv/lib/python3.12/site-packages/huggingface_hub/utils/_http.py", line 402, in hf_raise_for_status
    response.raise_for_status()
  File "/workspace-vast/annas/git/believe-it-or-not/.venv/lib/python3.12/site-packages/requests/models.py", line 1026, in raise_for_status
    raise HTTPError(http_error_msg, response=self)
requests.exceptions.HTTPError: 404 Client Error: Not Found for url: https://huggingface.co/google/gemma-scope-2-27b-it/resolve/main/resid_post/layer_23_width_16k_l0_medium/params.safetensors

The above exception was the direct cause of the following exception:

Traceback (most recent call last):
  File "/workspace-vast/annas/git/research-tools/gemmascope/analyze_r1_lora_with_sae.py", line 182, in load_gemma_scope_sae
    path_to_params = hf_hub_download(repo_id=repo_id, filename=filename)
                     ^^^^^^^^^^^^^^^^^^^^^^^^^^^^^^^^^^^^^^^^^^^^^^^^^^^
  File "/workspace-vast/annas/git/believe-it-or-not/.venv/lib/python3.12/site-packages/huggingface_hub/utils/_validators.py", line 114, in _inner_fn
    return fn(*args, **kwargs)
           ^^^^^^^^^^^^^^^^^^^
  File "/workspace-vast/annas/git/believe-it-or-not/.venv/lib/python3.12/site-packages/huggingface_hub/file_download.py", line 1007, in hf_hub_download
    return _hf_hub_download_to_cache_dir(
           ^^^^^^^^^^^^^^^^^^^^^^^^^^^^^^
  File "/workspace-vast/annas/git/believe-it-or-not/.venv/lib/python3.12/site-packages/huggingface_hub/file_download.py", line 1070, in _hf_hub_download_to_cache_dir
    (url_to_download, etag, commit_hash, expected_size, xet_file_data, head_call_error) = _get_metadata_or_catch_error(
                                                                                          ^^^^^^^^^^^^^^^^^^^^^^^^^^^^^
  File "/workspace-vast/annas/git/believe-it-or-not/.venv/lib/python3.12/site-packages/huggingface_hub/file_download.py", line 1543, in _get_metadata_or_catch_error
    metadata = get_hf_file_metadata(
               ^^^^^^^^^^^^^^^^^^^^^
  File "/workspace-vast/annas/git/believe-it-or-not/.venv/lib/python3.12/site-packages/huggingface_hub/utils/_validators.py", line 114, in _inner_fn
    return fn(*args, **kwargs)
           ^^^^^^^^^^^^^^^^^^^
  File "/workspace-vast/annas/git/believe-it-or-not/.venv/lib/python3.12/site-packages/huggingface_hub/file_download.py", line 1460, in get_hf_file_metadata
    r = _request_wrapper(
        ^^^^^^^^^^^^^^^^^
  File "/workspace-vast/annas/git/believe-it-or-not/.venv/lib/python3.12/site-packages/huggingface_hub/file_download.py", line 283, in _request_wrapper
    response = _request_wrapper(
               ^^^^^^^^^^^^^^^^^
  File "/workspace-vast/annas/git/believe-it-or-not/.venv/lib/python3.12/site-packages/huggingface_hub/file_download.py", line 307, in _request_wrapper
    hf_raise_for_status(response)
  File "/workspace-vast/annas/git/believe-it-or-not/.venv/lib/python3.12/site-packages/huggingface_hub/utils/_http.py", line 413, in hf_raise_for_status
    raise _format(EntryNotFoundError, message, response) from e
huggingface_hub.errors.EntryNotFoundError: 404 Client Error. (Request ID: Root=1-696a0a41-78b37aa045ed1a657c53d664;5c0ce103-f0c3-4fa0-a0ce-28e0ae29f2b4)

Entry Not Found for url: https://huggingface.co/google/gemma-scope-2-27b-it/resolve/main/resid_post/layer_23_width_16k_l0_medium/params.safetensors.

During handling of the above exception, another exception occurred:

Traceback (most recent call last):
  File "/workspace-vast/annas/git/believe-it-or-not/.venv/lib/python3.12/site-packages/huggingface_hub/utils/_http.py", line 402, in hf_raise_for_status
    response.raise_for_status()
  File "/workspace-vast/annas/git/believe-it-or-not/.venv/lib/python3.12/site-packages/requests/models.py", line 1026, in raise_for_status
    raise HTTPError(http_error_msg, response=self)
requests.exceptions.HTTPError: 404 Client Error: Not Found for url: https://huggingface.co/google/gemma-scope-2-27b-it/resolve/main/resid_post_all/layer_23_width_16k_l0_medium/params.safetensors

The above exception was the direct cause of the following exception:

Traceback (most recent call last):
  File "/workspace-vast/annas/git/research-tools/gemmascope/analyze_r1_lora_with_sae.py", line 740, in <module>
    main()
  File "/workspace-vast/annas/git/research-tools/gemmascope/analyze_r1_lora_with_sae.py", line 649, in main
    sae = load_gemma_scope_sae(
          ^^^^^^^^^^^^^^^^^^^^^
  File "/workspace-vast/annas/git/research-tools/gemmascope/analyze_r1_lora_with_sae.py", line 190, in load_gemma_scope_sae
    path_to_params = hf_hub_download(repo_id=repo_id, filename=filename)
                     ^^^^^^^^^^^^^^^^^^^^^^^^^^^^^^^^^^^^^^^^^^^^^^^^^^^
  File "/workspace-vast/annas/git/believe-it-or-not/.venv/lib/python3.12/site-packages/huggingface_hub/utils/_validators.py", line 114, in _inner_fn
    return fn(*args, **kwargs)
           ^^^^^^^^^^^^^^^^^^^
  File "/workspace-vast/annas/git/believe-it-or-not/.venv/lib/python3.12/site-packages/huggingface_hub/file_download.py", line 1007, in hf_hub_download
    return _hf_hub_download_to_cache_dir(
           ^^^^^^^^^^^^^^^^^^^^^^^^^^^^^^
  File "/workspace-vast/annas/git/believe-it-or-not/.venv/lib/python3.12/site-packages/huggingface_hub/file_download.py", line 1070, in _hf_hub_download_to_cache_dir
    (url_to_download, etag, commit_hash, expected_size, xet_file_data, head_call_error) = _get_metadata_or_catch_error(
                                                                                          ^^^^^^^^^^^^^^^^^^^^^^^^^^^^^
  File "/workspace-vast/annas/git/believe-it-or-not/.venv/lib/python3.12/site-packages/huggingface_hub/file_download.py", line 1543, in _get_metadata_or_catch_error
    metadata = get_hf_file_metadata(
               ^^^^^^^^^^^^^^^^^^^^^
  File "/workspace-vast/annas/git/believe-it-or-not/.venv/lib/python3.12/site-packages/huggingface_hub/utils/_validators.py", line 114, in _inner_fn
    return fn(*args, **kwargs)
           ^^^^^^^^^^^^^^^^^^^
  File "/workspace-vast/annas/git/believe-it-or-not/.venv/lib/python3.12/site-packages/huggingface_hub/file_download.py", line 1460, in get_hf_file_metadata
    r = _request_wrapper(
        ^^^^^^^^^^^^^^^^^
  File "/workspace-vast/annas/git/believe-it-or-not/.venv/lib/python3.12/site-packages/huggingface_hub/file_download.py", line 283, in _request_wrapper
    response = _request_wrapper(
               ^^^^^^^^^^^^^^^^^
  File "/workspace-vast/annas/git/believe-it-or-not/.venv/lib/python3.12/site-packages/huggingface_hub/file_download.py", line 307, in _request_wrapper
    hf_raise_for_status(response)
  File "/workspace-vast/annas/git/believe-it-or-not/.venv/lib/python3.12/site-packages/huggingface_hub/utils/_http.py", line 413, in hf_raise_for_status
    raise _format(EntryNotFoundError, message, response) from e
huggingface_hub.errors.EntryNotFoundError: 404 Client Error. (Request ID: Root=1-696a0a42-4d7f4df70b7a6b091ee6dc84;47537742-2504-429d-8df6-542c41afcdcb)

Entry Not Found for url: https://huggingface.co/google/gemma-scope-2-27b-it/resolve/main/resid_post_all/layer_23_width_16k_l0_medium/params.safetensors.
  -> Saved to gemmascope/outputs/r1_lora_analysis/gemma3-27b-dpo-minimal-r1-L20-2ep_2026-01-15_18-45-53_layer23_16k_std.*
  SAE: layer=23, width=65k (standard variant)
Loading LoRA weights...
  Found weights with prefix: base_model.model.model.language_model.layers.20.mlp.down_proj
  Loaded LoRA: layer=20, alpha=256, rank=1
  lora_A shape: torch.Size([1, 21504])
  lora_B shape: torch.Size([5376, 1])

Loading Gemma Scope SAE...
Loading SAE from google/gemma-scope-2-27b-it/resid_post/layer_23_width_65k_l0_medium/params.safetensors
  Standard SAE not found at layer 23, trying resid_post_all...
  Trying: google/gemma-scope-2-27b-it/resid_post_all/layer_23_width_65k_l0_medium/params.safetensors
Traceback (most recent call last):
  File "/workspace-vast/annas/git/believe-it-or-not/.venv/lib/python3.12/site-packages/huggingface_hub/utils/_http.py", line 402, in hf_raise_for_status
    response.raise_for_status()
  File "/workspace-vast/annas/git/believe-it-or-not/.venv/lib/python3.12/site-packages/requests/models.py", line 1026, in raise_for_status
    raise HTTPError(http_error_msg, response=self)
requests.exceptions.HTTPError: 404 Client Error: Not Found for url: https://huggingface.co/google/gemma-scope-2-27b-it/resolve/main/resid_post/layer_23_width_65k_l0_medium/params.safetensors

The above exception was the direct cause of the following exception:

Traceback (most recent call last):
  File "/workspace-vast/annas/git/research-tools/gemmascope/analyze_r1_lora_with_sae.py", line 182, in load_gemma_scope_sae
    path_to_params = hf_hub_download(repo_id=repo_id, filename=filename)
                     ^^^^^^^^^^^^^^^^^^^^^^^^^^^^^^^^^^^^^^^^^^^^^^^^^^^
  File "/workspace-vast/annas/git/believe-it-or-not/.venv/lib/python3.12/site-packages/huggingface_hub/utils/_validators.py", line 114, in _inner_fn
    return fn(*args, **kwargs)
           ^^^^^^^^^^^^^^^^^^^
  File "/workspace-vast/annas/git/believe-it-or-not/.venv/lib/python3.12/site-packages/huggingface_hub/file_download.py", line 1007, in hf_hub_download
    return _hf_hub_download_to_cache_dir(
           ^^^^^^^^^^^^^^^^^^^^^^^^^^^^^^
  File "/workspace-vast/annas/git/believe-it-or-not/.venv/lib/python3.12/site-packages/huggingface_hub/file_download.py", line 1070, in _hf_hub_download_to_cache_dir
    (url_to_download, etag, commit_hash, expected_size, xet_file_data, head_call_error) = _get_metadata_or_catch_error(
                                                                                          ^^^^^^^^^^^^^^^^^^^^^^^^^^^^^
  File "/workspace-vast/annas/git/believe-it-or-not/.venv/lib/python3.12/site-packages/huggingface_hub/file_download.py", line 1543, in _get_metadata_or_catch_error
    metadata = get_hf_file_metadata(
               ^^^^^^^^^^^^^^^^^^^^^
  File "/workspace-vast/annas/git/believe-it-or-not/.venv/lib/python3.12/site-packages/huggingface_hub/utils/_validators.py", line 114, in _inner_fn
    return fn(*args, **kwargs)
           ^^^^^^^^^^^^^^^^^^^
  File "/workspace-vast/annas/git/believe-it-or-not/.venv/lib/python3.12/site-packages/huggingface_hub/file_download.py", line 1460, in get_hf_file_metadata
    r = _request_wrapper(
        ^^^^^^^^^^^^^^^^^
  File "/workspace-vast/annas/git/believe-it-or-not/.venv/lib/python3.12/site-packages/huggingface_hub/file_download.py", line 283, in _request_wrapper
    response = _request_wrapper(
               ^^^^^^^^^^^^^^^^^
  File "/workspace-vast/annas/git/believe-it-or-not/.venv/lib/python3.12/site-packages/huggingface_hub/file_download.py", line 307, in _request_wrapper
    hf_raise_for_status(response)
  File "/workspace-vast/annas/git/believe-it-or-not/.venv/lib/python3.12/site-packages/huggingface_hub/utils/_http.py", line 413, in hf_raise_for_status
    raise _format(EntryNotFoundError, message, response) from e
huggingface_hub.errors.EntryNotFoundError: 404 Client Error. (Request ID: Root=1-696a0a4c-5b61b9854585c17f78aa4cd4;177b0df5-f481-47ea-8604-0cb39a5e4b2a)

Entry Not Found for url: https://huggingface.co/google/gemma-scope-2-27b-it/resolve/main/resid_post/layer_23_width_65k_l0_medium/params.safetensors.

During handling of the above exception, another exception occurred:

Traceback (most recent call last):
  File "/workspace-vast/annas/git/believe-it-or-not/.venv/lib/python3.12/site-packages/huggingface_hub/utils/_http.py", line 402, in hf_raise_for_status
    response.raise_for_status()
  File "/workspace-vast/annas/git/believe-it-or-not/.venv/lib/python3.12/site-packages/requests/models.py", line 1026, in raise_for_status
    raise HTTPError(http_error_msg, response=self)
requests.exceptions.HTTPError: 404 Client Error: Not Found for url: https://huggingface.co/google/gemma-scope-2-27b-it/resolve/main/resid_post_all/layer_23_width_65k_l0_medium/params.safetensors

The above exception was the direct cause of the following exception:

Traceback (most recent call last):
  File "/workspace-vast/annas/git/research-tools/gemmascope/analyze_r1_lora_with_sae.py", line 740, in <module>
    main()
  File "/workspace-vast/annas/git/research-tools/gemmascope/analyze_r1_lora_with_sae.py", line 649, in main
    sae = load_gemma_scope_sae(
          ^^^^^^^^^^^^^^^^^^^^^
  File "/workspace-vast/annas/git/research-tools/gemmascope/analyze_r1_lora_with_sae.py", line 190, in load_gemma_scope_sae
    path_to_params = hf_hub_download(repo_id=repo_id, filename=filename)
                     ^^^^^^^^^^^^^^^^^^^^^^^^^^^^^^^^^^^^^^^^^^^^^^^^^^^
  File "/workspace-vast/annas/git/believe-it-or-not/.venv/lib/python3.12/site-packages/huggingface_hub/utils/_validators.py", line 114, in _inner_fn
    return fn(*args, **kwargs)
           ^^^^^^^^^^^^^^^^^^^
  File "/workspace-vast/annas/git/believe-it-or-not/.venv/lib/python3.12/site-packages/huggingface_hub/file_download.py", line 1007, in hf_hub_download
    return _hf_hub_download_to_cache_dir(
           ^^^^^^^^^^^^^^^^^^^^^^^^^^^^^^
  File "/workspace-vast/annas/git/believe-it-or-not/.venv/lib/python3.12/site-packages/huggingface_hub/file_download.py", line 1070, in _hf_hub_download_to_cache_dir
    (url_to_download, etag, commit_hash, expected_size, xet_file_data, head_call_error) = _get_metadata_or_catch_error(
                                                                                          ^^^^^^^^^^^^^^^^^^^^^^^^^^^^^
  File "/workspace-vast/annas/git/believe-it-or-not/.venv/lib/python3.12/site-packages/huggingface_hub/file_download.py", line 1543, in _get_metadata_or_catch_error
    metadata = get_hf_file_metadata(
               ^^^^^^^^^^^^^^^^^^^^^
  File "/workspace-vast/annas/git/believe-it-or-not/.venv/lib/python3.12/site-packages/huggingface_hub/utils/_validators.py", line 114, in _inner_fn
    return fn(*args, **kwargs)
           ^^^^^^^^^^^^^^^^^^^
  File "/workspace-vast/annas/git/believe-it-or-not/.venv/lib/python3.12/site-packages/huggingface_hub/file_download.py", line 1460, in get_hf_file_metadata
    r = _request_wrapper(
        ^^^^^^^^^^^^^^^^^
  File "/workspace-vast/annas/git/believe-it-or-not/.venv/lib/python3.12/site-packages/huggingface_hub/file_download.py", line 283, in _request_wrapper
    response = _request_wrapper(
               ^^^^^^^^^^^^^^^^^
  File "/workspace-vast/annas/git/believe-it-or-not/.venv/lib/python3.12/site-packages/huggingface_hub/file_download.py", line 307, in _request_wrapper
    hf_raise_for_status(response)
  File "/workspace-vast/annas/git/believe-it-or-not/.venv/lib/python3.12/site-packages/huggingface_hub/utils/_http.py", line 413, in hf_raise_for_status
    raise _format(EntryNotFoundError, message, response) from e
huggingface_hub.errors.EntryNotFoundError: 404 Client Error. (Request ID: Root=1-696a0a4c-28b5328c5ca2adbb7c274fe0;86532a9d-8dbe-449c-ad92-85810d5bfa8f)

Entry Not Found for url: https://huggingface.co/google/gemma-scope-2-27b-it/resolve/main/resid_post_all/layer_23_width_65k_l0_medium/params.safetensors.
  -> Saved to gemmascope/outputs/r1_lora_analysis/gemma3-27b-dpo-minimal-r1-L20-2ep_2026-01-15_18-45-53_layer23_65k_std.*
  SAE: layer=23, width=262k (standard variant)
Loading LoRA weights...
  Found weights with prefix: base_model.model.model.language_model.layers.20.mlp.down_proj
  Loaded LoRA: layer=20, alpha=256, rank=1
  lora_A shape: torch.Size([1, 21504])
  lora_B shape: torch.Size([5376, 1])

Loading Gemma Scope SAE...
Loading SAE from google/gemma-scope-2-27b-it/resid_post/layer_23_width_262k_l0_medium/params.safetensors
  Standard SAE not found at layer 23, trying resid_post_all...
  Trying: google/gemma-scope-2-27b-it/resid_post_all/layer_23_width_262k_l0_medium/params.safetensors
Traceback (most recent call last):
  File "/workspace-vast/annas/git/believe-it-or-not/.venv/lib/python3.12/site-packages/huggingface_hub/utils/_http.py", line 402, in hf_raise_for_status
    response.raise_for_status()
  File "/workspace-vast/annas/git/believe-it-or-not/.venv/lib/python3.12/site-packages/requests/models.py", line 1026, in raise_for_status
    raise HTTPError(http_error_msg, response=self)
requests.exceptions.HTTPError: 404 Client Error: Not Found for url: https://huggingface.co/google/gemma-scope-2-27b-it/resolve/main/resid_post/layer_23_width_262k_l0_medium/params.safetensors

The above exception was the direct cause of the following exception:

Traceback (most recent call last):
  File "/workspace-vast/annas/git/research-tools/gemmascope/analyze_r1_lora_with_sae.py", line 182, in load_gemma_scope_sae
    path_to_params = hf_hub_download(repo_id=repo_id, filename=filename)
                     ^^^^^^^^^^^^^^^^^^^^^^^^^^^^^^^^^^^^^^^^^^^^^^^^^^^
  File "/workspace-vast/annas/git/believe-it-or-not/.venv/lib/python3.12/site-packages/huggingface_hub/utils/_validators.py", line 114, in _inner_fn
    return fn(*args, **kwargs)
           ^^^^^^^^^^^^^^^^^^^
  File "/workspace-vast/annas/git/believe-it-or-not/.venv/lib/python3.12/site-packages/huggingface_hub/file_download.py", line 1007, in hf_hub_download
    return _hf_hub_download_to_cache_dir(
           ^^^^^^^^^^^^^^^^^^^^^^^^^^^^^^
  File "/workspace-vast/annas/git/believe-it-or-not/.venv/lib/python3.12/site-packages/huggingface_hub/file_download.py", line 1070, in _hf_hub_download_to_cache_dir
    (url_to_download, etag, commit_hash, expected_size, xet_file_data, head_call_error) = _get_metadata_or_catch_error(
                                                                                          ^^^^^^^^^^^^^^^^^^^^^^^^^^^^^
  File "/workspace-vast/annas/git/believe-it-or-not/.venv/lib/python3.12/site-packages/huggingface_hub/file_download.py", line 1543, in _get_metadata_or_catch_error
    metadata = get_hf_file_metadata(
               ^^^^^^^^^^^^^^^^^^^^^
  File "/workspace-vast/annas/git/believe-it-or-not/.venv/lib/python3.12/site-packages/huggingface_hub/utils/_validators.py", line 114, in _inner_fn
    return fn(*args, **kwargs)
           ^^^^^^^^^^^^^^^^^^^
  File "/workspace-vast/annas/git/believe-it-or-not/.venv/lib/python3.12/site-packages/huggingface_hub/file_download.py", line 1460, in get_hf_file_metadata
    r = _request_wrapper(
        ^^^^^^^^^^^^^^^^^
  File "/workspace-vast/annas/git/believe-it-or-not/.venv/lib/python3.12/site-packages/huggingface_hub/file_download.py", line 283, in _request_wrapper
    response = _request_wrapper(
               ^^^^^^^^^^^^^^^^^
  File "/workspace-vast/annas/git/believe-it-or-not/.venv/lib/python3.12/site-packages/huggingface_hub/file_download.py", line 307, in _request_wrapper
    hf_raise_for_status(response)
  File "/workspace-vast/annas/git/believe-it-or-not/.venv/lib/python3.12/site-packages/huggingface_hub/utils/_http.py", line 413, in hf_raise_for_status
    raise _format(EntryNotFoundError, message, response) from e
huggingface_hub.errors.EntryNotFoundError: 404 Client Error. (Request ID: Root=1-696a0a54-2ca0ab7a419a78896d7b4fc3;dd90a3e3-1655-49c3-9414-4f02e5779c87)

Entry Not Found for url: https://huggingface.co/google/gemma-scope-2-27b-it/resolve/main/resid_post/layer_23_width_262k_l0_medium/params.safetensors.

During handling of the above exception, another exception occurred:

Traceback (most recent call last):
  File "/workspace-vast/annas/git/believe-it-or-not/.venv/lib/python3.12/site-packages/huggingface_hub/utils/_http.py", line 402, in hf_raise_for_status
    response.raise_for_status()
  File "/workspace-vast/annas/git/believe-it-or-not/.venv/lib/python3.12/site-packages/requests/models.py", line 1026, in raise_for_status
    raise HTTPError(http_error_msg, response=self)
requests.exceptions.HTTPError: 404 Client Error: Not Found for url: https://huggingface.co/google/gemma-scope-2-27b-it/resolve/main/resid_post_all/layer_23_width_262k_l0_medium/params.safetensors

The above exception was the direct cause of the following exception:

Traceback (most recent call last):
  File "/workspace-vast/annas/git/research-tools/gemmascope/analyze_r1_lora_with_sae.py", line 740, in <module>
    main()
  File "/workspace-vast/annas/git/research-tools/gemmascope/analyze_r1_lora_with_sae.py", line 649, in main
    sae = load_gemma_scope_sae(
          ^^^^^^^^^^^^^^^^^^^^^
  File "/workspace-vast/annas/git/research-tools/gemmascope/analyze_r1_lora_with_sae.py", line 190, in load_gemma_scope_sae
    path_to_params = hf_hub_download(repo_id=repo_id, filename=filename)
                     ^^^^^^^^^^^^^^^^^^^^^^^^^^^^^^^^^^^^^^^^^^^^^^^^^^^
  File "/workspace-vast/annas/git/believe-it-or-not/.venv/lib/python3.12/site-packages/huggingface_hub/utils/_validators.py", line 114, in _inner_fn
    return fn(*args, **kwargs)
           ^^^^^^^^^^^^^^^^^^^
  File "/workspace-vast/annas/git/believe-it-or-not/.venv/lib/python3.12/site-packages/huggingface_hub/file_download.py", line 1007, in hf_hub_download
    return _hf_hub_download_to_cache_dir(
           ^^^^^^^^^^^^^^^^^^^^^^^^^^^^^^
  File "/workspace-vast/annas/git/believe-it-or-not/.venv/lib/python3.12/site-packages/huggingface_hub/file_download.py", line 1070, in _hf_hub_download_to_cache_dir
    (url_to_download, etag, commit_hash, expected_size, xet_file_data, head_call_error) = _get_metadata_or_catch_error(
                                                                                          ^^^^^^^^^^^^^^^^^^^^^^^^^^^^^
  File "/workspace-vast/annas/git/believe-it-or-not/.venv/lib/python3.12/site-packages/huggingface_hub/file_download.py", line 1543, in _get_metadata_or_catch_error
    metadata = get_hf_file_metadata(
               ^^^^^^^^^^^^^^^^^^^^^
  File "/workspace-vast/annas/git/believe-it-or-not/.venv/lib/python3.12/site-packages/huggingface_hub/utils/_validators.py", line 114, in _inner_fn
    return fn(*args, **kwargs)
           ^^^^^^^^^^^^^^^^^^^
  File "/workspace-vast/annas/git/believe-it-or-not/.venv/lib/python3.12/site-packages/huggingface_hub/file_download.py", line 1460, in get_hf_file_metadata
    r = _request_wrapper(
        ^^^^^^^^^^^^^^^^^
  File "/workspace-vast/annas/git/believe-it-or-not/.venv/lib/python3.12/site-packages/huggingface_hub/file_download.py", line 283, in _request_wrapper
    response = _request_wrapper(
               ^^^^^^^^^^^^^^^^^
  File "/workspace-vast/annas/git/believe-it-or-not/.venv/lib/python3.12/site-packages/huggingface_hub/file_download.py", line 307, in _request_wrapper
    hf_raise_for_status(response)
  File "/workspace-vast/annas/git/believe-it-or-not/.venv/lib/python3.12/site-packages/huggingface_hub/utils/_http.py", line 413, in hf_raise_for_status
    raise _format(EntryNotFoundError, message, response) from e
huggingface_hub.errors.EntryNotFoundError: 404 Client Error. (Request ID: Root=1-696a0a55-69ec880b16efb75a2e2f90d8;ee5b949d-1cc4-4684-aba8-00bec662fecb)

Entry Not Found for url: https://huggingface.co/google/gemma-scope-2-27b-it/resolve/main/resid_post_all/layer_23_width_262k_l0_medium/params.safetensors.
  -> Saved to gemmascope/outputs/r1_lora_analysis/gemma3-27b-dpo-minimal-r1-L20-2ep_2026-01-15_18-45-53_layer23_262k_std.*

Analysis complete!
Results in: gemmascope/outputs/r1_lora_analysis
