Python: /workspace-vast/annas/git/believe-it-or-not/.venv/bin/python
HF_TOKEN set: yes
Starting R1 LoRA analysis with Gemma Scope SAEs
================================================

Analyzing: gemma3-27b-dpo-minimal-r1-L20_2026-01-15_18-10-31
Path: /workspace-vast/annas/models/gemma3-27b-dpo-minimal-r1-L20/2026-01-15_18-10-31

=== Exact layer analysis (layer 20, using _all variant) ===
  SAE: layer=20, width=16k (all-layers variant)
Loading LoRA weights...
Traceback (most recent call last):
  File "/workspace-vast/annas/git/research-tools/gemmascope/analyze_r1_lora_with_sae.py", line 711, in <module>
    main()
  File "/workspace-vast/annas/git/research-tools/gemmascope/analyze_r1_lora_with_sae.py", line 614, in main
    lora = load_lora_weights(args.lora_path)
           ^^^^^^^^^^^^^^^^^^^^^^^^^^^^^^^^^
  File "/workspace-vast/annas/git/research-tools/gemmascope/analyze_r1_lora_with_sae.py", line 98, in load_lora_weights
    lora_A=weights[lora_A_key],
           ~~~~~~~^^^^^^^^^^^^
KeyError: 'model.layers.20.mlp.down_proj.lora_A.weight'
  -> Saved to gemmascope/outputs/r1_lora_analysis/gemma3-27b-dpo-minimal-r1-L20_2026-01-15_18-10-31_layer20_16k_all.*
  SAE: layer=20, width=65k (all-layers variant)
Loading LoRA weights...
Traceback (most recent call last):
  File "/workspace-vast/annas/git/research-tools/gemmascope/analyze_r1_lora_with_sae.py", line 711, in <module>
    main()
  File "/workspace-vast/annas/git/research-tools/gemmascope/analyze_r1_lora_with_sae.py", line 614, in main
    lora = load_lora_weights(args.lora_path)
           ^^^^^^^^^^^^^^^^^^^^^^^^^^^^^^^^^
  File "/workspace-vast/annas/git/research-tools/gemmascope/analyze_r1_lora_with_sae.py", line 98, in load_lora_weights
    lora_A=weights[lora_A_key],
           ~~~~~~~^^^^^^^^^^^^
KeyError: 'model.layers.20.mlp.down_proj.lora_A.weight'
  -> Saved to gemmascope/outputs/r1_lora_analysis/gemma3-27b-dpo-minimal-r1-L20_2026-01-15_18-10-31_layer20_65k_all.*

=== Standard layer analysis (nearby layers) ===
  SAE: layer=23, width=16k (standard variant)
Loading LoRA weights...
Traceback (most recent call last):
  File "/workspace-vast/annas/git/research-tools/gemmascope/analyze_r1_lora_with_sae.py", line 711, in <module>
    main()
  File "/workspace-vast/annas/git/research-tools/gemmascope/analyze_r1_lora_with_sae.py", line 614, in main
    lora = load_lora_weights(args.lora_path)
           ^^^^^^^^^^^^^^^^^^^^^^^^^^^^^^^^^
  File "/workspace-vast/annas/git/research-tools/gemmascope/analyze_r1_lora_with_sae.py", line 98, in load_lora_weights
    lora_A=weights[lora_A_key],
           ~~~~~~~^^^^^^^^^^^^
KeyError: 'model.layers.20.mlp.down_proj.lora_A.weight'
  -> Saved to gemmascope/outputs/r1_lora_analysis/gemma3-27b-dpo-minimal-r1-L20_2026-01-15_18-10-31_layer23_16k_std.*
  SAE: layer=23, width=65k (standard variant)
Loading LoRA weights...
Traceback (most recent call last):
  File "/workspace-vast/annas/git/research-tools/gemmascope/analyze_r1_lora_with_sae.py", line 711, in <module>
    main()
  File "/workspace-vast/annas/git/research-tools/gemmascope/analyze_r1_lora_with_sae.py", line 614, in main
    lora = load_lora_weights(args.lora_path)
           ^^^^^^^^^^^^^^^^^^^^^^^^^^^^^^^^^
  File "/workspace-vast/annas/git/research-tools/gemmascope/analyze_r1_lora_with_sae.py", line 98, in load_lora_weights
    lora_A=weights[lora_A_key],
           ~~~~~~~^^^^^^^^^^^^
KeyError: 'model.layers.20.mlp.down_proj.lora_A.weight'
  -> Saved to gemmascope/outputs/r1_lora_analysis/gemma3-27b-dpo-minimal-r1-L20_2026-01-15_18-10-31_layer23_65k_std.*
  SAE: layer=23, width=262k (standard variant)
Loading LoRA weights...
Traceback (most recent call last):
  File "/workspace-vast/annas/git/research-tools/gemmascope/analyze_r1_lora_with_sae.py", line 711, in <module>
    main()
  File "/workspace-vast/annas/git/research-tools/gemmascope/analyze_r1_lora_with_sae.py", line 614, in main
    lora = load_lora_weights(args.lora_path)
           ^^^^^^^^^^^^^^^^^^^^^^^^^^^^^^^^^
  File "/workspace-vast/annas/git/research-tools/gemmascope/analyze_r1_lora_with_sae.py", line 98, in load_lora_weights
    lora_A=weights[lora_A_key],
           ~~~~~~~^^^^^^^^^^^^
KeyError: 'model.layers.20.mlp.down_proj.lora_A.weight'
  -> Saved to gemmascope/outputs/r1_lora_analysis/gemma3-27b-dpo-minimal-r1-L20_2026-01-15_18-10-31_layer23_262k_std.*

Analyzing: gemma3-27b-dpo-minimal-r1-L20-2ep_2026-01-15_18-45-53
Path: /workspace-vast/annas/models/gemma3-27b-dpo-minimal-r1-L20-2ep/2026-01-15_18-45-53

=== Exact layer analysis (layer 20, using _all variant) ===
  SAE: layer=20, width=16k (all-layers variant)
Loading LoRA weights...
Traceback (most recent call last):
  File "/workspace-vast/annas/git/research-tools/gemmascope/analyze_r1_lora_with_sae.py", line 711, in <module>
    main()
  File "/workspace-vast/annas/git/research-tools/gemmascope/analyze_r1_lora_with_sae.py", line 614, in main
    lora = load_lora_weights(args.lora_path)
           ^^^^^^^^^^^^^^^^^^^^^^^^^^^^^^^^^
  File "/workspace-vast/annas/git/research-tools/gemmascope/analyze_r1_lora_with_sae.py", line 98, in load_lora_weights
    lora_A=weights[lora_A_key],
           ~~~~~~~^^^^^^^^^^^^
KeyError: 'model.layers.20.mlp.down_proj.lora_A.weight'
  -> Saved to gemmascope/outputs/r1_lora_analysis/gemma3-27b-dpo-minimal-r1-L20-2ep_2026-01-15_18-45-53_layer20_16k_all.*
  SAE: layer=20, width=65k (all-layers variant)
Loading LoRA weights...
Traceback (most recent call last):
  File "/workspace-vast/annas/git/research-tools/gemmascope/analyze_r1_lora_with_sae.py", line 711, in <module>
    main()
  File "/workspace-vast/annas/git/research-tools/gemmascope/analyze_r1_lora_with_sae.py", line 614, in main
    lora = load_lora_weights(args.lora_path)
           ^^^^^^^^^^^^^^^^^^^^^^^^^^^^^^^^^
  File "/workspace-vast/annas/git/research-tools/gemmascope/analyze_r1_lora_with_sae.py", line 98, in load_lora_weights
    lora_A=weights[lora_A_key],
           ~~~~~~~^^^^^^^^^^^^
KeyError: 'model.layers.20.mlp.down_proj.lora_A.weight'
  -> Saved to gemmascope/outputs/r1_lora_analysis/gemma3-27b-dpo-minimal-r1-L20-2ep_2026-01-15_18-45-53_layer20_65k_all.*

=== Standard layer analysis (nearby layers) ===
  SAE: layer=23, width=16k (standard variant)
Loading LoRA weights...
Traceback (most recent call last):
  File "/workspace-vast/annas/git/research-tools/gemmascope/analyze_r1_lora_with_sae.py", line 711, in <module>
    main()
  File "/workspace-vast/annas/git/research-tools/gemmascope/analyze_r1_lora_with_sae.py", line 614, in main
    lora = load_lora_weights(args.lora_path)
           ^^^^^^^^^^^^^^^^^^^^^^^^^^^^^^^^^
  File "/workspace-vast/annas/git/research-tools/gemmascope/analyze_r1_lora_with_sae.py", line 98, in load_lora_weights
    lora_A=weights[lora_A_key],
           ~~~~~~~^^^^^^^^^^^^
KeyError: 'model.layers.20.mlp.down_proj.lora_A.weight'
  -> Saved to gemmascope/outputs/r1_lora_analysis/gemma3-27b-dpo-minimal-r1-L20-2ep_2026-01-15_18-45-53_layer23_16k_std.*
  SAE: layer=23, width=65k (standard variant)
Loading LoRA weights...
Traceback (most recent call last):
  File "/workspace-vast/annas/git/research-tools/gemmascope/analyze_r1_lora_with_sae.py", line 711, in <module>
    main()
  File "/workspace-vast/annas/git/research-tools/gemmascope/analyze_r1_lora_with_sae.py", line 614, in main
    lora = load_lora_weights(args.lora_path)
           ^^^^^^^^^^^^^^^^^^^^^^^^^^^^^^^^^
  File "/workspace-vast/annas/git/research-tools/gemmascope/analyze_r1_lora_with_sae.py", line 98, in load_lora_weights
    lora_A=weights[lora_A_key],
           ~~~~~~~^^^^^^^^^^^^
KeyError: 'model.layers.20.mlp.down_proj.lora_A.weight'
  -> Saved to gemmascope/outputs/r1_lora_analysis/gemma3-27b-dpo-minimal-r1-L20-2ep_2026-01-15_18-45-53_layer23_65k_std.*
  SAE: layer=23, width=262k (standard variant)
Loading LoRA weights...
Traceback (most recent call last):
  File "/workspace-vast/annas/git/research-tools/gemmascope/analyze_r1_lora_with_sae.py", line 711, in <module>
    main()
  File "/workspace-vast/annas/git/research-tools/gemmascope/analyze_r1_lora_with_sae.py", line 614, in main
    lora = load_lora_weights(args.lora_path)
           ^^^^^^^^^^^^^^^^^^^^^^^^^^^^^^^^^
  File "/workspace-vast/annas/git/research-tools/gemmascope/analyze_r1_lora_with_sae.py", line 98, in load_lora_weights
    lora_A=weights[lora_A_key],
           ~~~~~~~^^^^^^^^^^^^
KeyError: 'model.layers.20.mlp.down_proj.lora_A.weight'
  -> Saved to gemmascope/outputs/r1_lora_analysis/gemma3-27b-dpo-minimal-r1-L20-2ep_2026-01-15_18-45-53_layer23_262k_std.*

Analysis complete!
Results in: gemmascope/outputs/r1_lora_analysis
