Python: /workspace-vast/annas/git/believe-it-or-not/.venv/bin/python
Starting steering vector SAE analysis...

=========================================
 Layer 20
=========================================
Loading steering vectors from /workspace-vast/annas/git/research-tools/experiments/steering/vectors/all_emotions_textmeandiff_layer20.npz
  Emotions: ['anger', 'disgust', 'fear', 'happiness', 'sadness', 'surprise']
  Layer: 20
  Vector shape: (6, 5376)

Using SAE layer: 20
Loading SAE from google/gemma-scope-2-27b-it/resid_post_all/layer_20_width_262k_l0_small/params.safetensors
  SAE dimensions: d_model=5376, d_sae=262144
Loading example data from google/gemma-scope-2-27b-it/resid_post_all/layer_20_width_262k_l0_small/examples.safetensors
Loading tokenizer...

============================================================
 Analyzing: anger
============================================================

 Statistics:
   Mean cosine: -0.045343
   Std cosine: 0.180830
   Max cosine: 0.851263
   Min cosine: -0.844908

 Top 50 MAX cosine features:
      Idx |   Cosine | Top Tokens
 -------- | -------- | ----------------------------------------
   169128 |   0.8513 | [' is', ' в', '،', 'ется', ' început']
    30716 |   0.8426 | [' is', ' একটি', ' هڪ', ' bạn', 'き']
     6610 |   0.8385 | [' televisión', 'culos', '\uf733', 'ä', 'ará']
    12131 |   0.8380 | ['k', '๓', ' político', '३', ' ಚುನ']
     7467 |   0.8379 | ['i', '.', 'ﻤ', 'ி', ' determinante']
     6396 |   0.8377 | [' of', ' at', ' it', ' that', '(']
     3389 |   0.8374 | ['K', 'E', 'P', '</h2>', 'on']
    33569 |   0.8343 | [' prostitutes', ' disgusted', ' peuple', ' 言っ', ' forbidding']
     4301 |   0.8339 | ['мо', 'и', 'િ', 't', 'пе']
     7305 |   0.8329 | ['۳', ' in', '\n', '۵', '8']

 Top 50 MIN cosine features:
      Idx |   Cosine | Top Tokens
 -------- | -------- | ----------------------------------------
    13195 |  -0.8449 | [' તમામ', ' ለአ', ' పూర్తి', ' jednoduch', 'ทุก']
     4583 |  -0.8430 | ['ב', 'w', 'ad', 'and', 'ك']
     4916 |  -0.8428 | ['ו', 'י', '\n', 'ר', 'ร']
    32335 |  -0.8424 | ['in', 'ed', 'er', 'at', 'es']
    12079 |  -0.8417 | ['\n', 'in', 'n', 'c', 'f']
    11251 |  -0.8410 | [' \\', 'ed', 'z', 'i', 'ت']
    15254 |  -0.8384 | ['\n', '8', '7', '6', '5']
   107906 |  -0.8378 | ['지', 'ו', 'isyen', ' यूं', 'ลูกค้า']
   118767 |  -0.8377 | ['ка', ' for', 'for', 'X', 'at']
     5535 |  -0.8373 | ['ad', 'id', 'as', 'ak', 'on']

============================================================
 Analyzing: disgust
============================================================

 Statistics:
   Mean cosine: -0.039777
   Std cosine: 0.158093
   Max cosine: 0.757680
   Min cosine: -0.747935

 Top 50 MAX cosine features:
      Idx |   Cosine | Top Tokens
 -------- | -------- | ----------------------------------------
   169128 |   0.7577 | [' is', ' в', '،', 'ется', ' început']
    12131 |   0.7432 | ['k', '๓', ' político', '३', ' ಚುನ']
     7305 |   0.7418 | ['۳', ' in', '\n', '۵', '8']
     7467 |   0.7405 | ['i', '.', 'ﻤ', 'ி', ' determinante']
    30716 |   0.7399 | [' is', ' একটি', ' هڪ', ' bạn', 'き']
    33569 |   0.7394 | [' prostitutes', ' disgusted', ' peuple', ' 言っ', ' forbidding']
    22350 |   0.7387 | ['ata', 'adı', 'に行', ' ketiga', '砓']
     3389 |   0.7381 | ['K', 'E', 'P', '</h2>', 'on']
     6610 |   0.7367 | [' televisión', 'culos', '\uf733', 'ä', 'ará']
     6396 |   0.7356 | [' of', ' at', ' it', ' that', '(']

 Top 50 MIN cosine features:
      Idx |   Cosine | Top Tokens
 -------- | -------- | ----------------------------------------
     4583 |  -0.7479 | ['ב', 'w', 'ad', 'and', 'ك']
     4916 |  -0.7432 | ['ו', 'י', '\n', 'ר', 'ร']
    13195 |  -0.7426 | [' તમામ', ' ለአ', ' పూర్తి', ' jednoduch', 'ทุก']
     6097 |  -0.7425 | [' calculations', ' algebraic', ' equations', ' arithmetic', ' calculation']
    32335 |  -0.7421 | ['in', 'ed', 'er', 'at', 'es']
    11251 |  -0.7419 | [' \\', 'ed', 'z', 'i', 'ت']
   107906 |  -0.7402 | ['지', 'ו', 'isyen', ' यूं', 'ลูกค้า']
     5912 |  -0.7390 | ['}', 'ר', ' algorithms', '_', '0']
     5535 |  -0.7385 | ['ad', 'id', 'as', 'ak', 'on']
    12079 |  -0.7384 | ['\n', 'in', 'n', 'c', 'f']

============================================================
 Analyzing: fear
============================================================

 Statistics:
   Mean cosine: -0.029916
   Std cosine: 0.118751
   Max cosine: 0.671829
   Min cosine: -0.666208

 Top 50 MAX cosine features:
      Idx |   Cosine | Top Tokens
 -------- | -------- | ----------------------------------------
     6336 |   0.6718 | ['说', '吃饭', 'த்தை', '۴', 'inguém']
      712 |   0.6437 | [' whispering', ' goblin', ' hắn', ' sobbing', '神经']
    98381 |   0.6370 | [' billowing', ' parabola', ' horizontale', ' pohyb', '４']
     1303 |   0.6347 | [' především', ' şi', '匮', ' company', ' ความ']
    27238 |   0.6325 | [' that', 'ong', ' ว่า', ' änd', ' hogy']
     8618 |   0.6319 | ['straße', '۳', 'cinema', 'markets', ' gdje']
     9820 |   0.6311 | [' fleeing', ' torrential', ' visiting', 'ές', 'সাম্প্র']
     9859 |   0.6271 | ['(', 't', ' (', ' of', 'of']
      736 |   0.6246 | ['0', 'ן', '都是', ' (', ' of']
     7704 |   0.6244 | ['.', 'ри', 'га', 'もら', 'ان']

 Top 50 MIN cosine features:
      Idx |   Cosine | Top Tokens
 -------- | -------- | ----------------------------------------
     2301 |  -0.6662 | [' kullanıcı', ' obsług', ' قابلیت', ' 사용', '사용']
   198777 |  -0.6431 | ['u', '\n', 'ת', 'er', 'a']
     1034 |  -0.6418 | [' എന്നിവ', 'চ্যুত', 'ზ', ' pierwszej', ' koje']
     6097 |  -0.6339 | [' calculations', ' algebraic', ' equations', ' arithmetic', ' calculation']
   244382 |  -0.6332 | [' باستخدام', 'ка', ' ಯಾವುದೇ', ' utilizzando', '任意の']
   107906 |  -0.6322 | ['지', 'ו', 'isyen', ' यूं', 'ลูกค้า']
    20708 |  -0.6276 | ['ی', 's', 'ה', ' autoimmunity', 'ע']
     6195 |  -0.6256 | ['and', '什么是', 'an', ' deliverables', ' spans']
     5331 |  -0.6247 | [' file', ' files', 'data', ' samples', ' data']
    26261 |  -0.6236 | ['า', 'ığı', 'b', ' equalizer', ' മികച്ച']

============================================================
 Analyzing: happiness
============================================================

 Statistics:
   Mean cosine: -0.022037
   Std cosine: 0.089387
   Max cosine: 0.560118
   Min cosine: -0.538633

 Top 50 MAX cosine features:
      Idx |   Cosine | Top Tokens
 -------- | -------- | ----------------------------------------
     6336 |   0.5601 | ['说', '吃饭', 'த்தை', '۴', 'inguém']
      712 |   0.5388 | [' whispering', ' goblin', ' hắn', ' sobbing', '神经']
      736 |   0.5145 | ['0', 'ן', '都是', ' (', ' of']
     1303 |   0.5065 | [' především', ' şi', '匮', ' company', ' ความ']
     5676 |   0.5041 | ['-', 'ang', '(', 'ressed', 'ol']
     8618 |   0.5029 | ['straße', '۳', 'cinema', 'markets', ' gdje']
     9859 |   0.4996 | ['(', 't', ' (', ' of', 'of']
     9820 |   0.4991 | [' fleeing', ' torrential', ' visiting', 'ές', 'সাম্প্র']
    33419 |   0.4986 | ['to', ' W', 'w', '0', 'то']
    98381 |   0.4985 | [' billowing', ' parabola', ' horizontale', ' pohyb', '４']

 Top 50 MIN cosine features:
      Idx |   Cosine | Top Tokens
 -------- | -------- | ----------------------------------------
     2301 |  -0.5386 | [' kullanıcı', ' obsług', ' قابلیت', ' 사용', '사용']
   244382 |  -0.5096 | [' باستخدام', 'ка', ' ಯಾವುದೇ', ' utilizzando', '任意の']
   198777 |  -0.5053 | ['u', '\n', 'ת', 'er', 'a']
     5331 |  -0.5039 | [' file', ' files', 'data', ' samples', ' data']
     6195 |  -0.5011 | ['and', '什么是', 'an', ' deliverables', ' spans']
     1034 |  -0.4988 | [' എന്നിവ', 'চ্যুত', 'ზ', ' pierwszej', ' koje']
    14069 |  -0.4967 | ['z', 'd', 'ZI', 'f', ' distributes']
     1537 |  -0.4928 | ['m', ' erreurs', 'ت', '৬', 'extrémité']
    20708 |  -0.4921 | ['ی', 's', 'ה', ' autoimmunity', 'ע']
     7452 |  -0.4920 | [' используя', ' Nähe', 'arın', ' использу', 'ającym']

============================================================
 Analyzing: sadness
============================================================

 Statistics:
   Mean cosine: -0.035821
   Std cosine: 0.144314
   Max cosine: 0.696486
   Min cosine: -0.657340

 Top 50 MAX cosine features:
      Idx |   Cosine | Top Tokens
 -------- | -------- | ----------------------------------------
   169128 |   0.6965 | [' is', ' в', '،', 'ется', ' început']
   116982 |   0.6762 | [' are', ' is', ' in', ' tribunal', 'tingham']
     7467 |   0.6563 | ['i', '.', 'ﻤ', 'ி', ' determinante']
   201630 |   0.6537 | ['اً', ' are', 'Appointments', '۔', 'این']
    12131 |   0.6510 | ['k', '๓', ' político', '३', ' ಚುನ']
    33569 |   0.6507 | [' prostitutes', ' disgusted', ' peuple', ' 言っ', ' forbidding']
    22350 |   0.6497 | ['ata', 'adı', 'に行', ' ketiga', '砓']
    30716 |   0.6468 | [' is', ' একটি', ' هڪ', ' bạn', 'き']
     7305 |   0.6466 | ['۳', ' in', '\n', '۵', '8']
     4301 |   0.6459 | ['мо', 'и', 'િ', 't', 'пе']

 Top 50 MIN cosine features:
      Idx |   Cosine | Top Tokens
 -------- | -------- | ----------------------------------------
     4583 |  -0.6573 | ['ב', 'w', 'ad', 'and', 'ك']
      154 |  -0.6566 | ['ות', 'на', 'ти', 'نی', 'ла']
     2301 |  -0.6551 | [' kullanıcı', ' obsług', ' قابلیت', ' 사용', '사용']
    13195 |  -0.6538 | [' તમામ', ' ለአ', ' పూర్తి', ' jednoduch', 'ทุก']
     4916 |  -0.6531 | ['ו', 'י', '\n', 'ר', 'ร']
    11251 |  -0.6507 | [' \\', 'ed', 'z', 'i', 'ت']
    15254 |  -0.6501 | ['\n', '8', '7', '6', '5']
    85420 |  -0.6498 | [' to', 'b', 'to', 'm', 'asters']
    12079 |  -0.6490 | ['\n', 'in', 'n', 'c', 'f']
     2111 |  -0.6481 | ['il', 'N', 'ம்', 'ar', 'et']

============================================================
 Analyzing: surprise
============================================================

 Statistics:
   Mean cosine: -0.046460
   Std cosine: 0.185872
   Max cosine: 0.861602
   Min cosine: -0.855089

 Top 50 MAX cosine features:
      Idx |   Cosine | Top Tokens
 -------- | -------- | ----------------------------------------
   169128 |   0.8616 | [' is', ' в', '،', 'ется', ' început']
    30716 |   0.8537 | [' is', ' একটি', ' هڪ', ' bạn', 'き']
     7467 |   0.8522 | ['i', '.', 'ﻤ', 'ி', ' determinante']
    33569 |   0.8480 | [' prostitutes', ' disgusted', ' peuple', ' 言っ', ' forbidding']
     6610 |   0.8442 | [' televisión', 'culos', '\uf733', 'ä', 'ará']
     6396 |   0.8441 | [' of', ' at', ' it', ' that', '(']
     4301 |   0.8433 | ['мо', 'и', 'િ', 't', 'пе']
    12131 |   0.8412 | ['k', '๓', ' político', '३', ' ಚುನ']
    49766 |   0.8407 | ['ش', '我', ' ਮ', '서는', ' your']
    50776 |   0.8407 | ['0', ' a', '2', ' you', 'your']

 Top 50 MIN cosine features:
      Idx |   Cosine | Top Tokens
 -------- | -------- | ----------------------------------------
    13195 |  -0.8551 | [' તમામ', ' ለአ', ' పూర్తి', ' jednoduch', 'ทุก']
     4583 |  -0.8531 | ['ב', 'w', 'ad', 'and', 'ك']
     4916 |  -0.8494 | ['ו', 'י', '\n', 'ר', 'ร']
    85420 |  -0.8473 | [' to', 'b', 'to', 'm', 'asters']
    15254 |  -0.8457 | ['\n', '8', '7', '6', '5']
    11251 |  -0.8454 | [' \\', 'ed', 'z', 'i', 'ت']
    32335 |  -0.8449 | ['in', 'ed', 'er', 'at', 'es']
     8723 |  -0.8449 | [' ឬ', ' ຫຼື', ' animaux', ' وکړئ', 'Methylsulfanyl']
      154 |  -0.8439 | ['ות', 'на', 'ти', 'نی', 'ла']
   118767 |  -0.8435 | ['ка', ' for', 'for', 'X', 'at']


Results saved to gemmascope/outputs/steering_vector_analysis/textmeandiff_layer20_262k.summary.json

=========================================
 Layer 40
=========================================
Loading steering vectors from /workspace-vast/annas/git/research-tools/experiments/steering/vectors/all_emotions_textmeandiff_layer40.npz
  Emotions: ['anger', 'disgust', 'fear', 'happiness', 'sadness', 'surprise']
  Layer: 40
  Vector shape: (6, 5376)

Using SAE layer: 40
Loading SAE from google/gemma-scope-2-27b-it/resid_post_all/layer_40_width_262k_l0_small/params.safetensors
  SAE dimensions: d_model=5376, d_sae=262144
Loading example data from google/gemma-scope-2-27b-it/resid_post_all/layer_40_width_262k_l0_small/examples.safetensors
Loading tokenizer...

============================================================
 Analyzing: anger
============================================================

 Statistics:
   Mean cosine: -0.008442
   Std cosine: 0.092940
   Max cosine: 0.661430
   Min cosine: -0.660312

 Top 50 MAX cosine features:
      Idx |   Cosine | Top Tokens
 -------- | -------- | ----------------------------------------
    70531 |   0.6614 | [' músculos', ' окружа', '痉', '忧', '\u200c\u200c']
      699 |   0.6523 | ['ía', ' sobre', 'icamente', ' cicat', 'sobre']
     1878 |   0.6452 | [' tahun', ' năm', ' år', ' octobre', 'th']
     3895 |   0.6447 | ['например', 'based', ' например', 'like', ' örne']
   133184 |   0.6441 | [' patitth', '<unused462>', ' spiderY', 'abbanti', '𒊏']
     6768 |   0.6441 | ['ẖ', ' નામ', ' Ramon', ' Richard', ' गवर्नमेंट']
    16190 |   0.6419 | [' thence', ' weekdays', 'ưở', ' mayoral', ' мел']
     4969 |   0.6415 | ['7', '8', '6', '9', '4']
     6666 |   0.6401 | ['\n', '\n\n', '">', '<h3>', '          ']
     8738 |   0.6401 | ['ia', 'u', 'ata', 'ac', 'e']

 Top 50 MIN cosine features:
      Idx |   Cosine | Top Tokens
 -------- | -------- | ----------------------------------------
      640 |  -0.6603 | [' context', ' plugin', ' lookup', ' parsing', ' on']
    15697 |  -0.6584 | ['            ', '        ', ' and', '       ', '  ']
    49114 |  -0.6583 | ['\n', ' *', ' take', ' set', ' (']
    29643 |  -0.6575 | ['מ', 'В', ' In', '\n', 'In']
   225250 |  -0.6570 | [' showcasing', ' blatantly', ' Nota', ' ValueTask', ' somewhat']
    54933 |  -0.6545 | [' Operating', ' Output', 'Working', 'This', ' Application']
    27696 |  -0.6539 | [' Taking', ' Analysis', ' Using', '\n', 'Taking']
     5027 |  -0.6520 | [' what', ' the', '哪些', ' how', ' various']
    44734 |  -0.6512 | ['Про', 'Support', 'Ти', 'resources', 'Output']
   103114 |  -0.6509 | [' labs', 'import', ' introductions', 'ть', ' successes']

============================================================
 Analyzing: disgust
============================================================

 Statistics:
   Mean cosine: -0.007680
   Std cosine: 0.085166
   Max cosine: 0.608803
   Min cosine: -0.604437

 Top 50 MAX cosine features:
      Idx |   Cosine | Top Tokens
 -------- | -------- | ----------------------------------------
    70531 |   0.6088 | [' músculos', ' окружа', '痉', '忧', '\u200c\u200c']
   260272 |   0.5999 | [' make', ' get', ' be', '  ', ' give']
     6666 |   0.5902 | ['\n', '\n\n', '">', '<h3>', '          ']
   176097 |   0.5894 | ['t', 'g', '6', '2', '3']
     8738 |   0.5894 | ['ia', 'u', 'ata', 'ac', 'e']
      433 |   0.5885 | ['စိတ်အပိုင်း', 'SecurityMarks', '<unused189>', 'Despatx', ' चुप्पी']
      699 |   0.5872 | ['ía', ' sobre', 'icamente', ' cicat', 'sobre']
     1878 |   0.5865 | [' tahun', ' năm', ' år', ' octobre', 'th']
   204843 |   0.5854 | [' imasmim', '<unused462>', '<unused303>', ' datth', ' agacch']
   133184 |   0.5852 | [' patitth', '<unused462>', ' spiderY', 'abbanti', '𒊏']

 Top 50 MIN cosine features:
      Idx |   Cosine | Top Tokens
 -------- | -------- | ----------------------------------------
    15697 |  -0.6044 | ['            ', '        ', ' and', '       ', '  ']
      640 |  -0.6039 | [' context', ' plugin', ' lookup', ' parsing', ' on']
     5027 |  -0.6027 | [' what', ' the', '哪些', ' how', ' various']
     6636 |  -0.6017 | [' implemented', ' networked', ' on', ' embedded', ' segmented']
   225250 |  -0.6000 | [' showcasing', ' blatantly', ' Nota', ' ValueTask', ' somewhat']
    54933 |  -0.5986 | [' Operating', ' Output', 'Working', 'This', ' Application']
    29643 |  -0.5982 | ['מ', 'В', ' In', '\n', 'In']
    27696 |  -0.5972 | [' Taking', ' Analysis', ' Using', '\n', 'Taking']
   204372 |  -0.5963 | ['\t', ' Using', 'With', ' Example', ' Result']
    49114 |  -0.5962 | ['\n', ' *', ' take', ' set', ' (']

============================================================
 Analyzing: fear
============================================================

 Statistics:
   Mean cosine: -0.002444
   Std cosine: 0.034399
   Max cosine: 0.237869
   Min cosine: -0.332769

 Top 50 MAX cosine features:
      Idx |   Cosine | Top Tokens
 -------- | -------- | ----------------------------------------
    16690 |   0.2379 | [' eyelids', ' fantasies', 'ധികം', 'lessly', ' flashbacks']
    70531 |   0.2367 | [' músculos', ' окружа', '痉', '忧', '\u200c\u200c']
    23752 |   0.2317 | ['قه', ' maturities', ' murderous', 'ाइम', 'ዖ']
     1865 |   0.2299 | ['ся', 'ться', ' себе', ' собой', ' всего']
    16947 |   0.2298 | [' Something', ' Especially', ' Somebody', ' Wasn', ' Maybe']
    53510 |   0.2283 | [' gouttes', 'ступает', ' bezig', 'ഹ്ലാദ', ' chantier']
    47365 |   0.2263 | [' подроб', ' detalles', ' ተጨማሪ', 'ſt', '\U000f0004']
    24997 |   0.2235 | [' fudai', 'Gosudarstvennyj', ' ahuv', '緩和', 'assaytype']
     9749 |   0.2233 | [' grumpy', ' idyllic', ' vicar', ' sobbing', ' undulating']
    15473 |   0.2227 | [' pricey', ' ocasiones', ' hardwoods', ' തവണ', ' mansions']

 Top 50 MIN cosine features:
      Idx |   Cosine | Top Tokens
 -------- | -------- | ----------------------------------------
    37200 |  -0.3328 | [' debugger', ' debugging', ' Debug', 'Debugging', ' debug']
    26276 |  -0.3169 | [' debugging', ' debug', ' Debug', ' debugger', 'debug']
     6817 |  -0.2919 | [' syntax', ' Syntax', ' code', '代码', '语法']
     6319 |  -0.2470 | [' Python', 'Python', ' python', 'python', ' tuple']
      640 |  -0.2374 | [' context', ' plugin', ' lookup', ' parsing', ' on']
     9602 |  -0.2352 | [' backtracking', ' recursively', ' recursion', ' increment', ' decrement']
     8085 |  -0.2344 | [' Note', ' Since', ' Remember', ' Notice', ' Importantly']
      844 |  -0.2310 | [' Simplify', ' parentheses', ' equation', ' Simplifying', ' multiplying']
     8097 |  -0.2302 | [' JSON', ' HTML', ' metadata', ' Python', ' HTTP']
     8815 |  -0.2258 | [' explicitly', ' manually', ' initialize', ' apply', ' optionally']

============================================================
 Analyzing: happiness
============================================================

 Statistics:
   Mean cosine: -0.001097
   Std cosine: 0.024001
   Max cosine: 0.302301
   Min cosine: -0.314181

 Top 50 MAX cosine features:
      Idx |   Cosine | Top Tokens
 -------- | -------- | ----------------------------------------
    71627 |   0.3023 | [' accomplishment', '達成', '完成', ' satisfying', ' completion']
    16614 |   0.2496 | [' ибо', ' wondrous', '之时', ' hath', ' mighty']
    11978 |   0.2307 | [' Linux', ' geek', ' debugging', ' debug', ' Unix']
    26102 |   0.1907 | [' Plus', ' 😍', '😍', ' Bonus', ' Believe']
    11690 |   0.1882 | [' glorious', ' awesome', ' magnifique', ' magnificent', ' fabulous']
     8220 |   0.1869 | [' kiddos', ' sneaky', ' shenanigans', ' gotta', ' goodies']
    12244 |   0.1865 | [' excitement', ' excited', ' excitedly', ' enthusiasm', ' entusiasmo']
    75535 |   0.1843 | [' 😉', ' ;)', ' ;-)', '😉', ' :)']
    14425 |   0.1779 | [' feelings', ' euphoria', ' pleasurable', ' endorph', ' pleasure']
    57019 |   0.1739 | [' hearing', ' seeing', ' Hearing', 'Hearing', 'hearing']

 Top 50 MIN cosine features:
      Idx |   Cosine | Top Tokens
 -------- | -------- | ----------------------------------------
    37200 |  -0.3142 | [' debugger', ' debugging', ' Debug', 'Debugging', ' debug']
    26276 |  -0.2824 | [' debugging', ' debug', ' Debug', ' debugger', 'debug']
   245899 |  -0.2160 | [' breakthrough', ' scientific', ' difficulties', ' scientists', ' breakthroughs']
     9817 |  -0.2061 | [' obviously', ' goals', ' understand', ' risks', ' difficult']
    11368 |  -0.2044 | [' проверить', ' logs', '检查', '檢查', ' 로그']
    19629 |  -0.1975 | [' traceback', 'StackTrace', ' stack', ' debugging', 'stack']
     6817 |  -0.1923 | [' syntax', ' Syntax', ' code', '代码', '语法']
   151011 |  -0.1903 | ['StackTrace', '调用', ' callers', ' stack', 'where']
     6319 |  -0.1877 | [' Python', 'Python', ' python', 'python', ' tuple']
    10206 |  -0.1810 | ['报错', ' symptoms', ' Symptoms', ' проблему', '症状']

============================================================
 Analyzing: sadness
============================================================

 Statistics:
   Mean cosine: -0.002071
   Std cosine: 0.032384
   Max cosine: 0.243928
   Min cosine: -0.342474

 Top 50 MAX cosine features:
      Idx |   Cosine | Top Tokens
 -------- | -------- | ----------------------------------------
     6891 |   0.2439 | [' Suddenly', 'Suddenly', ' muttered', ' suddenly', ' sighed']
     5893 |   0.2410 | [' reparations', ' enl', ' gneiss', ' melanch', ' mustard']
    16947 |   0.2346 | [' Something', ' Especially', ' Somebody', ' Wasn', ' Maybe']
     1990 |   0.2272 | [' című', ' romanzo', '杀死', ' любви', ' Massacre']
    70531 |   0.2258 | [' músculos', ' окружа', '痉', '忧', '\u200c\u200c']
    47365 |   0.2252 | [' подроб', ' detalles', ' ተጨማሪ', 'ſt', '\U000f0004']
   110948 |   0.2214 | [' proverbial', ' murderous', ' behest', ' guise', ' unrelenting']
    11158 |   0.2178 | [' ক্রোধ', ' tonight', ' lately', ' morn', ',/']
   260272 |   0.2171 | [' make', ' get', ' be', '  ', ' give']
      433 |   0.2169 | ['စိတ်အပိုင်း', 'SecurityMarks', '<unused189>', 'Despatx', ' चुप्पी']

 Top 50 MIN cosine features:
      Idx |   Cosine | Top Tokens
 -------- | -------- | ----------------------------------------
    37200 |  -0.3425 | [' debugger', ' debugging', ' Debug', 'Debugging', ' debug']
    26276 |  -0.3245 | [' debugging', ' debug', ' Debug', ' debugger', 'debug']
     6817 |  -0.2750 | [' syntax', ' Syntax', ' code', '代码', '语法']
     8815 |  -0.2444 | [' explicitly', ' manually', ' initialize', ' apply', ' optionally']
     8085 |  -0.2376 | [' Note', ' Since', ' Remember', ' Notice', ' Importantly']
      127 |  -0.2323 | [' configured', ' Configuring', ' NuGet', ' benutzer', ' verwenden']
     8097 |  -0.2314 | [' JSON', ' HTML', ' metadata', ' Python', ' HTTP']
     7706 |  -0.2279 | [' entire', ' desired', ' corresponding', ' aforementioned', ' underlying']
     3612 |  -0.2274 | ['_', ' {', '()', ' p', '_{']
     6319 |  -0.2250 | [' Python', 'Python', ' python', 'python', ' tuple']

============================================================
 Analyzing: surprise
============================================================

 Statistics:
   Mean cosine: -0.006387
   Std cosine: 0.071962
   Max cosine: 0.521519
   Min cosine: -0.515849

 Top 50 MAX cosine features:
      Idx |   Cosine | Top Tokens
 -------- | -------- | ----------------------------------------
    70531 |   0.5215 | [' músculos', ' окружа', '痉', '忧', '\u200c\u200c']
   260272 |   0.5033 | [' make', ' get', ' be', '  ', ' give']
     6666 |   0.4948 | ['\n', '\n\n', '">', '<h3>', '          ']
   133184 |   0.4939 | [' patitth', '<unused462>', ' spiderY', 'abbanti', '𒊏']
      433 |   0.4939 | ['စိတ်အပိုင်း', 'SecurityMarks', '<unused189>', 'Despatx', ' चुप्पी']
      699 |   0.4937 | ['ía', ' sobre', 'icamente', ' cicat', 'sobre']
    47365 |   0.4935 | [' подроб', ' detalles', ' ተጨማሪ', 'ſt', '\U000f0004']
   204843 |   0.4932 | [' imasmim', '<unused462>', '<unused303>', ' datth', ' agacch']
   176097 |   0.4932 | ['t', 'g', '6', '2', '3']
     1878 |   0.4930 | [' tahun', ' năm', ' år', ' octobre', 'th']

 Top 50 MIN cosine features:
      Idx |   Cosine | Top Tokens
 -------- | -------- | ----------------------------------------
      640 |  -0.5158 | [' context', ' plugin', ' lookup', ' parsing', ' on']
     8097 |  -0.5111 | [' JSON', ' HTML', ' metadata', ' Python', ' HTTP']
     5027 |  -0.5077 | [' what', ' the', '哪些', ' how', ' various']
    15697 |  -0.5053 | ['            ', '        ', ' and', '       ', '  ']
     6636 |  -0.5026 | [' implemented', ' networked', ' on', ' embedded', ' segmented']
    49114 |  -0.5015 | ['\n', ' *', ' take', ' set', ' (']
    29643 |  -0.5011 | ['מ', 'В', ' In', '\n', 'In']
   204372 |  -0.5011 | ['\t', ' Using', 'With', ' Example', ' Result']
   172610 |  -0.5011 | [' subpopulations', ' paradigms', ' instabilities', ' philosophies', ' regressions']
      610 |  -0.5009 | [' create', ' mitigate', ' provide', ' establish', ' generate']


Results saved to gemmascope/outputs/steering_vector_analysis/textmeandiff_layer40_262k.summary.json

=========================================
 Layer 30
=========================================
Loading steering vectors from /workspace-vast/annas/git/research-tools/experiments/steering/vectors/all_emotions_textmeandiff_layer30.npz
  Emotions: ['anger', 'disgust', 'fear', 'happiness', 'sadness', 'surprise']
  Layer: 30
  Vector shape: (6, 5376)

Using SAE layer: 30
Loading SAE from google/gemma-scope-2-27b-it/resid_post_all/layer_30_width_262k_l0_small/params.safetensors
  SAE dimensions: d_model=5376, d_sae=262144
Loading example data from google/gemma-scope-2-27b-it/resid_post_all/layer_30_width_262k_l0_small/examples.safetensors
Loading tokenizer...

============================================================
 Analyzing: anger
============================================================

 Statistics:
   Mean cosine: -0.046162
   Std cosine: 0.205340
   Max cosine: 0.863698
   Min cosine: -0.867178

 Top 50 MAX cosine features:
      Idx |   Cosine | Top Tokens
 -------- | -------- | ----------------------------------------
    27123 |   0.8637 | ['\n', ' (', 'िय', ' and', '.']
    49042 |   0.8560 | [' νε', ' kinases', ' পানি', ' avenida', ' beaches']
    33852 |   0.8550 | [' цены', ' anciens', 'рон', '.},', ' wszel']
     6780 |   0.8548 | [' website', ' blogs', 'www', ' www', ' сайті']
    54712 |   0.8523 | ['the', ':', 'this', ' The', 'The']
     1624 |   0.8505 | ['د', ' animales', ' fiebre', 'א', ' soldados']
    48283 |   0.8486 | ['.', '\n\n', ' (', '\n', '。']
   107072 |   0.8486 | [' {', '    ', ' [(', " ('", ' \\\\']
      123 |   0.8480 | ['i', ' D', 'ı', ' W', 'ת']
     2352 |   0.8476 | ['紀念', 'לי', 'ستين', '爾', ' memorial']

 Top 50 MIN cosine features:
      Idx |   Cosine | Top Tokens
 -------- | -------- | ----------------------------------------
    14038 |  -0.8672 | ['6', 'vertical', '7', 'ly', 'a']
     1907 |  -0.8642 | [' terpenes', ' primitives', ' namespaces', ' descriptors', ' redundancies']
     3323 |  -0.8624 | [' benchmarks', ' obl', ' hashes', ' plasmids', ' undo']
    16074 |  -0.8619 | [' delineation', ' nanoparticle', ' contaminants', ' raster', ' intrins']
     7494 |  -0.8617 | [' subpopulations', ' analyte', ' senescence', ' nutritive', ' mitotic']
      414 |  -0.8614 | [' morphologies', ' hemod', ' immunological', ' myel', ' biopsies']
    30390 |  -0.8613 | ['Level', '2', ' Multi', 'Params', ' Index']
     2641 |  -0.8587 | [' wpły', ' intang', ' embol', ' hapl', ' contaminant']
    14222 |  -0.8585 | [' Index', ' mappings', '5', 'Int', ' Merge']
     1177 |  -0.8579 | [' surpl', ' projectiles', ' detectors', 'рії', ' surfactants']

============================================================
 Analyzing: disgust
============================================================

 Statistics:
   Mean cosine: -0.044392
   Std cosine: 0.196392
   Max cosine: 0.824977
   Min cosine: -0.830665

 Top 50 MAX cosine features:
      Idx |   Cosine | Top Tokens
 -------- | -------- | ----------------------------------------
    27123 |   0.8250 | ['\n', ' (', 'िय', ' and', '.']
    49042 |   0.8231 | [' νε', ' kinases', ' পানি', ' avenida', ' beaches']
    54712 |   0.8227 | ['the', ':', 'this', ' The', 'The']
    26364 |   0.8209 | ['}$.', ' ("', ' (\\"', ' (', '*']
    23762 |   0.8186 | [' gangsters', ' pancakes', ' prawns', ' electrodes', ' avocado']
    33852 |   0.8182 | [' цены', ' anciens', 'рон', '.},', ' wszel']
     8065 |   0.8180 | ['-', ' and', 'son', 'J', 'I']
     6780 |   0.8167 | [' website', ' blogs', 'www', ' www', ' сайті']
   108729 |   0.8141 | [' Retrieved', ' celebrates', ' uye', ' Finds', ' আৰু']
    27080 |   0.8134 | ['.', '}$.', '،', ';', ',']

 Top 50 MIN cosine features:
      Idx |   Cosine | Top Tokens
 -------- | -------- | ----------------------------------------
     3323 |  -0.8307 | [' benchmarks', ' obl', ' hashes', ' plasmids', ' undo']
     1907 |  -0.8259 | [' terpenes', ' primitives', ' namespaces', ' descriptors', ' redundancies']
    30390 |  -0.8239 | ['Level', '2', ' Multi', 'Params', ' Index']
     3249 |  -0.8230 | [' мной', 'យើង', ' резко', '<(', '衽']
     2317 |  -0.8218 | [' scalable', ' detailed', ' comprehensive', ' robust', ' extensive']
    16074 |  -0.8210 | [' delineation', ' nanoparticle', ' contaminants', ' raster', ' intrins']
    14038 |  -0.8202 | ['6', 'vertical', '7', 'ly', 'a']
      414 |  -0.8188 | [' morphologies', ' hemod', ' immunological', ' myel', ' biopsies']
     1177 |  -0.8187 | [' surpl', ' projectiles', ' detectors', 'рії', ' surfactants']
     4068 |  -0.8175 | [' how', ' cómo', ' bagaimana', ' what', ' hvordan']

============================================================
 Analyzing: fear
============================================================

 Statistics:
   Mean cosine: -0.031776
   Std cosine: 0.142436
   Max cosine: 0.609888
   Min cosine: -0.608272

 Top 50 MAX cosine features:
      Idx |   Cosine | Top Tokens
 -------- | -------- | ----------------------------------------
    41595 |   0.6099 | ['Gosudarstvennyj', 'Robertson', 'WILLIAM', ' phenolic', 'новниш']
    54712 |   0.6036 | ['the', ':', 'this', ' The', 'The']
     6569 |   0.6035 | ['!”', '<unused5>', 'юсь', ' कर्फ्यू', 'anbul']
     7262 |   0.6018 | [' murderous', ' capitán', ' aristocratic', ' hordes', ' raconte']
    26364 |   0.5961 | ['}$.', ' ("', ' (\\"', ' (', '*']
    23762 |   0.5954 | [' gangsters', ' pancakes', ' prawns', ' electrodes', ' avocado']
   125588 |   0.5938 | [' veldig', ' treason', ' moeilijk', ' sorely', ' väldigt']
    27123 |   0.5935 | ['\n', ' (', 'िय', ' and', '.']
    49042 |   0.5928 | [' νε', ' kinases', ' পানি', ' avenida', ' beaches']
     8065 |   0.5922 | ['-', ' and', 'son', 'J', 'I']

 Top 50 MIN cosine features:
      Idx |   Cosine | Top Tokens
 -------- | -------- | ----------------------------------------
     2317 |  -0.6083 | [' scalable', ' detailed', ' comprehensive', ' robust', ' extensive']
     3323 |  -0.6010 | [' benchmarks', ' obl', ' hashes', ' plasmids', ' undo']
    69682 |  -0.6006 | [' P', ' N', ' X', ' M', ' S']
     2610 |  -0.5991 | [' into', ' manually', ' from', ' tuple', ' parsing']
    30390 |  -0.5944 | ['Level', '2', ' Multi', 'Params', ' Index']
     1907 |  -0.5935 | [' terpenes', ' primitives', ' namespaces', ' descriptors', ' redundancies']
     5908 |  -0.5929 | [' некоторое', ' informazioni', ' информацию', ' informatie', ' información']
     4068 |  -0.5927 | [' how', ' cómo', ' bagaimana', ' what', ' hvordan']
     5480 |  -0.5921 | ['赶紧', 'ถ้า', 'Tenemos', 'Unfortunately', 'Good']
     3249 |  -0.5921 | [' мной', 'យើង', ' резко', '<(', '衽']

============================================================
 Analyzing: happiness
============================================================

 Statistics:
   Mean cosine: -0.027691
   Std cosine: 0.124715
   Max cosine: 0.535383
   Min cosine: -0.534777

 Top 50 MAX cosine features:
      Idx |   Cosine | Top Tokens
 -------- | -------- | ----------------------------------------
     7262 |   0.5354 | [' murderous', ' capitán', ' aristocratic', ' hordes', ' raconte']
     8350 |   0.5347 | [' colaborar', ' naš', '<unused2199>', ' yatırım', ' família']
    41595 |   0.5331 | ['Gosudarstvennyj', 'Robertson', 'WILLIAM', ' phenolic', 'новниш']
   125588 |   0.5230 | [' veldig', ' treason', ' moeilijk', ' sorely', ' väldigt']
     6780 |   0.5223 | [' website', ' blogs', 'www', ' www', ' сайті']
     8063 |   0.5215 | [' tycoon', '罗', '尼亚', 'โต', ' samurai']
    54712 |   0.5203 | ['the', ':', 'this', ' The', 'The']
     5122 |   0.5201 | [' pewno', 'ীবনী', ' sytuacji', ' sikap', ' xhrObj']
     2352 |   0.5196 | ['紀念', 'לי', 'ستين', '爾', ' memorial']
     7030 |   0.5193 | ['ul', ' and', '1', ' who', ' maail']

 Top 50 MIN cosine features:
      Idx |   Cosine | Top Tokens
 -------- | -------- | ----------------------------------------
     7806 |  -0.5348 | [' overridden', ' overwritten', ' dynamically', ' incorrectly', ' silently']
     7494 |  -0.5307 | [' subpopulations', ' analyte', ' senescence', ' nutritive', ' mitotic']
     2317 |  -0.5302 | [' scalable', ' detailed', ' comprehensive', ' robust', ' extensive']
    69682 |  -0.5256 | [' P', ' N', ' X', ' M', ' S']
    14038 |  -0.5255 | ['6', 'vertical', '7', 'ly', 'a']
    14222 |  -0.5233 | [' Index', ' mappings', '5', 'Int', ' Merge']
     2641 |  -0.5231 | [' wpły', ' intang', ' embol', ' hapl', ' contaminant']
    30390 |  -0.5210 | ['Level', '2', ' Multi', 'Params', ' Index']
     1907 |  -0.5209 | [' terpenes', ' primitives', ' namespaces', ' descriptors', ' redundancies']
    16074 |  -0.5205 | [' delineation', ' nanoparticle', ' contaminants', ' raster', ' intrins']

============================================================
 Analyzing: sadness
============================================================

 Statistics:
   Mean cosine: -0.029221
   Std cosine: 0.131408
   Max cosine: 0.576751
   Min cosine: -0.574699

 Top 50 MAX cosine features:
      Idx |   Cosine | Top Tokens
 -------- | -------- | ----------------------------------------
     1047 |   0.5768 | [' trembling', ' lágrimas', ' sobbing', ' glistening', ' muttered']
    41595 |   0.5698 | ['Gosudarstvennyj', 'Robertson', 'WILLIAM', ' phenolic', 'новниш']
     6569 |   0.5678 | ['!”', '<unused5>', 'юсь', ' कर्फ्यू', 'anbul']
    54712 |   0.5649 | ['the', ':', 'this', ' The', 'The']
     9474 |   0.5581 | [' दुनिया', '世界', 'atres', ' 세계', ' maail']
    26364 |   0.5575 | ['}$.', ' ("', ' (\\"', ' (', '*']
     7262 |   0.5573 | [' murderous', ' capitán', ' aristocratic', ' hordes', ' raconte']
    23762 |   0.5569 | [' gangsters', ' pancakes', ' prawns', ' electrodes', ' avocado']
     8063 |   0.5555 | [' tycoon', '罗', '尼亚', 'โต', ' samurai']
    53375 |   0.5545 | ['t', 'and', 'to', 'r', 'k']

 Top 50 MIN cosine features:
      Idx |   Cosine | Top Tokens
 -------- | -------- | ----------------------------------------
     4163 |  -0.5747 | ['/', ' অন্যান্য', ' infrastructure', ' accessories', ' other']
   152145 |  -0.5659 | [' variables', ' parsing', ' applic', ' abundances', ' heuristics']
     2317 |  -0.5651 | [' scalable', ' detailed', ' comprehensive', ' robust', ' extensive']
    21707 |  -0.5610 | [' lookup', ' disks', ' connectors', ' hulls', ' types']
    69682 |  -0.5609 | [' P', ' N', ' X', ' M', ' S']
     6524 |  -0.5588 | [' mules', ' designations', ' primitives', ' slaves', ' avenues']
    23427 |  -0.5569 | [' prerog', ' imputation', 'BleStatus', ' monocytes', ' malonyl']
     3323 |  -0.5563 | [' benchmarks', ' obl', ' hashes', ' plasmids', ' undo']
     1008 |  -0.5559 | [' investors', ' factories', 'std', ' we', 'factory']
     4742 |  -0.5552 | [' to', 'ients', 'ignal', ' a', 'lege']

============================================================
 Analyzing: surprise
============================================================

 Statistics:
   Mean cosine: -0.043631
   Std cosine: 0.193865
   Max cosine: 0.818272
   Min cosine: -0.819704

 Top 50 MAX cosine features:
      Idx |   Cosine | Top Tokens
 -------- | -------- | ----------------------------------------
    54712 |   0.8183 | ['the', ':', 'this', ' The', 'The']
    26364 |   0.8163 | ['}$.', ' ("', ' (\\"', ' (', '*']
    23762 |   0.8139 | [' gangsters', ' pancakes', ' prawns', ' electrodes', ' avocado']
    49042 |   0.8136 | [' νε', ' kinases', ' পানি', ' avenida', ' beaches']
    27123 |   0.8121 | ['\n', ' (', 'िय', ' and', '.']
     8065 |   0.8088 | ['-', ' and', 'son', 'J', 'I']
    35890 |   0.8055 | [' correctly', 'If', ' optionally', ' modulo', ' If']
    53375 |   0.8048 | ['t', 'and', 'to', 'r', 'k']
   108729 |   0.8042 | [' Retrieved', ' celebrates', ' uye', ' Finds', ' আৰু']
    41595 |   0.8036 | ['Gosudarstvennyj', 'Robertson', 'WILLIAM', ' phenolic', 'новниш']

 Top 50 MIN cosine features:
      Idx |   Cosine | Top Tokens
 -------- | -------- | ----------------------------------------
     3323 |  -0.8197 | [' benchmarks', ' obl', ' hashes', ' plasmids', ' undo']
     2317 |  -0.8137 | [' scalable', ' detailed', ' comprehensive', ' robust', ' extensive']
     1907 |  -0.8119 | [' terpenes', ' primitives', ' namespaces', ' descriptors', ' redundancies']
     6524 |  -0.8116 | [' mules', ' designations', ' primitives', ' slaves', ' avenues']
    30390 |  -0.8107 | ['Level', '2', ' Multi', 'Params', ' Index']
     3249 |  -0.8096 | [' мной', 'យើង', ' резко', '<(', '衽']
    16074 |  -0.8075 | [' delineation', ' nanoparticle', ' contaminants', ' raster', ' intrins']
    69682 |  -0.8075 | [' P', ' N', ' X', ' M', ' S']
     1177 |  -0.8070 | [' surpl', ' projectiles', ' detectors', 'рії', ' surfactants']
     5908 |  -0.8059 | [' некоторое', ' informazioni', ' информацию', ' informatie', ' información']


Results saved to gemmascope/outputs/steering_vector_analysis/textmeandiff_layer30_262k.summary.json

Done! Results saved to gemmascope/outputs/steering_vector_analysis/
