Python: /workspace-vast/annas/git/believe-it-or-not/.venv/bin/python
Starting autointerp for steering vector features...

=========================================
 Layer 50 Autointerp
=========================================
Loading B matrix analysis from gemmascope/outputs/steering_vector_analysis/textmeandiff_layer50_262k.summary.json
Will interpret 0 unique features across 2 groups
Loading example data from google/gemma-scope-2-27b-it/resid_post_all/layer_50_width_262k_l0_small/examples.safetensors
Example data keys: ['seq_ids', 'feature_frequencies', 'activations', 'bottom_logits', 'logit_effects', 'top_logits', 'bottom_tokens', 'positions', 'tokens', 'top_tokens']
  seq_ids: shape=torch.Size([262144, 1000]), dtype=torch.int64
  feature_frequencies: shape=torch.Size([262144]), dtype=torch.float64
  activations: shape=torch.Size([262144, 1000]), dtype=torch.float32
  bottom_logits: shape=torch.Size([262144, 10]), dtype=torch.float32
  logit_effects: shape=torch.Size([262144, 1000]), dtype=torch.float32
  top_logits: shape=torch.Size([262144, 10]), dtype=torch.float32
  bottom_tokens: shape=torch.Size([262144, 10]), dtype=torch.int32
  positions: shape=torch.Size([262144, 1000]), dtype=torch.int32
  tokens: shape=torch.Size([234435, 512]), dtype=torch.int32
  top_tokens: shape=torch.Size([262144, 10]), dtype=torch.int32
Loading tokenizer from google/gemma-3-27b-it...

Gathering examples for 0 features...

Interpreting features with 20 concurrent API calls...

Results saved to gemmascope/outputs/steering_vector_analysis/autointerp_layer50_262k.json

================================================================================
FEATURE INTERPRETATIONS BY GROUP
================================================================================

========================================
GROUP: B_max_cos
========================================

========================================
GROUP: B_min_cos
========================================

=========================================
 Layer 60 Autointerp
=========================================
Loading B matrix analysis from gemmascope/outputs/steering_vector_analysis/textmeandiff_layer60_262k.summary.json
Will interpret 0 unique features across 2 groups
Loading example data from google/gemma-scope-2-27b-it/resid_post_all/layer_60_width_262k_l0_small/examples.safetensors
Example data keys: ['seq_ids', 'feature_frequencies', 'activations', 'bottom_logits', 'logit_effects', 'top_logits', 'bottom_tokens', 'positions', 'tokens', 'top_tokens']
  seq_ids: shape=torch.Size([262144, 1000]), dtype=torch.int64
  feature_frequencies: shape=torch.Size([262144]), dtype=torch.float64
  activations: shape=torch.Size([262144, 1000]), dtype=torch.float32
  bottom_logits: shape=torch.Size([262144, 10]), dtype=torch.float32
  logit_effects: shape=torch.Size([262144, 1000]), dtype=torch.float32
  top_logits: shape=torch.Size([262144, 10]), dtype=torch.float32
  bottom_tokens: shape=torch.Size([262144, 10]), dtype=torch.int32
  positions: shape=torch.Size([262144, 1000]), dtype=torch.int32
  tokens: shape=torch.Size([234435, 512]), dtype=torch.int32
  top_tokens: shape=torch.Size([262144, 10]), dtype=torch.int32
Loading tokenizer from google/gemma-3-27b-it...

Gathering examples for 0 features...

Interpreting features with 20 concurrent API calls...

Results saved to gemmascope/outputs/steering_vector_analysis/autointerp_layer60_262k.json

================================================================================
FEATURE INTERPRETATIONS BY GROUP
================================================================================

========================================
GROUP: B_max_cos
========================================

========================================
GROUP: B_min_cos
========================================

Done!
